Component: ARM Compiler 5.06 update 6 (build 750) Tool: armlink [4d35ed]

==============================================================================

Section Cross References

    startup_stm32f10x_md.o(STACK) refers (Special) to heapauxi.o(.text) for __use_two_region_memory
    startup_stm32f10x_md.o(HEAP) refers (Special) to heapauxi.o(.text) for __use_two_region_memory
    startup_stm32f10x_md.o(RESET) refers (Special) to heapauxi.o(.text) for __use_two_region_memory
    startup_stm32f10x_md.o(RESET) refers to startup_stm32f10x_md.o(STACK) for __initial_sp
    startup_stm32f10x_md.o(RESET) refers to startup_stm32f10x_md.o(.text) for Reset_Handler
    startup_stm32f10x_md.o(RESET) refers to stm32f10x_it.o(i.NMI_Handler) for NMI_Handler
    startup_stm32f10x_md.o(RESET) refers to stm32f10x_it.o(i.HardFault_Handler) for HardFault_Handler
    startup_stm32f10x_md.o(RESET) refers to stm32f10x_it.o(i.MemManage_Handler) for MemManage_Handler
    startup_stm32f10x_md.o(RESET) refers to stm32f10x_it.o(i.BusFault_Handler) for BusFault_Handler
    startup_stm32f10x_md.o(RESET) refers to stm32f10x_it.o(i.UsageFault_Handler) for UsageFault_Handler
    startup_stm32f10x_md.o(RESET) refers to stm32f10x_it.o(i.SVC_Handler) for SVC_Handler
    startup_stm32f10x_md.o(RESET) refers to stm32f10x_it.o(i.DebugMon_Handler) for DebugMon_Handler
    startup_stm32f10x_md.o(RESET) refers to stm32f10x_it.o(i.PendSV_Handler) for PendSV_Handler
    startup_stm32f10x_md.o(RESET) refers to stm32f10x_it.o(i.SysTick_Handler) for SysTick_Handler
    startup_stm32f10x_md.o(RESET) refers to ws2812.o(i.DMA1_Channel2_IRQHandler) for DMA1_Channel2_IRQHandler
    startup_stm32f10x_md.o(RESET) refers to esp8266.o(i.USART1_IRQHandler) for USART1_IRQHandler
    startup_stm32f10x_md.o(.text) refers (Special) to heapauxi.o(.text) for __use_two_region_memory
    startup_stm32f10x_md.o(.text) refers to system_stm32f10x.o(i.SystemInit) for SystemInit
    startup_stm32f10x_md.o(.text) refers to __main.o(!!!main) for __main
    startup_stm32f10x_md.o(.text) refers to startup_stm32f10x_md.o(HEAP) for Heap_Mem
    startup_stm32f10x_md.o(.text) refers to startup_stm32f10x_md.o(STACK) for Stack_Mem
    system_stm32f10x.o(i.SetSysClock) refers to system_stm32f10x.o(i.SetSysClockTo72) for SetSysClockTo72
    system_stm32f10x.o(i.SystemCoreClockUpdate) refers to system_stm32f10x.o(.data) for SystemCoreClock
    system_stm32f10x.o(i.SystemInit) refers to system_stm32f10x.o(i.SetSysClock) for SetSysClock
    stm32f10x_adc.o(i.ADC_DeInit) refers to stm32f10x_rcc.o(i.RCC_APB2PeriphResetCmd) for RCC_APB2PeriphResetCmd
    stm32f10x_bkp.o(i.BKP_DeInit) refers to stm32f10x_rcc.o(i.RCC_BackupResetCmd) for RCC_BackupResetCmd
    stm32f10x_can.o(i.CAN_DeInit) refers to stm32f10x_rcc.o(i.RCC_APB1PeriphResetCmd) for RCC_APB1PeriphResetCmd
    stm32f10x_can.o(i.CAN_GetITStatus) refers to stm32f10x_can.o(i.CheckITStatus) for CheckITStatus
    stm32f10x_cec.o(i.CEC_DeInit) refers to stm32f10x_rcc.o(i.RCC_APB1PeriphResetCmd) for RCC_APB1PeriphResetCmd
    stm32f10x_dac.o(i.DAC_DeInit) refers to stm32f10x_rcc.o(i.RCC_APB1PeriphResetCmd) for RCC_APB1PeriphResetCmd
    stm32f10x_flash.o(i.FLASH_EnableWriteProtection) refers to stm32f10x_flash.o(i.FLASH_WaitForLastOperation) for FLASH_WaitForLastOperation
    stm32f10x_flash.o(i.FLASH_EraseAllBank1Pages) refers to stm32f10x_flash.o(i.FLASH_WaitForLastBank1Operation) for FLASH_WaitForLastBank1Operation
    stm32f10x_flash.o(i.FLASH_EraseAllPages) refers to stm32f10x_flash.o(i.FLASH_WaitForLastOperation) for FLASH_WaitForLastOperation
    stm32f10x_flash.o(i.FLASH_EraseOptionBytes) refers to stm32f10x_flash.o(i.FLASH_GetReadOutProtectionStatus) for FLASH_GetReadOutProtectionStatus
    stm32f10x_flash.o(i.FLASH_EraseOptionBytes) refers to stm32f10x_flash.o(i.FLASH_WaitForLastOperation) for FLASH_WaitForLastOperation
    stm32f10x_flash.o(i.FLASH_ErasePage) refers to stm32f10x_flash.o(i.FLASH_WaitForLastOperation) for FLASH_WaitForLastOperation
    stm32f10x_flash.o(i.FLASH_ProgramHalfWord) refers to stm32f10x_flash.o(i.FLASH_WaitForLastOperation) for FLASH_WaitForLastOperation
    stm32f10x_flash.o(i.FLASH_ProgramOptionByteData) refers to stm32f10x_flash.o(i.FLASH_WaitForLastOperation) for FLASH_WaitForLastOperation
    stm32f10x_flash.o(i.FLASH_ProgramWord) refers to stm32f10x_flash.o(i.FLASH_WaitForLastOperation) for FLASH_WaitForLastOperation
    stm32f10x_flash.o(i.FLASH_ReadOutProtection) refers to stm32f10x_flash.o(i.FLASH_WaitForLastOperation) for FLASH_WaitForLastOperation
    stm32f10x_flash.o(i.FLASH_UserOptionByteConfig) refers to stm32f10x_flash.o(i.FLASH_WaitForLastOperation) for FLASH_WaitForLastOperation
    stm32f10x_flash.o(i.FLASH_WaitForLastBank1Operation) refers to stm32f10x_flash.o(i.FLASH_GetBank1Status) for FLASH_GetBank1Status
    stm32f10x_flash.o(i.FLASH_WaitForLastOperation) refers to stm32f10x_flash.o(i.FLASH_GetBank1Status) for FLASH_GetBank1Status
[...]
    Removing stm32f10x_usart.o(i.USART_LINBreakDetectLengthConfig), (18 bytes).
    Removing stm32f10x_usart.o(i.USART_LINCmd), (24 bytes).
    Removing stm32f10x_usart.o(i.USART_OneBitMethodCmd), (24 bytes).
    Removing stm32f10x_usart.o(i.USART_OverSampling8Cmd), (22 bytes).
    Removing stm32f10x_usart.o(i.USART_ReceiveData), (10 bytes).
    Removing stm32f10x_usart.o(i.USART_ReceiverWakeUpCmd), (24 bytes).
    Removing stm32f10x_usart.o(i.USART_SendBreak), (10 bytes).
    Removing stm32f10x_usart.o(i.USART_SetAddress), (18 bytes).
    Removing stm32f10x_usart.o(i.USART_SetGuardTime), (16 bytes).
    Removing stm32f10x_usart.o(i.USART_SetPrescaler), (16 bytes).
    Removing stm32f10x_usart.o(i.USART_SmartCardCmd), (24 bytes).
    Removing stm32f10x_usart.o(i.USART_SmartCardNACKCmd), (24 bytes).
    Removing stm32f10x_usart.o(i.USART_StructInit), (24 bytes).
    Removing stm32f10x_usart.o(i.USART_WakeUpConfig), (18 bytes).
    Removing stm32f10x_wwdg.o(i.WWDG_ClearFlag), (12 bytes).
    Removing stm32f10x_wwdg.o(i.WWDG_DeInit), (22 bytes).
    Removing stm32f10x_wwdg.o(i.WWDG_Enable), (16 bytes).
    Removing stm32f10x_wwdg.o(i.WWDG_EnableIT), (12 bytes).
    Removing stm32f10x_wwdg.o(i.WWDG_GetFlagStatus), (12 bytes).
    Removing stm32f10x_wwdg.o(i.WWDG_SetCounter), (16 bytes).
    Removing stm32f10x_wwdg.o(i.WWDG_SetPrescaler), (24 bytes).
    Removing stm32f10x_wwdg.o(i.WWDG_SetWindowValue), (40 bytes).
    Removing main.o(.bss), (94 bytes).
    Removing beep.o(i.beepOff), (10 bytes).
    Removing beep.o(i.beepOn), (10 bytes).
    Removing rc522.o(i.PcdHalt), (50 bytes).
    Removing rc522.o(i.PcdWrite), (146 bytes).
    Removing delay.o(i.delay_us), (76 bytes).
    Removing sys.o(.emb_text), (6 bytes).
    Removing sys.o(i.INTX_DISABLE), (4 bytes).
    Removing sys.o(i.INTX_ENABLE), (4 bytes).
    Removing sys.o(i.WFI_SET), (4 bytes).
    Removing oled.o(i.OLED_DisPlay_Off), (28 bytes).
    Removing oled.o(i.OLED_DisPlay_On), (28 bytes).
    Removing oled.o(i.OLED_DrawCircle), (168 bytes).
    Removing oled.o(i.OLED_DrawLine), (172 bytes).
    Removing oled.o(i.OLED_Pow), (22 bytes).
    Removing oled.o(i.OLED_ScrollDisplay), (172 bytes).
    Removing oled.o(i.OLED_ShowChinese), (260 bytes).
    Removing oled.o(i.OLED_ShowNum), (140 bytes).
    Removing oled.o(i.OLED_ShowPicture), (214 bytes).
    Removing ws2812.o(i.rainbow), (56 bytes).
    Removing ws2812.o(i.ws2812bClear), (14 bytes).
    Removing ws2812.o(i.ws2812bSet_RGB), (52 bytes).
    Removing ws2812.o(i.ws2812bTest), (12 bytes).
    Removing servo.o(i.TIM3_PWM_Init), (144 bytes).
    Removing commonfunction.o(i.myatoi), (96 bytes).
    Removing commonfunction.o(i.myitoa), (98 bytes).

456 unused section(s) (total 18316 bytes) removed from the image.

==============================================================================

Image Symbol Table

    Local Symbols

    Symbol Name                              Value     Ov Type        Size  Object(Section)

    ../clib/angel/boardlib.s                 0x00000000   Number         0  boardshut.o ABSOLUTE
    ../clib/angel/boardlib.s                 0x00000000   Number         0  boardinit2.o ABSOLUTE
    ../clib/angel/boardlib.s                 0x00000000   Number         0  boardinit1.o ABSOLUTE
    ../clib/angel/boardlib.s                 0x00000000   Number         0  boardinit3.o ABSOLUTE
    ../clib/angel/dclz77c.s                  0x00000000   Number         0  __dclz77c.o ABSOLUTE
    ../clib/angel/handlers.s                 0x00000000   Number         0  __scatter_zi.o ABSOLUTE
    ../clib/angel/kernel.s                   0x00000000   Number         0  rtexit2.o ABSOLUTE
    ../clib/angel/kernel.s                   0x00000000   Number         0  rtexit.o ABSOLUTE
    ../clib/angel/kernel.s                   0x00000000   Number         0  __rtentry.o ABSOLUTE
    ../clib/angel/kernel.s                   0x00000000   Number         0  __rtentry2.o ABSOLUTE
    ../clib/angel/kernel.s                   0x00000000   Number         0  __rtentry4.o ABSOLUTE
    ../clib/angel/rt.s                       0x00000000   Number         0  rt_raise.o ABSOLUTE
    ../clib/angel/scatter.s                  0x00000000   Number         0  __scatter.o ABSOLUTE
    ../clib/angel/startup.s                  0x00000000   Number         0  __main.o ABSOLUTE
    ../clib/angel/sys.s                      0x00000000   Number         0  libspace.o ABSOLUTE
    ../clib/angel/sys.s                      0x00000000   Number         0  sys_stackheap_outer.o ABSOLUTE
    ../clib/angel/sys.s                      0x00000000   Number         0  indicate_semi.o ABSOLUTE
    ../clib/angel/sys.s                      0x00000000   Number         0  use_no_semi.o ABSOLUTE
    ../clib/angel/sysapp.c                   0x00000000   Number         0  sys_command.o ABSOLUTE
    ../clib/angel/sysapp.c                   0x00000000   Number         0  sys_wrch.o ABSOLUTE
    ../clib/angel/sysapp.c                   0x00000000   Number         0  sys_exit.o ABSOLUTE
    ../clib/armsys.c                         0x00000000   Number         0  argv_veneer.o ABSOLUTE
    ../clib/armsys.c                         0x00000000   Number         0  argv_veneer.o ABSOLUTE
    ../clib/armsys.c                         0x00000000   Number         0  no_argv.o ABSOLUTE
    ../clib/armsys.c                         0x00000000   Number         0  _get_argv_nomalloc.o ABSOLUTE
    ../clib/heapalloc.c                      0x00000000   Number         0  hrguard.o ABSOLUTE
    ../clib/heapaux.c                        0x00000000   Number         0  heapauxi.o ABSOLUTE
    ../clib/libinit.s                        0x00000000   Number         0  libshutdown2.o ABSOLUTE
    ../clib/libinit.s                        0x00000000   Number         0  libinit2.o ABSOLUTE
    ../clib/libinit.s                        0x00000000   Number         0  libshutdown.o ABSOLUTE
    ../clib/libinit.s                        0x00000000   Number         0  libinit.o ABSOLUTE
    ../clib/memcpset.s                       0x00000000   Number         0  rt_memcpy_w.o ABSOLUTE
    ../clib/memcpset.s                       0x00000000   Number         0  rt_memclr.o ABSOLUTE
    ../clib/memcpset.s                       0x00000000   Number         0  rt_memclr_w.o ABSOLUTE
    ../clib/signal.c                         0x00000000   Number         0  defsig_rtmem_formal.o ABSOLUTE
    ../clib/signal.c                         0x00000000   Number         0  defsig_rtmem_outer.o ABSOLUTE
    ../clib/signal.c                         0x00000000   Number         0  defsig_exit.o ABSOLUTE
    ../clib/signal.c                         0x00000000   Number         0  __raise.o ABSOLUTE
    ../clib/signal.c                         0x00000000   Number         0  defsig_general.o ABSOLUTE
    ../clib/signal.c                         0x00000000   Number         0  defsig_rtmem_inner.o ABSOLUTE
    ../clib/signal.c                         0x00000000   Number         0  defsig_abrt_inner.o ABSOLUTE
    ../clib/signal.c                         0x00000000   Number         0  defsig_rtred_inner.o ABSOLUTE
    ../clib/signal.c                         0x00000000   Number         0  defsig_stak_inner.o ABSOLUTE
    ../clib/signal.c                         0x00000000   Number         0  defsig_pvfn_inner.o ABSOLUTE
    ../clib/signal.c                         0x00000000   Number         0  defsig_cppl_inner.o ABSOLUTE
    ../clib/signal.c                         0x00000000   Number         0  defsig_segv_inner.o ABSOLUTE
    ../clib/signal.c                         0x00000000   Number         0  defsig_other.o ABSOLUTE
    ../clib/signal.c                         0x00000000   Number         0  defsig_fpe_inner.o ABSOLUTE
    ../clib/signal.s                         0x00000000   Number         0  defsig.o ABSOLUTE
    ../clib/stdlib.c                         0x00000000   Number         0  exit.o ABSOLUTE
    ../clib/string.c                         0x00000000   Number         0  strstr.o ABSOLUTE
    ../clib/string.c                         0x00000000   Number         0  strlen.o ABSOLUTE
    ../clib/string.c                         0x00000000   Number         0  strcat.o ABSOLUTE
    ../fplib/fpinit.s                        0x00000000   Number         0  fpinit.o ABSOLUTE
    ..\Hardware\Beep\beep.c                  0x00000000   Number         0  beep.o ABSOLUTE
    ..\Hardware\ESP8622\esp8266.c            0x00000000   Number         0  esp8266.o ABSOLUTE
    ..\Hardware\MFRC522\RC522.C              0x00000000   Number         0  rc522.o ABSOLUTE
    ..\Hardware\OLED\oled.c                  0x00000000   Number         0  oled.o ABSOLUTE
    ..\Hardware\WS2812\ws2812.c              0x00000000   Number         0  ws2812.o ABSOLUTE
    ..\Hardware\button\button.c              0x00000000   Number         0  button.o ABSOLUTE
    ..\Hardware\commonfunction\commonfunction.c 0x00000000   Number         0  commonfunction.o ABSOLUTE
    ..\Hardware\delay\delay.c                0x00000000   Number         0  delay.o ABSOLUTE
    ..\Hardware\rand\rand.c                  0x00000000   Number         0  rand.o ABSOLUTE
    ..\Hardware\relay\relay.c                0x00000000   Number         0  relay.o ABSOLUTE
    ..\Hardware\servo\servo.c                0x00000000   Number         0  servo.o ABSOLUTE
    ..\Hardware\sys\sys.c                    0x00000000   Number         0  sys.o ABSOLUTE
    ..\Hardware\usart\usart.c                0x00000000   Number         0  usart.o ABSOLUTE
    ..\Libraries\CMSIS\CM3\CoreSupport\core_cm3.c 0x00000000   Number         0  core_cm3.o ABSOLUTE
    ..\Libraries\CMSIS\CM3\DeviceSupport\ST\STM32F10x\startup\arm\startup_stm32f10x_md.s 0x00000000   Number         0  startup_stm32f10x_md.o ABSOLUTE
    ..\Libraries\CMSIS\CM3\DeviceSupport\ST\STM32F10x\system_stm32f10x.c 0x00000000   Number         0  system_stm32f10x.o ABSOLUTE
    ..\Libraries\STM32F10x_StdPeriph_Driver\src\misc.c 0x00000000   Number         0  misc.o ABSOLUTE
    ..\Libraries\STM32F10x_StdPeriph_Driver\src\stm32f10x_adc.c 0x00000000   Number         0  stm32f10x_adc.o ABSOLUTE
    ..\Libraries\STM32F10x_StdPeriph_Driver\src\stm32f10x_bkp.c 0x00000000   Number         0  stm32f10x_bkp.o ABSOLUTE
    ..\Libraries\STM32F10x_StdPeriph_Driver\src\stm32f10x_can.c 0x00000000   Number         0  stm32f10x_can.o ABSOLUTE
    ..\Libraries\STM32F10x_StdPeriph_Driver\src\stm32f10x_cec.c 0x00000000   Number         0  stm32f10x_cec.o ABSOLUTE
    ..\Libraries\STM32F10x_StdPeriph_Driver\src\stm32f10x_crc.c 0x00000000   Number         0  stm32f10x_crc.o ABSOLUTE
    ..\Libraries\STM32F10x_StdPeriph_Driver\src\stm32f10x_dac.c 0x00000000   Number         0  stm32f10x_dac.o ABSOLUTE
    ..\Libraries\STM32F10x_StdPeriph_Driver\src\stm32f10x_dbgmcu.c 0x00000000   Number         0  stm32f10x_dbgmcu.o ABSOLUTE
    ..\Libraries\STM32F10x_StdPeriph_Driver\src\stm32f10x_dma.c 0x00000000   Number         0  stm32f10x_dma.o ABSOLUTE
    ..\Libraries\STM32F10x_StdPeriph_Driver\src\stm32f10x_exti.c 0x00000000   Number         0  stm32f10x_exti.o ABSOLUTE
    ..\Libraries\STM32F10x_StdPeriph_Driver\src\stm32f10x_flash.c 0x00000000   Number         0  stm32f10x_flash.o ABSOLUTE
    ..\Libraries\STM32F10x_StdPeriph_Driver\src\stm32f10x_fsmc.c 0x00000000   Number         0  stm32f10x_fsmc.o ABSOLUTE
    ..\Libraries\STM32F10x_StdPeriph_Driver\src\stm32f10x_gpio.c 0x00000000   Number         0  stm32f10x_gpio.o ABSOLUTE
    ..\Libraries\STM32F10x_StdPeriph_Driver\src\stm32f10x_i2c.c 0x00000000   Number         0  stm32f10x_i2c.o ABSOLUTE
    ..\Libraries\STM32F10x_StdPeriph_Driver\src\stm32f10x_iwdg.c 0x00000000   Number         0  stm32f10x_iwdg.o ABSOLUTE
    ..\Libraries\STM32F10x_StdPeriph_Driver\src\stm32f10x_pwr.c 0x00000000   Number         0  stm32f10x_pwr.o ABSOLUTE
    ..\Libraries\STM32F10x_StdPeriph_Driver\src\stm32f10x_rcc.c 0x00000000   Number         0  stm32f10x_rcc.o ABSOLUTE
    ..\Libraries\STM32F10x_StdPeriph_Driver\src\stm32f10x_rtc.c 0x00000000   Number         0  stm32f10x_rtc.o ABSOLUTE
    ..\Libraries\STM32F10x_StdPeriph_Driver\src\stm32f10x_sdio.c 0x00000000   Number         0  stm32f10x_sdio.o ABSOLUTE
    ..\Libraries\STM32F10x_StdPeriph_Driver\src\stm32f10x_spi.c 0x00000000   Number         0  stm32f10x_spi.o ABSOLUTE
    ..\Libraries\STM32F10x_StdPeriph_Driver\src\stm32f10x_tim.c 0x00000000   Number         0  stm32f10x_tim.o ABSOLUTE
    ..\Libraries\STM32F10x_StdPeriph_Driver\src\stm32f10x_usart.c 0x00000000   Number         0  stm32f10x_usart.o ABSOLUTE
    ..\Libraries\STM32F10x_StdPeriph_Driver\src\stm32f10x_wwdg.c 0x00000000   Number         0  stm32f10x_wwdg.o ABSOLUTE
    ..\\Hardware\\sys\\sys.c                 0x00000000   Number         0  sys.o ABSOLUTE
    ..\\Libraries\\CMSIS\\CM3\\CoreSupport\\core_cm3.c 0x00000000   Number         0  core_cm3.o ABSOLUTE
    dc.s                                     0x00000000   Number         0  dc.o ABSOLUTE
    main.c                                   0x00000000   Number         0  main.o ABSOLUTE
    stm32f10x_it.c                           0x00000000   Number         0  stm32f10x_it.o ABSOLUTE
    test.c                                   0x00000000   Number         0  test.o ABSOLUTE
    RESET                                    0x08000000   Section      236  startup_stm32f10x_md.o(RESET)
    !!!main                                  0x080000ec   Section        8  __main.o(!!!main)
    !!!scatter                               0x080000f4   Section       52  __scatter.o(!!!scatter)
    !!dclz77c                                0x08000128   Section      100  __dclz77c.o(!!dclz77c)
    !!handler_zi                             0x0800018c   Section       28  __scatter_zi.o(!!handler_zi)
    .ARM.Collect$$libinit$$00000000          0x080001a8   Section        2  libinit.o(.ARM.Collect$$libinit$$00000000)
    .ARM.Collect$$libinit$$00000002          0x080001aa   Section        0  libinit2.o(.ARM.Collect$$libinit$$00000002)
    .ARM.Collect$$libinit$$00000004          0x080001aa   Section        0  libinit2.o(.ARM.Collect$$libinit$$00000004)
    .ARM.Collect$$libinit$$0000000A          0x080001aa   Section        0  libinit2.o(.ARM.Collect$$libinit$$0000000A)
    .ARM.Collect$$libinit$$0000000C          0x080001aa   Section        0  libinit2.o(.ARM.Collect$$libinit$$0000000C)
    .ARM.Collect$$libinit$$0000000E          0x080001aa   Section        0  libinit2.o(.ARM.Collect$$libinit$$0000000E)
    .ARM.Collect$$libinit$$00000011          0x080001aa   Section        0  libinit2.o(.ARM.Collect$$libinit$$00000011)
    .ARM.Collect$$libinit$$00000013          0x080001aa   Section        0  libinit2.o(.ARM.Collect$$libinit$$00000013)
    .ARM.Collect$$libinit$$00000015          0x080001aa   Section        0  libinit2.o(.ARM.Collect$$libinit$$00000015)
    .ARM.Collect$$libinit$$00000017          0x080001aa   Section        0  libinit2.o(.ARM.Collect$$libinit$$00000017)
    .ARM.Collect$$libinit$$00000019          0x080001aa   Section        0  libinit2.o(.ARM.Collect$$libinit$$00000019)
    .ARM.Collect$$libinit$$0000001B          0x080001aa   Section        0  libinit2.o(.ARM.Collect$$libinit$$0000001B)
    .ARM.Collect$$libinit$$0000001D          0x080001aa   Section        0  libinit2.o(.ARM.Collect$$libinit$$0000001D)
    .ARM.Collect$$libinit$$0000001F          0x080001aa   Section        0  libinit2.o(.ARM.Collect$$libinit$$0000001F)
    .ARM.Collect$$libinit$$00000021          0x080001aa   Section        0  libinit2.o(.ARM.Collect$$libinit$$00000021)
    .ARM.Collect$$libinit$$00000023          0x080001aa   Section        0  libinit2.o(.ARM.Collect$$libinit$$00000023)
    .ARM.Collect$$libinit$$00000025          0x080001aa   Section        0  libinit2.o(.ARM.Collect$$libinit$$00000025)
    .ARM.Collect$$libinit$$0000002C          0x080001aa   Section        0  libinit2.o(.ARM.Collect$$libinit$$0000002C)
    .ARM.Collect$$libinit$$0000002E          0x080001aa   Section        0  libinit2.o(.ARM.Collect$$libinit$$0000002E)
    .ARM.Collect$$libinit$$00000030          0x080001aa   Section        0  libinit2.o(.ARM.Collect$$libinit$$00000030)
    .ARM.Collect$$libinit$$00000032          0x080001aa   Section        0  libinit2.o(.ARM.Collect$$libinit$$00000032)
    .ARM.Collect$$libinit$$00000033          0x080001aa   Section        2  libinit2.o(.ARM.Collect$$libinit$$00000033)
    .ARM.Collect$$libshutdown$$00000000      0x080001ac   Section        2  libshutdown.o(.ARM.Collect$$libshutdown$$00000000)
    .ARM.Collect$$libshutdown$$00000002      0x080001ae   Section        0  libshutdown2.o(.ARM.Collect$$libshutdown$$00000002)
    .ARM.Collect$$libshutdown$$00000004      0x080001ae   Section        0  libshutdown2.o(.ARM.Collect$$libshutdown$$00000004)
    .ARM.Collect$$libshutdown$$00000007      0x080001ae   Section        0  libshutdown2.o(.ARM.Collect$$libshutdown$$00000007)
    .ARM.Collect$$libshutdown$$0000000A      0x080001ae   Section        0  libshutdown2.o(.ARM.Collect$$libshutdown$$0000000A)
    .ARM.Collect$$libshutdown$$0000000C      0x080001ae   Section        0  libshutdown2.o(.ARM.Collect$$libshutdown$$0000000C)
    .ARM.Collect$$libshutdown$$0000000F      0x080001ae   Section        0  libshutdown2.o(.ARM.Collect$$libshutdown$$0000000F)
    .ARM.Collect$$libshutdown$$00000010      0x080001ae   Section        2  libshutdown2.o(.ARM.Collect$$libshutdown$$00000010)
    .ARM.Collect$$rtentry$$00000000          0x080001b0   Section        0  __rtentry.o(.ARM.Collect$$rtentry$$00000000)
    .ARM.Collect$$rtentry$$00000002          0x080001b0   Section        0  __rtentry2.o(.ARM.Collect$$rtentry$$00000002)
    .ARM.Collect$$rtentry$$00000004          0x080001b0   Section        6  __rtentry4.o(.ARM.Collect$$rtentry$$00000004)
    .ARM.Collect$$rtentry$$00000009          0x080001b6   Section        0  __rtentry2.o(.ARM.Collect$$rtentry$$00000009)
    .ARM.Collect$$rtentry$$0000000A          0x080001b6   Section        4  __rtentry2.o(.ARM.Collect$$rtentry$$0000000A)
    .ARM.Collect$$rtentry$$0000000C          0x080001ba   Section        0  __rtentry2.o(.ARM.Collect$$rtentry$$0000000C)
    .ARM.Collect$$rtentry$$0000000D          0x080001ba   Section        8  __rtentry2.o(.ARM.Collect$$rtentry$$0000000D)
    .ARM.Collect$$rtexit$$00000000           0x080001c2   Section        2  rtexit.o(.ARM.Collect$$rtexit$$00000000)
    .ARM.Collect$$rtexit$$00000002           0x080001c4   Section        0  rtexit2.o(.ARM.Collect$$rtexit$$00000002)
    .ARM.Collect$$rtexit$$00000003           0x080001c4   Section        4  rtexit2.o(.ARM.Collect$$rtexit$$00000003)
    .ARM.Collect$$rtexit$$00000004           0x080001c8   Section        6  rtexit2.o(.ARM.Collect$$rtexit$$00000004)
    .text                                    0x080001d0   Section       64  startup_stm32f10x_md.o(.text)
    .text                                    0x08000210   Section        0  strstr.o(.text)
    .text                                    0x08000234   Section        0  strlen.o(.text)
    .text                                    0x08000272   Section        0  strcat.o(.text)
    .text                                    0x0800028a   Section      100  rt_memcpy_w.o(.text)
    .text                                    0x080002ee   Section       68  rt_memclr.o(.text)
    .text                                    0x08000332   Section       78  rt_memclr_w.o(.text)
    .text                                    0x08000380   Section        0  heapauxi.o(.text)
    .text                                    0x08000386   Section       74  sys_stackheap_outer.o(.text)
    .text                                    0x080003d0   Section        0  exit.o(.text)
    .text                                    0x080003e4   Section        8  libspace.o(.text)
    .text                                    0x080003ec   Section        0  sys_exit.o(.text)
    .text                                    0x080003f8   Section        2  use_no_semi.o(.text)
    .text                                    0x080003fa   Section        0  indicate_semi.o(.text)
    i.ADC_Cmd                                0x080003fa   Section        0  stm32f10x_adc.o(i.ADC_Cmd)
    i.ADC_DeInit                             0x08000410   Section        0  stm32f10x_adc.o(i.ADC_DeInit)
    i.ADC_GetCalibrationStatus               0x0800046c   Section        0  stm32f10x_adc.o(i.ADC_GetCalibrationStatus)
    i.ADC_GetConversionValue                 0x08000480   Section        0  stm32f10x_adc.o(i.ADC_GetConversionValue)
    i.ADC_GetFlagStatus                      0x08000488   Section        0  stm32f10x_adc.o(i.ADC_GetFlagStatus)
    i.ADC_GetResetCalibrationStatus          0x0800049a   Section        0  stm32f10x_adc.o(i.ADC_GetResetCalibrationStatus)
    i.ADC_Init                               0x080004b0   Section        0  stm32f10x_adc.o(i.ADC_Init)
    i.ADC_RegularChannelConfig               0x08000500   Section        0  stm32f10x_adc.o(i.ADC_RegularChannelConfig)
    i.ADC_ResetCalibration                   0x080005b8   Section        0  stm32f10x_adc.o(i.ADC_ResetCalibration)
    i.ADC_SoftwareStartConvCmd               0x080005c2   Section        0  stm32f10x_adc.o(i.ADC_SoftwareStartConvCmd)
    i.ADC_StartCalibration                   0x080005d8   Section        0  stm32f10x_adc.o(i.ADC_StartCalibration)
    i.BusFault_Handler                       0x080005e2   Section        0  stm32f10x_it.o(i.BusFault_Handler)
    i.CalulateCRC                            0x080005e6   Section        0  rc522.o(i.CalulateCRC)
    i.ClearBitMask                           0x08000652   Section        0  rc522.o(i.ClearBitMask)
    i.DMA1_Channel2_IRQHandler               0x08000670   Section        0  ws2812.o(i.DMA1_Channel2_IRQHandler)
    i.DMA_ClearFlag                          0x080006a4   Section        0  stm32f10x_dma.o(i.DMA_ClearFlag)
    i.DMA_ClearITPendingBit                  0x080006c0   Section        0  stm32f10x_dma.o(i.DMA_ClearITPendingBit)
    i.DMA_Cmd                                0x080006dc   Section        0  stm32f10x_dma.o(i.DMA_Cmd)
    i.DMA_DeInit                             0x080006f4   Section        0  stm32f10x_dma.o(i.DMA_DeInit)
    i.DMA_ITConfig                           0x08000840   Section        0  stm32f10x_dma.o(i.DMA_ITConfig)
    i.DMA_Init                               0x08000852   Section        0  stm32f10x_dma.o(i.DMA_Init)
    i.DMA_SetCurrDataCounter                 0x0800088e   Section        0  stm32f10x_dma.o(i.DMA_SetCurrDataCounter)
    i.DebugMon_Handler                       0x08000892   Section        0  stm32f10x_it.o(i.DebugMon_Handler)
    i.ESP8266_Init                           0x08000894   Section        0  esp8266.o(i.ESP8266_Init)
    i.ESP8266_Send_Answer                    0x080008a4   Section        0  esp8266.o(i.ESP8266_Send_Answer)
    i.GPIO_Init                              0x0800090c   Section        0  stm32f10x_gpio.o(i.GPIO_Init)
    i.GPIO_ReadInputDataBit                  0x08000a22   Section        0  stm32f10x_gpio.o(i.GPIO_ReadInputDataBit)
    i.GPIO_ResetBits                         0x08000a34   Section        0  stm32f10x_gpio.o(i.GPIO_ResetBits)
    i.GPIO_SetBits                           0x08000a38   Section        0  stm32f10x_gpio.o(i.GPIO_SetBits)
    i.GPIO_WriteBit                          0x08000a3c   Section        0  stm32f10x_gpio.o(i.GPIO_WriteBit)
    i.GRB_to_RGB                             0x08000a46   Section        0  ws2812.o(i.GRB_to_RGB)
    i.HardFault_Handler                      0x08000a74   Section        0  stm32f10x_it.o(i.HardFault_Handler)
    i.HexToStr                               0x08000a78   Section        0  commonfunction.o(i.HexToStr)
    i.I2C_Start                              0x08000b04   Section        0  oled.o(i.I2C_Start)
    i.I2C_Stop                               0x08000b38   Section        0  oled.o(i.I2C_Stop)
    i.I2C_WaitAck                            0x08000b5c   Section        0  oled.o(i.I2C_WaitAck)
    i.IIC_delay                              0x08000b88   Section        0  oled.o(i.IIC_delay)
    i.Key_Scan                               0x08000b98   Section        0  button.o(i.Key_Scan)
    i.M500PcdConfigISOType                   0x08000bbe   Section        0  rc522.o(i.M500PcdConfigISOType)
    i.MemManage_Handler                      0x08000c1a   Section        0  stm32f10x_it.o(i.MemManage_Handler)
    i.NMI_Handler                            0x08000c1e   Section        0  stm32f10x_it.o(i.NMI_Handler)
    i.NVIC_Init                              0x08000c20   Section        0  misc.o(i.NVIC_Init)
    i.OLED_Clear                             0x08000c90   Section        0  oled.o(i.OLED_Clear)
    i.OLED_ColorTurn                         0x08000cc0   Section        0  oled.o(i.OLED_ColorTurn)
    i.OLED_DisplayTurn                       0x08000cdc   Section        0  oled.o(i.OLED_DisplayTurn)
    i.OLED_DrawPoint                         0x08000d08   Section        0  oled.o(i.OLED_DrawPoint)
    i.OLED_Init                              0x08000d80   Section        0  oled.o(i.OLED_Init)
    i.OLED_Refresh                           0x08000ed4   Section        0  oled.o(i.OLED_Refresh)
    i.OLED_ShowChar                          0x08000f3c   Section        0  oled.o(i.OLED_ShowChar)
    i.OLED_ShowString                        0x08001078   Section        0  oled.o(i.OLED_ShowString)
    i.OLED_WR_Byte                           0x080010c2   Section        0  oled.o(i.OLED_WR_Byte)
    i.PcdAntennaOff                          0x080010fa   Section        0  rc522.o(i.PcdAntennaOff)
    i.PcdAntennaOn                           0x08001106   Section        0  rc522.o(i.PcdAntennaOn)
    i.PcdAnticoll                            0x08001120   Section        0  rc522.o(i.PcdAnticoll)
    i.PcdAuthState                           0x08001190   Section        0  rc522.o(i.PcdAuthState)
    i.PcdComMF522                            0x080011fe   Section        0  rc522.o(i.PcdComMF522)
    i.PcdRead                                0x08001330   Section        0  rc522.o(i.PcdRead)
    i.PcdRequest                             0x08001384   Section        0  rc522.o(i.PcdRequest)
    i.PcdReset                               0x080013d8   Section        0  rc522.o(i.PcdReset)
    i.PcdSelect                              0x08001490   Section        0  rc522.o(i.PcdSelect)
    i.PendSV_Handler                         0x08001502   Section        0  stm32f10x_it.o(i.PendSV_Handler)
    i.RC522_Init                             0x08001504   Section        0  rc522.o(i.RC522_Init)
    i.RC522_System_Init                      0x080015e0   Section        0  main.o(i.RC522_System_Init)
    i.RCC_AHBPeriphClockCmd                  0x08001678   Section        0  stm32f10x_rcc.o(i.RCC_AHBPeriphClockCmd)
    i.RCC_APB1PeriphResetCmd                 0x08001698   Section        0  stm32f10x_rcc.o(i.RCC_APB1PeriphResetCmd)
    i.RCC_APB2PeriphClockCmd                 0x080016b8   Section        0  stm32f10x_rcc.o(i.RCC_APB2PeriphClockCmd)
    i.RCC_APB2PeriphResetCmd                 0x080016d8   Section        0  stm32f10x_rcc.o(i.RCC_APB2PeriphResetCmd)
    i.RCC_GetClocksFreq                      0x080016f8   Section        0  stm32f10x_rcc.o(i.RCC_GetClocksFreq)
    i.ReadRawRC                              0x080017cc   Section        0  rc522.o(i.ReadRawRC)
    i.SVC_Handler                            0x08001868   Section        0  stm32f10x_it.o(i.SVC_Handler)
    i.Send_Byte                              0x0800186c   Section        0  oled.o(i.Send_Byte)
    i.SetBitMask                             0x080018b8   Section        0  rc522.o(i.SetBitMask)
    i.SetSysClock                            0x080018d4   Section        0  system_stm32f10x.o(i.SetSysClock)
    SetSysClock                              0x080018d5   Thumb Code     8  system_stm32f10x.o(i.SetSysClock)
    i.SetSysClockTo72                        0x080018dc   Section        0  system_stm32f10x.o(i.SetSysClockTo72)
    SetSysClockTo72                          0x080018dd   Thumb Code   214  system_stm32f10x.o(i.SetSysClockTo72)
    i.SysTick_CLKSourceConfig                0x080019bc   Section        0  misc.o(i.SysTick_CLKSourceConfig)
    i.SysTick_Handler                        0x080019e4   Section        0  stm32f10x_it.o(i.SysTick_Handler)
    i.SystemInit                             0x080019e8   Section        0  system_stm32f10x.o(i.SystemInit)
    i.TIM_ARRPreloadConfig                   0x08001a48   Section        0  stm32f10x_tim.o(i.TIM_ARRPreloadConfig)
    i.TIM_Cmd                                0x08001a60   Section        0  stm32f10x_tim.o(i.TIM_Cmd)
    i.TIM_CtrlPWMOutputs                     0x08001a78   Section        0  stm32f10x_tim.o(i.TIM_CtrlPWMOutputs)
    i.TIM_DMACmd                             0x08001a96   Section        0  stm32f10x_tim.o(i.TIM_DMACmd)
    i.TIM_DeInit                             0x08001aa8   Section        0  stm32f10x_tim.o(i.TIM_DeInit)
    i.TIM_OC1Init                            0x08001c90   Section        0  stm32f10x_tim.o(i.TIM_OC1Init)
    i.TIM_OC1PreloadConfig                   0x08001d28   Section        0  stm32f10x_tim.o(i.TIM_OC1PreloadConfig)
    i.TIM_TimeBaseInit                       0x08001d3c   Section        0  stm32f10x_tim.o(i.TIM_TimeBaseInit)
    i.USART1_IRQHandler                      0x08001de0   Section        0  esp8266.o(i.USART1_IRQHandler)
    i.USART1_Send_Data                       0x08001e24   Section        0  esp8266.o(i.USART1_Send_Data)
    i.USART_Cmd                              0x08001e54   Section        0  stm32f10x_usart.o(i.USART_Cmd)
    i.USART_GetFlagStatus                    0x08001e6c   Section        0  stm32f10x_usart.o(i.USART_GetFlagStatus)
    i.USART_GetITStatus                      0x08001e86   Section        0  stm32f10x_usart.o(i.USART_GetITStatus)
    i.USART_ITConfig                         0x08001eda   Section        0  stm32f10x_usart.o(i.USART_ITConfig)
    i.USART_Init                             0x08001f24   Section        0  stm32f10x_usart.o(i.USART_Init)
    i.USART_SendData                         0x08001ffc   Section        0  stm32f10x_usart.o(i.USART_SendData)
    i.Uart1_Init                             0x08002004   Section        0  esp8266.o(i.Uart1_Init)
    i.UsageFault_Handler                     0x080020e0   Section        0  stm32f10x_it.o(i.UsageFault_Handler)
    i.WaitCardOff                            0x080020e4   Section        0  rc522.o(i.WaitCardOff)
    i.Wheel                                  0x08002116   Section        0  ws2812.o(i.Wheel)
    i.WriteRawRC                             0x08002170   Section        0  rc522.o(i.WriteRawRC)
    i.beepInit                               0x08002218   Section        0  beep.o(i.beepInit)
    i.beepOneSecOn                           0x0800224c   Section        0  beep.o(i.beepOneSecOn)
    i.beepState                              0x08002264   Section        0  beep.o(i.beepState)
    i.buttonInit                             0x08002278   Section        0  button.o(i.buttonInit)
    i.delay_10ms                             0x080022a2   Section        0  rc522.o(i.delay_10ms)
    i.delay_init                             0x080022bc   Section        0  delay.o(i.delay_init)
    i.delay_ms                               0x08002300   Section        0  delay.o(i.delay_ms)
    i.genRandCode                            0x0800234c   Section        0  main.o(i.genRandCode)
    i.getRND                                 0x080023ec   Section        0  rand.o(i.getRND)
    i.initRND                                0x08002464   Section        0  rand.o(i.initRND)
    i.main                                   0x08002500   Section        0  main.o(i.main)
    i.rainbowCycle                           0x08002eb0   Section        0  ws2812.o(i.rainbowCycle)
    i.relay_init                             0x08002ef8   Section        0  relay.o(i.relay_init)
    i.relay_off                              0x08002f24   Section        0  relay.o(i.relay_off)
    i.relay_on                               0x08002f34   Section        0  relay.o(i.relay_on)
    i.setvalue                               0x08002f44   Section        0  ws2812.o(i.setvalue)
    i.ws2812bClearAll                        0x08002f68   Section        0  ws2812.o(i.ws2812bClearAll)
    i.ws2812bInit                            0x08002fa4   Section        0  ws2812.o(i.ws2812bInit)
    i.ws2812bSend                            0x080030d0   Section        0  ws2812.o(i.ws2812bSend)
    ws2812bSend                              0x080030d1   Thumb Code    38  ws2812.o(i.ws2812bSend)
    i.ws2812bSet                             0x08003100   Section        0  ws2812.o(i.ws2812bSet)
    i.ws2812bSetAll                          0x080031a0   Section        0  ws2812.o(i.ws2812bSetAll)
    .constdata                               0x080031ae   Section     7696  oled.o(.constdata)
    .constdata                               0x08004fc0   Section       32  esp8266.o(.constdata)
    .data                                    0x20000000   Section       20  system_stm32f10x.o(.data)
    .data                                    0x20000014   Section       20  stm32f10x_rcc.o(.data)
    APBAHBPrescTable                         0x20000014   Data          16  stm32f10x_rcc.o(.data)
    ADCPrescTable                            0x20000024   Data           4  stm32f10x_rcc.o(.data)
    .data                                    0x20000028   Section     2109  main.o(.data)
    .data                                    0x20000866   Section        4  delay.o(.data)
    fac_us                                   0x20000866   Data           1  delay.o(.data)
    fac_ms                                   0x20000868   Data           2  delay.o(.data)
    .data                                    0x2000086a   Section        2  esp8266.o(.data)
    .data                                    0x2000086c   Section       10  ws2812.o(.data)
    isInited                                 0x2000086c   Data           1  ws2812.o(.data)
    GPIO_InitStruct                          0x2000086e   Data           4  ws2812.o(.data)
    NVIC_InitStructure                       0x20000872   Data           4  ws2812.o(.data)
    .data                                    0x20000876   Section        1  rand.o(.data)
    isInitRND                                0x20000876   Data           1  rand.o(.data)
    .bss                                     0x20000878   Section     1152  oled.o(.bss)
    .bss                                     0x20000cf8   Section      128  esp8266.o(.bss)
    .bss                                     0x20000d78   Section      540  ws2812.o(.bss)
    ws2812bBuff                              0x20000d78   Data         470  ws2812.o(.bss)
    TIM_TimeBaseStruct                       0x20000f4e   Data          10  ws2812.o(.bss)
    TIM_OCInitStruct                         0x20000f58   Data          16  ws2812.o(.bss)
    DMA_InitStruct                           0x20000f68   Data          44  ws2812.o(.bss)
    .bss                                     0x20000f94   Section       96  libspace.o(.bss)
    HEAP                                     0x20000ff8   Section      512  startup_stm32f10x_md.o(HEAP)
    Heap_Mem                                 0x20000ff8   Data         512  startup_stm32f10x_md.o(HEAP)
    STACK                                    0x200011f8   Section     1024  startup_stm32f10x_md.o(STACK)
    Stack_Mem                                0x200011f8   Data        1024  startup_stm32f10x_md.o(STACK)
    __initial_sp                             0x200015f8   Data           0  startup_stm32f10x_md.o(STACK)

    Global Symbols

    Symbol Name                              Value     Ov Type        Size  Object(Section)

    BuildAttributes$$THM_ISAv4$P$D$K$B$S$PE$A:L22UL41UL21$X:L11$S22US41US21$IEEE1$IW$USESV6$~STKCKD$USESV7$~SHL$OSPACE$ROPI$EBA8$UX$STANDARDLIB$REQ8$PRES8$EABIv2 0x00000000   Number         0  anon$$obj.o ABSOLUTE
    __ARM_use_no_argv                        0x00000000   Number         0  main.o ABSOLUTE
    __ARM_exceptions_init                     - Undefined Weak Reference
    __alloca_initialize                       - Undefined Weak Reference
    __arm_preinit_                            - Undefined Weak Reference
    __cpp_initialize__aeabi_                  - Undefined Weak Reference
    __cxa_finalize                            - Undefined Weak Reference
    __rt_locale                               - Undefined Weak Reference
    __sigvec_lookup                           - Undefined Weak Reference
    _atexit_init                              - Undefined Weak Reference
    _call_atexit_fns                          - Undefined Weak Reference
    _clock_init                               - Undefined Weak Reference
    _fp_trap_init                             - Undefined Weak Reference
    _fp_trap_shutdown                         - Undefined Weak Reference
    _get_lc_collate                           - Undefined Weak Reference
    _get_lc_ctype                             - Undefined Weak Reference
    _get_lc_monetary                          - Undefined Weak Reference
    _get_lc_numeric                           - Undefined Weak Reference
    _get_lc_time                              - Undefined Weak Reference
    _getenv_init                              - Undefined Weak Reference
    _handle_redirection                       - Undefined Weak Reference
    _init_alloc                               - Undefined Weak Reference
    _init_user_alloc                          - Undefined Weak Reference
    _initio                                   - Undefined Weak Reference
    _rand_init                                - Undefined Weak Reference
    _signal_finish                            - Undefined Weak Reference
    _signal_init                              - Undefined Weak Reference
    _terminate_alloc                          - Undefined Weak Reference
    _terminate_user_alloc                     - Undefined Weak Reference
    _terminateio                              - Undefined Weak Reference
    __Vectors_Size                           0x000000ec   Number         0  startup_stm32f10x_md.o ABSOLUTE
    __Vectors                                0x08000000   Data           4  startup_stm32f10x_md.o(RESET)
    __Vectors_End                            0x080000ec   Data           0  startup_stm32f10x_md.o(RESET)
    __main                                   0x080000ed   Thumb Code     8  __main.o(!!!main)
    __scatterload                            0x080000f5   Thumb Code     0  __scatter.o(!!!scatter)
    __scatterload_rt2                        0x080000f5   Thumb Code    44  __scatter.o(!!!scatter)
    __scatterload_rt2_thumb_only             0x080000f5   Thumb Code     0  __scatter.o(!!!scatter)
    __scatterload_null                       0x08000103   Thumb Code     0  __scatter.o(!!!scatter)
    __decompress                             0x08000129   Thumb Code   100  __dclz77c.o(!!dclz77c)
    __decompress2                            0x08000129   Thumb Code     0  __dclz77c.o(!!dclz77c)
    __scatterload_zeroinit                   0x0800018d   Thumb Code    28  __scatter_zi.o(!!handler_zi)
    __rt_lib_init                            0x080001a9   Thumb Code     0  libinit.o(.ARM.Collect$$libinit$$00000000)
    __rt_lib_init_alloca_1                   0x080001ab   Thumb Code     0  libinit2.o(.ARM.Collect$$libinit$$0000002E)
    __rt_lib_init_argv_1                     0x080001ab   Thumb Code     0  libinit2.o(.ARM.Collect$$libinit$$0000002C)
    __rt_lib_init_atexit_1                   0x080001ab   Thumb Code     0  libinit2.o(.ARM.Collect$$libinit$$0000001B)
    __rt_lib_init_clock_1                    0x080001ab   Thumb Code     0  libinit2.o(.ARM.Collect$$libinit$$00000021)
    __rt_lib_init_cpp_1                      0x080001ab   Thumb Code     0  libinit2.o(.ARM.Collect$$libinit$$00000032)
    __rt_lib_init_exceptions_1               0x080001ab   Thumb Code     0  libinit2.o(.ARM.Collect$$libinit$$00000030)
    __rt_lib_init_fp_1                       0x080001ab   Thumb Code     0  libinit2.o(.ARM.Collect$$libinit$$00000002)
    __rt_lib_init_fp_trap_1                  0x080001ab   Thumb Code     0  libinit2.o(.ARM.Collect$$libinit$$0000001F)
    __rt_lib_init_getenv_1                   0x080001ab   Thumb Code     0  libinit2.o(.ARM.Collect$$libinit$$00000023)
    __rt_lib_init_heap_1                     0x080001ab   Thumb Code     0  libinit2.o(.ARM.Collect$$libinit$$0000000A)
    __rt_lib_init_lc_collate_1               0x080001ab   Thumb Code     0  libinit2.o(.ARM.Collect$$libinit$$00000011)
    __rt_lib_init_lc_ctype_1                 0x080001ab   Thumb Code     0  libinit2.o(.ARM.Collect$$libinit$$00000013)
    __rt_lib_init_lc_monetary_1              0x080001ab   Thumb Code     0  libinit2.o(.ARM.Collect$$libinit$$00000015)
    __rt_lib_init_lc_numeric_1               0x080001ab   Thumb Code     0  libinit2.o(.ARM.Collect$$libinit$$00000017)
    __rt_lib_init_lc_time_1                  0x080001ab   Thumb Code     0  libinit2.o(.ARM.Collect$$libinit$$00000019)
    __rt_lib_init_preinit_1                  0x080001ab   Thumb Code     0  libinit2.o(.ARM.Collect$$libinit$$00000004)
    __rt_lib_init_rand_1                     0x080001ab   Thumb Code     0  libinit2.o(.ARM.Collect$$libinit$$0000000E)
    __rt_lib_init_return                     0x080001ab   Thumb Code     0  libinit2.o(.ARM.Collect$$libinit$$00000033)
    __rt_lib_init_signal_1                   0x080001ab   Thumb Code     0  libinit2.o(.ARM.Collect$$libinit$$0000001D)
    __rt_lib_init_stdio_1                    0x080001ab   Thumb Code     0  libinit2.o(.ARM.Collect$$libinit$$00000025)
    __rt_lib_init_user_alloc_1               0x080001ab   Thumb Code     0  libinit2.o(.ARM.Collect$$libinit$$0000000C)
    __rt_lib_shutdown                        0x080001ad   Thumb Code     0  libshutdown.o(.ARM.Collect$$libshutdown$$00000000)
    __rt_lib_shutdown_cpp_1                  0x080001af   Thumb Code     0  libshutdown2.o(.ARM.Collect$$libshutdown$$00000002)
    __rt_lib_shutdown_fp_trap_1              0x080001af   Thumb Code     0  libshutdown2.o(.ARM.Collect$$libshutdown$$00000007)
    __rt_lib_shutdown_heap_1                 0x080001af   Thumb Code     0  libshutdown2.o(.ARM.Collect$$libshutdown$$0000000F)
    __rt_lib_shutdown_return                 0x080001af   Thumb Code     0  libshutdown2.o(.ARM.Collect$$libshutdown$$00000010)
    __rt_lib_shutdown_signal_1               0x080001af   Thumb Code     0  libshutdown2.o(.ARM.Collect$$libshutdown$$0000000A)
    __rt_lib_shutdown_stdio_1                0x080001af   Thumb Code     0  libshutdown2.o(.ARM.Collect$$libshutdown$$00000004)
    __rt_lib_shutdown_user_alloc_1           0x080001af   Thumb Code     0  libshutdown2.o(.ARM.Collect$$libshutdown$$0000000C)
    __rt_entry                               0x080001b1   Thumb Code     0  __rtentry.o(.ARM.Collect$$rtentry$$00000000)
    __rt_entry_presh_1                       0x080001b1   Thumb Code     0  __rtentry2.o(.ARM.Collect$$rtentry$$00000002)
    __rt_entry_sh                            0x080001b1   Thumb Code     0  __rtentry4.o(.ARM.Collect$$rtentry$$00000004)
    __rt_entry_li                            0x080001b7   Thumb Code     0  __rtentry2.o(.ARM.Collect$$rtentry$$0000000A)
    __rt_entry_postsh_1                      0x080001b7   Thumb Code     0  __rtentry2.o(.ARM.Collect$$rtentry$$00000009)
    __rt_entry_main                          0x080001bb   Thumb Code     0  __rtentry2.o(.ARM.Collect$$rtentry$$0000000D)
    __rt_entry_postli_1                      0x080001bb   Thumb Code     0  __rtentry2.o(.ARM.Collect$$rtentry$$0000000C)
    __rt_exit                                0x080001c3   Thumb Code     0  rtexit.o(.ARM.Collect$$rtexit$$00000000)
    __rt_exit_ls                             0x080001c5   Thumb Code     0  rtexit2.o(.ARM.Collect$$rtexit$$00000003)
    __rt_exit_prels_1                        0x080001c5   Thumb Code     0  rtexit2.o(.ARM.Collect$$rtexit$$00000002)
    __rt_exit_exit                           0x080001c9   Thumb Code     0  rtexit2.o(.ARM.Collect$$rtexit$$00000004)
    Reset_Handler                            0x080001d1   Thumb Code     8  startup_stm32f10x_md.o(.text)
    ADC1_2_IRQHandler                        0x080001eb   Thumb Code     0  startup_stm32f10x_md.o(.text)
    CAN1_RX1_IRQHandler                      0x080001eb   Thumb Code     0  startup_stm32f10x_md.o(.text)
    CAN1_SCE_IRQHandler                      0x080001eb   Thumb Code     0  startup_stm32f10x_md.o(.text)
    DMA1_Channel1_IRQHandler                 0x080001eb   Thumb Code     0  startup_stm32f10x_md.o(.text)
    DMA1_Channel3_IRQHandler                 0x080001eb   Thumb Code     0  startup_stm32f10x_md.o(.text)
    DMA1_Channel4_IRQHandler                 0x080001eb   Thumb Code     0  startup_stm32f10x_md.o(.text)
    DMA1_Channel5_IRQHandler                 0x080001eb   Thumb Code     0  startup_stm32f10x_md.o(.text)
    DMA1_Channel6_IRQHandler                 0x080001eb   Thumb Code     0  startup_stm32f10x_md.o(.text)
    DMA1_Channel7_IRQHandler                 0x080001eb   Thumb Code     0  startup_stm32f10x_md.o(.text)
    EXTI0_IRQHandler                         0x080001eb   Thumb Code     0  startup_stm32f10x_md.o(.text)
    EXTI15_10_IRQHandler                     0x080001eb   Thumb Code     0  startup_stm32f10x_md.o(.text)
    EXTI1_IRQHandler                         0x080001eb   Thumb Code     0  startup_stm32f10x_md.o(.text)
    EXTI2_IRQHandler                         0x080001eb   Thumb Code     0  startup_stm32f10x_md.o(.text)
    EXTI3_IRQHandler                         0x080001eb   Thumb Code     0  startup_stm32f10x_md.o(.text)
    EXTI4_IRQHandler                         0x080001eb   Thumb Code     0  startup_stm32f10x_md.o(.text)
    EXTI9_5_IRQHandler                       0x080001eb   Thumb Code     0  startup_stm32f10x_md.o(.text)
    FLASH_IRQHandler                         0x080001eb   Thumb Code     0  startup_stm32f10x_md.o(.text)
    I2C1_ER_IRQHandler                       0x080001eb   Thumb Code     0  startup_stm32f10x_md.o(.text)
    I2C1_EV_IRQHandler                       0x080001eb   Thumb Code     0  startup_stm32f10x_md.o(.text)
    I2C2_ER_IRQHandler                       0x080001eb   Thumb Code     0  startup_stm32f10x_md.o(.text)
    I2C2_EV_IRQHandler                       0x080001eb   Thumb Code     0  startup_stm32f10x_md.o(.text)
    PVD_IRQHandler                           0x080001eb   Thumb Code     0  startup_stm32f10x_md.o(.text)
    RCC_IRQHandler                           0x080001eb   Thumb Code     0  startup_stm32f10x_md.o(.text)
    RTCAlarm_IRQHandler                      0x080001eb   Thumb Code     0  startup_stm32f10x_md.o(.text)
    RTC_IRQHandler                           0x080001eb   Thumb Code     0  startup_stm32f10x_md.o(.text)
    SPI1_IRQHandler                          0x080001eb   Thumb Code     0  startup_stm32f10x_md.o(.text)
    SPI2_IRQHandler                          0x080001eb   Thumb Code     0  startup_stm32f10x_md.o(.text)
    TAMPER_IRQHandler                        0x080001eb   Thumb Code     0  startup_stm32f10x_md.o(.text)
    TIM1_BRK_IRQHandler                      0x080001eb   Thumb Code     0  startup_stm32f10x_md.o(.text)
    TIM1_CC_IRQHandler                       0x080001eb   Thumb Code     0  startup_stm32f10x_md.o(.text)
    TIM1_TRG_COM_IRQHandler                  0x080001eb   Thumb Code     0  startup_stm32f10x_md.o(.text)
    TIM1_UP_IRQHandler                       0x080001eb   Thumb Code     0  startup_stm32f10x_md.o(.text)
    TIM2_IRQHandler                          0x080001eb   Thumb Code     0  startup_stm32f10x_md.o(.text)
    TIM3_IRQHandler                          0x080001eb   Thumb Code     0  startup_stm32f10x_md.o(.text)
    TIM4_IRQHandler                          0x080001eb   Thumb Code     0  startup_stm32f10x_md.o(.text)
    USART2_IRQHandler                        0x080001eb   Thumb Code     0  startup_stm32f10x_md.o(.text)
    USART3_IRQHandler                        0x080001eb   Thumb Code     0  startup_stm32f10x_md.o(.text)
    USBWakeUp_IRQHandler                     0x080001eb   Thumb Code     0  startup_stm32f10x_md.o(.text)
    USB_HP_CAN1_TX_IRQHandler                0x080001eb   Thumb Code     0  startup_stm32f10x_md.o(.text)
    USB_LP_CAN1_RX0_IRQHandler               0x080001eb   Thumb Code     0  startup_stm32f10x_md.o(.text)
    WWDG_IRQHandler                          0x080001eb   Thumb Code     0  startup_stm32f10x_md.o(.text)
    __user_initial_stackheap                 0x080001ed   Thumb Code     0  startup_stm32f10x_md.o(.text)
    strstr                                   0x08000211   Thumb Code    36  strstr.o(.text)
    strlen                                   0x08000235   Thumb Code    62  strlen.o(.text)
    strcat                                   0x08000273   Thumb Code    24  strcat.o(.text)
    __aeabi_memcpy4                          0x0800028b   Thumb Code     0  rt_memcpy_w.o(.text)
    __aeabi_memcpy8                          0x0800028b   Thumb Code     0  rt_memcpy_w.o(.text)
    __rt_memcpy_w                            0x0800028b   Thumb Code   100  rt_memcpy_w.o(.text)
    _memcpy_lastbytes_aligned                0x080002d3   Thumb Code     0  rt_memcpy_w.o(.text)
    __aeabi_memclr                           0x080002ef   Thumb Code     0  rt_memclr.o(.text)
    __rt_memclr                              0x080002ef   Thumb Code    68  rt_memclr.o(.text)
    _memset                                  0x080002f3   Thumb Code     0  rt_memclr.o(.text)
    __aeabi_memclr4                          0x08000333   Thumb Code     0  rt_memclr_w.o(.text)
    __aeabi_memclr8                          0x08000333   Thumb Code     0  rt_memclr_w.o(.text)
    __rt_memclr_w                            0x08000333   Thumb Code    78  rt_memclr_w.o(.text)
    _memset_w                                0x08000337   Thumb Code     0  rt_memclr_w.o(.text)
    __use_two_region_memory                  0x08000381   Thumb Code     2  heapauxi.o(.text)
    __rt_heap_escrow$2region                 0x08000383   Thumb Code     2  heapauxi.o(.text)
    __rt_heap_expand$2region                 0x08000385   Thumb Code     2  heapauxi.o(.text)
    __user_setup_stackheap                   0x08000387   Thumb Code    74  sys_stackheap_outer.o(.text)
    exit                                     0x080003d1   Thumb Code    18  exit.o(.text)
    __user_libspace                          0x080003e5   Thumb Code     8  libspace.o(.text)
    __user_perproc_libspace                  0x080003e5   Thumb Code     0  libspace.o(.text)
    __user_perthread_libspace                0x080003e5   Thumb Code     0  libspace.o(.text)
    _sys_exit                                0x080003ed   Thumb Code     8  sys_exit.o(.text)
    __I$use$semihosting                      0x080003f9   Thumb Code     0  use_no_semi.o(.text)
    __use_no_semihosting_swi                 0x080003f9   Thumb Code     2  use_no_semi.o(.text)
    ADC_Cmd                                  0x080003fb   Thumb Code    22  stm32f10x_adc.o(i.ADC_Cmd)
    __semihosting_library_function           0x080003fb   Thumb Code     0  indicate_semi.o(.text)
    ADC_DeInit                               0x08000411   Thumb Code    78  stm32f10x_adc.o(i.ADC_DeInit)
    ADC_GetCalibrationStatus                 0x0800046d   Thumb Code    20  stm32f10x_adc.o(i.ADC_GetCalibrationStatus)
    ADC_GetConversionValue                   0x08000481   Thumb Code     8  stm32f10x_adc.o(i.ADC_GetConversionValue)
    ADC_GetFlagStatus                        0x08000489   Thumb Code    18  stm32f10x_adc.o(i.ADC_GetFlagStatus)
    ADC_GetResetCalibrationStatus            0x0800049b   Thumb Code    20  stm32f10x_adc.o(i.ADC_GetResetCalibrationStatus)
    ADC_Init                                 0x080004b1   Thumb Code    70  stm32f10x_adc.o(i.ADC_Init)
    ADC_RegularChannelConfig                 0x08000501   Thumb Code   184  stm32f10x_adc.o(i.ADC_RegularChannelConfig)
    ADC_ResetCalibration                     0x080005b9   Thumb Code    10  stm32f10x_adc.o(i.ADC_ResetCalibration)
    ADC_SoftwareStartConvCmd                 0x080005c3   Thumb Code    22  stm32f10x_adc.o(i.ADC_SoftwareStartConvCmd)
    ADC_StartCalibration                     0x080005d9   Thumb Code    10  stm32f10x_adc.o(i.ADC_StartCalibration)
    BusFault_Handler                         0x080005e3   Thumb Code     4  stm32f10x_it.o(i.BusFault_Handler)
    CalulateCRC                              0x080005e7   Thumb Code   108  rc522.o(i.CalulateCRC)
    ClearBitMask                             0x08000653   Thumb Code    28  rc522.o(i.ClearBitMask)
    DMA1_Channel2_IRQHandler                 0x08000671   Thumb Code    44  ws2812.o(i.DMA1_Channel2_IRQHandler)
    DMA_ClearFlag                            0x080006a5   Thumb Code    18  stm32f10x_dma.o(i.DMA_ClearFlag)
    DMA_ClearITPendingBit                    0x080006c1   Thumb Code    18  stm32f10x_dma.o(i.DMA_ClearITPendingBit)
    DMA_Cmd                                  0x080006dd   Thumb Code    24  stm32f10x_dma.o(i.DMA_Cmd)
    DMA_DeInit                               0x080006f5   Thumb Code   324  stm32f10x_dma.o(i.DMA_DeInit)
    DMA_ITConfig                             0x08000841   Thumb Code    18  stm32f10x_dma.o(i.DMA_ITConfig)
    DMA_Init                                 0x08000853   Thumb Code    60  stm32f10x_dma.o(i.DMA_Init)
    DMA_SetCurrDataCounter                   0x0800088f   Thumb Code     4  stm32f10x_dma.o(i.DMA_SetCurrDataCounter)
    DebugMon_Handler                         0x08000893   Thumb Code     2  stm32f10x_it.o(i.DebugMon_Handler)
    ESP8266_Init                             0x08000895   Thumb Code    16  esp8266.o(i.ESP8266_Init)
    ESP8266_Send_Answer                      0x080008a5   Thumb Code    96  esp8266.o(i.ESP8266_Send_Answer)
    GPIO_Init                                0x0800090d   Thumb Code   278  stm32f10x_gpio.o(i.GPIO_Init)
    GPIO_ReadInputDataBit                    0x08000a23   Thumb Code    18  stm32f10x_gpio.o(i.GPIO_ReadInputDataBit)
    GPIO_ResetBits                           0x08000a35   Thumb Code     4  stm32f10x_gpio.o(i.GPIO_ResetBits)
    GPIO_SetBits                             0x08000a39   Thumb Code     4  stm32f10x_gpio.o(i.GPIO_SetBits)
    GPIO_WriteBit                            0x08000a3d   Thumb Code    10  stm32f10x_gpio.o(i.GPIO_WriteBit)
    GRB_to_RGB                               0x08000a47   Thumb Code    46  ws2812.o(i.GRB_to_RGB)
    HardFault_Handler                        0x08000a75   Thumb Code     4  stm32f10x_it.o(i.HardFault_Handler)
    HexToStr                                 0x08000a79   Thumb Code   138  commonfunction.o(i.HexToStr)
    I2C_Start                                0x08000b05   Thumb Code    48  oled.o(i.I2C_Start)
    I2C_Stop                                 0x08000b39   Thumb Code    32  oled.o(i.I2C_Stop)
    I2C_WaitAck                              0x08000b5d   Thumb Code    40  oled.o(i.I2C_WaitAck)
    IIC_delay                                0x08000b89   Thumb Code    16  oled.o(i.IIC_delay)
    Key_Scan                                 0x08000b99   Thumb Code    38  button.o(i.Key_Scan)
    M500PcdConfigISOType                     0x08000bbf   Thumb Code    92  rc522.o(i.M500PcdConfigISOType)
    MemManage_Handler                        0x08000c1b   Thumb Code     4  stm32f10x_it.o(i.MemManage_Handler)
    NMI_Handler                              0x08000c1f   Thumb Code     2  stm32f10x_it.o(i.NMI_Handler)
    NVIC_Init                                0x08000c21   Thumb Code   100  misc.o(i.NVIC_Init)
    OLED_Clear                               0x08000c91   Thumb Code    42  oled.o(i.OLED_Clear)
    OLED_ColorTurn                           0x08000cc1   Thumb Code    28  oled.o(i.OLED_ColorTurn)
    OLED_DisplayTurn                         0x08000cdd   Thumb Code    44  oled.o(i.OLED_DisplayTurn)
    OLED_DrawPoint                           0x08000d09   Thumb Code   114  oled.o(i.OLED_DrawPoint)
    OLED_Init                                0x08000d81   Thumb Code   334  oled.o(i.OLED_Init)
    OLED_Refresh                             0x08000ed5   Thumb Code   100  oled.o(i.OLED_Refresh)
    OLED_ShowChar                            0x08000f3d   Thumb Code   300  oled.o(i.OLED_ShowChar)
    OLED_ShowString                          0x08001079   Thumb Code    74  oled.o(i.OLED_ShowString)
    OLED_WR_Byte                             0x080010c3   Thumb Code    56  oled.o(i.OLED_WR_Byte)
    PcdAntennaOff                            0x080010fb   Thumb Code    12  rc522.o(i.PcdAntennaOff)
    PcdAntennaOn                             0x08001107   Thumb Code    26  rc522.o(i.PcdAntennaOn)
    PcdAnticoll                              0x08001121   Thumb Code   112  rc522.o(i.PcdAnticoll)
    PcdAuthState                             0x08001191   Thumb Code   110  rc522.o(i.PcdAuthState)
    PcdComMF522                              0x080011ff   Thumb Code   306  rc522.o(i.PcdComMF522)
    PcdRead                                  0x08001331   Thumb Code    84  rc522.o(i.PcdRead)
    PcdRequest                               0x08001385   Thumb Code    84  rc522.o(i.PcdRequest)
    PcdReset                                 0x080013d9   Thumb Code   176  rc522.o(i.PcdReset)
    PcdSelect                                0x08001491   Thumb Code   114  rc522.o(i.PcdSelect)
    PendSV_Handler                           0x08001503   Thumb Code     2  stm32f10x_it.o(i.PendSV_Handler)
    RC522_Init                               0x08001505   Thumb Code   210  rc522.o(i.RC522_Init)
    RC522_System_Init                        0x080015e1   Thumb Code   144  main.o(i.RC522_System_Init)
    RCC_AHBPeriphClockCmd                    0x08001679   Thumb Code    26  stm32f10x_rcc.o(i.RCC_AHBPeriphClockCmd)
    RCC_APB1PeriphResetCmd                   0x08001699   Thumb Code    26  stm32f10x_rcc.o(i.RCC_APB1PeriphResetCmd)
    RCC_APB2PeriphClockCmd                   0x080016b9   Thumb Code    26  stm32f10x_rcc.o(i.RCC_APB2PeriphClockCmd)
    RCC_APB2PeriphResetCmd                   0x080016d9   Thumb Code    26  stm32f10x_rcc.o(i.RCC_APB2PeriphResetCmd)
    RCC_GetClocksFreq                        0x080016f9   Thumb Code   192  stm32f10x_rcc.o(i.RCC_GetClocksFreq)
    ReadRawRC                                0x080017cd   Thumb Code   152  rc522.o(i.ReadRawRC)
    SVC_Handler                              0x08001869   Thumb Code     2  stm32f10x_it.o(i.SVC_Handler)
    Send_Byte                                0x0800186d   Thumb Code    70  oled.o(i.Send_Byte)
    SetBitMask                               0x080018b9   Thumb Code    28  rc522.o(i.SetBitMask)
    SysTick_CLKSourceConfig                  0x080019bd   Thumb Code    40  misc.o(i.SysTick_CLKSourceConfig)
    SysTick_Handler                          0x080019e5   Thumb Code     2  stm32f10x_it.o(i.SysTick_Handler)
    SystemInit                               0x080019e9   Thumb Code    78  system_stm32f10x.o(i.SystemInit)
    TIM_ARRPreloadConfig                     0x08001a49   Thumb Code    24  stm32f10x_tim.o(i.TIM_ARRPreloadConfig)
    TIM_Cmd                                  0x08001a61   Thumb Code    24  stm32f10x_tim.o(i.TIM_Cmd)
    TIM_CtrlPWMOutputs                       0x08001a79   Thumb Code    30  stm32f10x_tim.o(i.TIM_CtrlPWMOutputs)
    TIM_DMACmd                               0x08001a97   Thumb Code    18  stm32f10x_tim.o(i.TIM_DMACmd)
    TIM_DeInit                               0x08001aa9   Thumb Code   424  stm32f10x_tim.o(i.TIM_DeInit)
    TIM_OC1Init                              0x08001c91   Thumb Code   132  stm32f10x_tim.o(i.TIM_OC1Init)
    TIM_OC1PreloadConfig                     0x08001d29   Thumb Code    18  stm32f10x_tim.o(i.TIM_OC1PreloadConfig)
    TIM_TimeBaseInit                         0x08001d3d   Thumb Code   122  stm32f10x_tim.o(i.TIM_TimeBaseInit)
    USART1_IRQHandler                        0x08001de1   Thumb Code    56  esp8266.o(i.USART1_IRQHandler)
    USART1_Send_Data                         0x08001e25   Thumb Code    42  esp8266.o(i.USART1_Send_Data)
    USART_Cmd                                0x08001e55   Thumb Code    24  stm32f10x_usart.o(i.USART_Cmd)
    USART_GetFlagStatus                      0x08001e6d   Thumb Code    26  stm32f10x_usart.o(i.USART_GetFlagStatus)
    USART_GetITStatus                        0x08001e87   Thumb Code    84  stm32f10x_usart.o(i.USART_GetITStatus)
    USART_ITConfig                           0x08001edb   Thumb Code    74  stm32f10x_usart.o(i.USART_ITConfig)
    USART_Init                               0x08001f25   Thumb Code   210  stm32f10x_usart.o(i.USART_Init)
    USART_SendData                           0x08001ffd   Thumb Code     8  stm32f10x_usart.o(i.USART_SendData)
    Uart1_Init                               0x08002005   Thumb Code   208  esp8266.o(i.Uart1_Init)
    UsageFault_Handler                       0x080020e1   Thumb Code     4  stm32f10x_it.o(i.UsageFault_Handler)
    WaitCardOff                              0x080020e5   Thumb Code    50  rc522.o(i.WaitCardOff)
    Wheel                                    0x08002117   Thumb Code    88  ws2812.o(i.Wheel)
    WriteRawRC                               0x08002171   Thumb Code   162  rc522.o(i.WriteRawRC)
    beepInit                                 0x08002219   Thumb Code    48  beep.o(i.beepInit)
    beepOneSecOn                             0x0800224d   Thumb Code    22  beep.o(i.beepOneSecOn)
    beepState                                0x08002265   Thumb Code    16  beep.o(i.beepState)
    buttonInit                               0x08002279   Thumb Code    42  button.o(i.buttonInit)
    delay_10ms                               0x080022a3   Thumb Code    26  rc522.o(i.delay_10ms)
    delay_init                               0x080022bd   Thumb Code    50  delay.o(i.delay_init)
    delay_ms                                 0x08002301   Thumb Code    72  delay.o(i.delay_ms)
    genRandCode                              0x0800234d   Thumb Code   160  main.o(i.genRandCode)
    getRND                                   0x080023ed   Thumb Code   112  rand.o(i.getRND)
    initRND                                  0x08002465   Thumb Code   142  rand.o(i.initRND)
    main                                     0x08002501   Thumb Code  2312  main.o(i.main)
    rainbowCycle                             0x08002eb1   Thumb Code    70  ws2812.o(i.rainbowCycle)
    relay_init                               0x08002ef9   Thumb Code    38  relay.o(i.relay_init)
    relay_off                                0x08002f25   Thumb Code    12  relay.o(i.relay_off)
    relay_on                                 0x08002f35   Thumb Code    12  relay.o(i.relay_on)
    setvalue                                 0x08002f45   Thumb Code    34  ws2812.o(i.setvalue)
    ws2812bClearAll                          0x08002f69   Thumb Code    56  ws2812.o(i.ws2812bClearAll)
    ws2812bInit                              0x08002fa5   Thumb Code   252  ws2812.o(i.ws2812bInit)
    ws2812bSet                               0x08003101   Thumb Code   154  ws2812.o(i.ws2812bSet)
    ws2812bSetAll                            0x080031a1   Thumb Code    14  ws2812.o(i.ws2812bSetAll)
    asc2_0806                                0x080031ae   Data         552  oled.o(.constdata)
    asc2_1206                                0x080033d6   Data        1140  oled.o(.constdata)
    asc2_1608                                0x0800384a   Data        1520  oled.o(.constdata)
    asc2_2412                                0x08003e3a   Data        3420  oled.o(.constdata)
    Hzk1                                     0x08004b96   Data         352  oled.o(.constdata)
    Hzk2                                     0x08004cf6   Data          72  oled.o(.constdata)
    Hzk3                                     0x08004d3e   Data         128  oled.o(.constdata)
    Hzk4                                     0x08004dbe   Data         512  oled.o(.constdata)
    Region$$Table$$Base                      0x08004fe0   Number         0  anon$$obj.o(Region$$Table)
    Region$$Table$$Limit                     0x08005000   Number         0  anon$$obj.o(Region$$Table)
    SystemCoreClock                          0x20000000   Data           4  system_stm32f10x.o(.data)
    AHBPrescTable                            0x20000004   Data          16  system_stm32f10x.o(.data)
    BMP1                                     0x20000028   Data        1024  main.o(.data)
    BMP2                                     0x20000428   Data        1024  main.o(.data)
    card1                                    0x20000828   Data           5  main.o(.data)
    card2                                    0x2000082d   Data           4  main.o(.data)
    snr                                      0x20000831   Data           1  main.o(.data)
    buf                                      0x20000832   Data          16  main.o(.data)
    TagType                                  0x20000842   Data           2  main.o(.data)
    SelectedSnr                              0x20000844   Data           4  main.o(.data)
    DefaultKey                               0x20000848   Data           6  main.o(.data)
    PassWd                                   0x2000084e   Data           6  main.o(.data)
    MLastSelectedSnr                         0x20000854   Data           4  main.o(.data)
    cardID                                   0x20000858   Data           4  main.o(.data)
    status                                   0x2000085c   Data           1  main.o(.data)
    securityCode                             0x2000085d   Data           7  main.o(.data)
    modeFlag                                 0x20000864   Data           1  main.o(.data)
    URecv_Index                              0x2000086a   Data           2  esp8266.o(.data)
    OLED_GRAM                                0x20000878   Data        1152  oled.o(.bss)
    URecv                                    0x20000cf8   Data         128  esp8266.o(.bss)
    __libspace_start                         0x20000f94   Data          96  libspace.o(.bss)
    __temporary_stack_top$libspace           0x20000ff4   Data           0  libspace.o(.bss)



==============================================================================

Memory Map of the image

  Image Entry point : 0x080001d1

  Load Region LR_1 (Base: 0x08000000, Size: 0x00005878, Max: 0xffffffff, ABSOLUTE, COMPRESSED[0x00005210])

    Execution Region ER_RO (Exec base: 0x08000000, Load base: 0x08000000, Size: 0x00005000, Max: 0xffffffff, ABSOLUTE)

    Exec Addr    Load Addr    Size         Type   Attr      Idx    E Section Name        Object

    0x08000000   0x08000000   0x000000ec   Data   RO            3    RESET               startup_stm32f10x_md.o
    0x080000ec   0x080000ec   0x00000008   Code   RO         3896  * !!!main             c_w.l(__main.o)
    0x080000f4   0x080000f4   0x00000034   Code   RO         4055    !!!scatter          c_w.l(__scatter.o)
    0x08000128   0x08000128   0x00000064   Code   RO         4053    !!dclz77c           c_w.l(__dclz77c.o)
    0x0800018c   0x0800018c   0x0000001c   Code   RO         4057    !!handler_zi        c_w.l(__scatter_zi.o)
    0x080001a8   0x080001a8   0x00000002   Code   RO         3923    .ARM.Collect$$libinit$$00000000  c_w.l(libinit.o)
    0x080001aa   0x080001aa   0x00000000   Code   RO         3930    .ARM.Collect$$libinit$$00000002  c_w.l(libinit2.o)
    0x080001aa   0x080001aa   0x00000000   Code   RO         3932    .ARM.Collect$$libinit$$00000004  c_w.l(libinit2.o)
    0x080001aa   0x080001aa   0x00000000   Code   RO         3935    .ARM.Collect$$libinit$$0000000A  c_w.l(libinit2.o)
    0x080001aa   0x080001aa   0x00000000   Code   RO         3937    .ARM.Collect$$libinit$$0000000C  c_w.l(libinit2.o)
    0x080001aa   0x080001aa   0x00000000   Code   RO         3939    .ARM.Collect$$libinit$$0000000E  c_w.l(libinit2.o)
    0x080001aa   0x080001aa   0x00000000   Code   RO         3942    .ARM.Collect$$libinit$$00000011  c_w.l(libinit2.o)
    0x080001aa   0x080001aa   0x00000000   Code   RO         3944    .ARM.Collect$$libinit$$00000013  c_w.l(libinit2.o)
    0x080001aa   0x080001aa   0x00000000   Code   RO         3946    .ARM.Collect$$libinit$$00000015  c_w.l(libinit2.o)
    0x080001aa   0x080001aa   0x00000000   Code   RO         3948    .ARM.Collect$$libinit$$00000017  c_w.l(libinit2.o)
    0x080001aa   0x080001aa   0x00000000   Code   RO         3950    .ARM.Collect$$libinit$$00000019  c_w.l(libinit2.o)
    0x080001aa   0x080001aa   0x00000000   Code   RO         3952    .ARM.Collect$$libinit$$0000001B  c_w.l(libinit2.o)
    0x080001aa   0x080001aa   0x00000000   Code   RO         3954    .ARM.Collect$$libinit$$0000001D  c_w.l(libinit2.o)
    0x080001aa   0x080001aa   0x00000000   Code   RO         3956    .ARM.Collect$$libinit$$0000001F  c_w.l(libinit2.o)
    0x080001aa   0x080001aa   0x00000000   Code   RO         3958    .ARM.Collect$$libinit$$00000021  c_w.l(libinit2.o)
    0x080001aa   0x080001aa   0x00000000   Code   RO         3960    .ARM.Collect$$libinit$$00000023  c_w.l(libinit2.o)
    0x080001aa   0x080001aa   0x00000000   Code   RO         3962    .ARM.Collect$$libinit$$00000025  c_w.l(libinit2.o)
    0x080001aa   0x080001aa   0x00000000   Code   RO         3966    .ARM.Collect$$libinit$$0000002C  c_w.l(libinit2.o)
    0x080001aa   0x080001aa   0x00000000   Code   RO         3968    .ARM.Collect$$libinit$$0000002E  c_w.l(libinit2.o)
    0x080001aa   0x080001aa   0x00000000   Code   RO         3970    .ARM.Collect$$libinit$$00000030  c_w.l(libinit2.o)
    0x080001aa   0x080001aa   0x00000000   Code   RO         3972    .ARM.Collect$$libinit$$00000032  c_w.l(libinit2.o)
    0x080001aa   0x080001aa   0x00000002   Code   RO         3973    .ARM.Collect$$libinit$$00000033  c_w.l(libinit2.o)
    0x080001ac   0x080001ac   0x00000002   Code   RO         3993    .ARM.Collect$$libshutdown$$00000000  c_w.l(libshutdown.o)
    0x080001ae   0x080001ae   0x00000000   Code   RO         4006    .ARM.Collect$$libshutdown$$00000002  c_w.l(libshutdown2.o)
    0x080001ae   0x080001ae   0x00000000   Code   RO         4008    .ARM.Collect$$libshutdown$$00000004  c_w.l(libshutdown2.o)
    0x080001ae   0x080001ae   0x00000000   Code   RO         4011    .ARM.Collect$$libshutdown$$00000007  c_w.l(libshutdown2.o)
    0x080001ae   0x080001ae   0x00000000   Code   RO         4014    .ARM.Collect$$libshutdown$$0000000A  c_w.l(libshutdown2.o)
    0x080001ae   0x080001ae   0x00000000   Code   RO         4016    .ARM.Collect$$libshutdown$$0000000C  c_w.l(libshutdown2.o)
    0x080001ae   0x080001ae   0x00000000   Code   RO         4019    .ARM.Collect$$libshutdown$$0000000F  c_w.l(libshutdown2.o)
    0x080001ae   0x080001ae   0x00000002   Code   RO         4020    .ARM.Collect$$libshutdown$$00000010  c_w.l(libshutdown2.o)
    0x080001b0   0x080001b0   0x00000000   Code   RO         3898    .ARM.Collect$$rtentry$$00000000  c_w.l(__rtentry.o)
    0x080001b0   0x080001b0   0x00000000   Code   RO         3900    .ARM.Collect$$rtentry$$00000002  c_w.l(__rtentry2.o)
    0x080001b0   0x080001b0   0x00000006   Code   RO         3912    .ARM.Collect$$rtentry$$00000004  c_w.l(__rtentry4.o)
    0x080001b6   0x080001b6   0x00000000   Code   RO         3902    .ARM.Collect$$rtentry$$00000009  c_w.l(__rtentry2.o)
    0x080001b6   0x080001b6   0x00000004   Code   RO         3903    .ARM.Collect$$rtentry$$0000000A  c_w.l(__rtentry2.o)
    0x080001ba   0x080001ba   0x00000000   Code   RO         3905    .ARM.Collect$$rtentry$$0000000C  c_w.l(__rtentry2.o)
    0x080001ba   0x080001ba   0x00000008   Code   RO         3906    .ARM.Collect$$rtentry$$0000000D  c_w.l(__rtentry2.o)
    0x080001c2   0x080001c2   0x00000002   Code   RO         3927    .ARM.Collect$$rtexit$$00000000  c_w.l(rtexit.o)
    0x080001c4   0x080001c4   0x00000000   Code   RO         3975    .ARM.Collect$$rtexit$$00000002  c_w.l(rtexit2.o)
    0x080001c4   0x080001c4   0x00000004   Code   RO         3976    .ARM.Collect$$rtexit$$00000003  c_w.l(rtexit2.o)
    0x080001c8   0x080001c8   0x00000006   Code   RO         3977    .ARM.Collect$$rtexit$$00000004  c_w.l(rtexit2.o)
    0x080001ce   0x080001ce   0x00000002   PAD
    0x080001d0   0x080001d0   0x00000040   Code   RO            4  * .text               startup_stm32f10x_md.o
    0x08000210   0x08000210   0x00000024   Code   RO         3882    .text               c_w.l(strstr.o)
    0x08000234   0x08000234   0x0000003e   Code   RO         3884    .text               c_w.l(strlen.o)
    0x08000272   0x08000272   0x00000018   Code   RO         3886    .text               c_w.l(strcat.o)
    0x0800028a   0x0800028a   0x00000064   Code   RO         3888    .text               c_w.l(rt_memcpy_w.o)
    0x080002ee   0x080002ee   0x00000044   Code   RO         3890    .text               c_w.l(rt_memclr.o)
    0x08000332   0x08000332   0x0000004e   Code   RO         3892    .text               c_w.l(rt_memclr_w.o)
    0x08000380   0x08000380   0x00000006   Code   RO         3894    .text               c_w.l(heapauxi.o)
    0x08000386   0x08000386   0x0000004a   Code   RO         3914    .text               c_w.l(sys_stackheap_outer.o)
    0x080003d0   0x080003d0   0x00000012   Code   RO         3916    .text               c_w.l(exit.o)
    0x080003e2   0x080003e2   0x00000002   PAD
    0x080003e4   0x080003e4   0x00000008   Code   RO         3924    .text               c_w.l(libspace.o)
    0x080003ec   0x080003ec   0x0000000c   Code   RO         3985    .text               c_w.l(sys_exit.o)
    0x080003f8   0x080003f8   0x00000002   Code   RO         3996    .text               c_w.l(use_no_semi.o)
    0x080003fa   0x080003fa   0x00000000   Code   RO         3998    .text               c_w.l(indicate_semi.o)
    0x080003fa   0x080003fa   0x00000016   Code   RO          138    i.ADC_Cmd           stm32f10x_adc.o
    0x08000410   0x08000410   0x0000005c   Code   RO          140    i.ADC_DeInit        stm32f10x_adc.o
    0x0800046c   0x0800046c   0x00000014   Code   RO          146    i.ADC_GetCalibrationStatus  stm32f10x_adc.o
    0x08000480   0x08000480   0x00000008   Code   RO          147    i.ADC_GetConversionValue  stm32f10x_adc.o
    0x08000488   0x08000488   0x00000012   Code   RO          149    i.ADC_GetFlagStatus  stm32f10x_adc.o
    0x0800049a   0x0800049a   0x00000014   Code   RO          152    i.ADC_GetResetCalibrationStatus  stm32f10x_adc.o
    0x080004ae   0x080004ae   0x00000002   PAD
    0x080004b0   0x080004b0   0x00000050   Code   RO          156    i.ADC_Init          stm32f10x_adc.o
    0x08000500   0x08000500   0x000000b8   Code   RO          160    i.ADC_RegularChannelConfig  stm32f10x_adc.o
    0x080005b8   0x080005b8   0x0000000a   Code   RO          161    i.ADC_ResetCalibration  stm32f10x_adc.o
    0x080005c2   0x080005c2   0x00000016   Code   RO          163    i.ADC_SoftwareStartConvCmd  stm32f10x_adc.o
    0x080005d8   0x080005d8   0x0000000a   Code   RO          165    i.ADC_StartCalibration  stm32f10x_adc.o
    0x080005e2   0x080005e2   0x00000004   Code   RO         3108    i.BusFault_Handler  stm32f10x_it.o
    0x080005e6   0x080005e6   0x0000006c   Code   RO         3300    i.CalulateCRC       rc522.o
    0x08000652   0x08000652   0x0000001c   Code   RO         3301    i.ClearBitMask      rc522.o
    0x0800066e   0x0800066e   0x00000002   PAD
    0x08000670   0x08000670   0x00000034   Code   RO         3687    i.DMA1_Channel2_IRQHandler  ws2812.o
    0x080006a4   0x080006a4   0x0000001c   Code   RO          839    i.DMA_ClearFlag     stm32f10x_dma.o
    0x080006c0   0x080006c0   0x0000001c   Code   RO          840    i.DMA_ClearITPendingBit  stm32f10x_dma.o
    0x080006dc   0x080006dc   0x00000018   Code   RO          841    i.DMA_Cmd           stm32f10x_dma.o
    0x080006f4   0x080006f4   0x0000014c   Code   RO          842    i.DMA_DeInit        stm32f10x_dma.o
    0x08000840   0x08000840   0x00000012   Code   RO          846    i.DMA_ITConfig      stm32f10x_dma.o
    0x08000852   0x08000852   0x0000003c   Code   RO          847    i.DMA_Init          stm32f10x_dma.o
    0x0800088e   0x0800088e   0x00000004   Code   RO          848    i.DMA_SetCurrDataCounter  stm32f10x_dma.o
    0x08000892   0x08000892   0x00000002   Code   RO         3109    i.DebugMon_Handler  stm32f10x_it.o
    0x08000894   0x08000894   0x00000010   Code   RO         3640    i.ESP8266_Init      esp8266.o
    0x080008a4   0x080008a4   0x00000068   Code   RO         3641    i.ESP8266_Send_Answer  esp8266.o
    0x0800090c   0x0800090c   0x00000116   Code   RO         1274    i.GPIO_Init         stm32f10x_gpio.o
    0x08000a22   0x08000a22   0x00000012   Code   RO         1278    i.GPIO_ReadInputDataBit  stm32f10x_gpio.o
    0x08000a34   0x08000a34   0x00000004   Code   RO         1281    i.GPIO_ResetBits    stm32f10x_gpio.o
    0x08000a38   0x08000a38   0x00000004   Code   RO         1282    i.GPIO_SetBits      stm32f10x_gpio.o
    0x08000a3c   0x08000a3c   0x0000000a   Code   RO         1285    i.GPIO_WriteBit     stm32f10x_gpio.o
    0x08000a46   0x08000a46   0x0000002e   Code   RO         3688    i.GRB_to_RGB        ws2812.o
    0x08000a74   0x08000a74   0x00000004   Code   RO         3110    i.HardFault_Handler  stm32f10x_it.o
    0x08000a78   0x08000a78   0x0000008a   Code   RO         3794    i.HexToStr          commonfunction.o
    0x08000b02   0x08000b02   0x00000002   PAD
    0x08000b04   0x08000b04   0x00000034   Code   RO         3486    i.I2C_Start         oled.o
    0x08000b38   0x08000b38   0x00000024   Code   RO         3487    i.I2C_Stop          oled.o
    0x08000b5c   0x08000b5c   0x0000002c   Code   RO         3488    i.I2C_WaitAck       oled.o
    0x08000b88   0x08000b88   0x00000010   Code   RO         3489    i.IIC_delay         oled.o
    0x08000b98   0x08000b98   0x00000026   Code   RO         3838    i.Key_Scan          button.o
    0x08000bbe   0x08000bbe   0x0000005c   Code   RO         3302    i.M500PcdConfigISOType  rc522.o
    0x08000c1a   0x08000c1a   0x00000004   Code   RO         3111    i.MemManage_Handler  stm32f10x_it.o
    0x08000c1e   0x08000c1e   0x00000002   Code   RO         3112    i.NMI_Handler       stm32f10x_it.o
    0x08000c20   0x08000c20   0x00000070   Code   RO           92    i.NVIC_Init         misc.o
    0x08000c90   0x08000c90   0x00000030   Code   RO         3490    i.OLED_Clear        oled.o
    0x08000cc0   0x08000cc0   0x0000001c   Code   RO         3491    i.OLED_ColorTurn    oled.o
    0x08000cdc   0x08000cdc   0x0000002c   Code   RO         3494    i.OLED_DisplayTurn  oled.o
    0x08000d08   0x08000d08   0x00000078   Code   RO         3497    i.OLED_DrawPoint    oled.o
    0x08000d80   0x08000d80   0x00000154   Code   RO         3498    i.OLED_Init         oled.o
    0x08000ed4   0x08000ed4   0x00000068   Code   RO         3500    i.OLED_Refresh      oled.o
    0x08000f3c   0x08000f3c   0x0000013c   Code   RO         3502    i.OLED_ShowChar     oled.o
    0x08001078   0x08001078   0x0000004a   Code   RO         3506    i.OLED_ShowString   oled.o
    0x080010c2   0x080010c2   0x00000038   Code   RO         3507    i.OLED_WR_Byte      oled.o
    0x080010fa   0x080010fa   0x0000000c   Code   RO         3303    i.PcdAntennaOff     rc522.o
    0x08001106   0x08001106   0x0000001a   Code   RO         3304    i.PcdAntennaOn      rc522.o
    0x08001120   0x08001120   0x00000070   Code   RO         3305    i.PcdAnticoll       rc522.o
    0x08001190   0x08001190   0x0000006e   Code   RO         3306    i.PcdAuthState      rc522.o
    0x080011fe   0x080011fe   0x00000132   Code   RO         3307    i.PcdComMF522       rc522.o
    0x08001330   0x08001330   0x00000054   Code   RO         3309    i.PcdRead           rc522.o
    0x08001384   0x08001384   0x00000054   Code   RO         3310    i.PcdRequest        rc522.o
    0x080013d8   0x080013d8   0x000000b8   Code   RO         3311    i.PcdReset          rc522.o
    0x08001490   0x08001490   0x00000072   Code   RO         3312    i.PcdSelect         rc522.o
    0x08001502   0x08001502   0x00000002   Code   RO         3113    i.PendSV_Handler    stm32f10x_it.o
    0x08001504   0x08001504   0x000000dc   Code   RO         3314    i.RC522_Init        rc522.o
    0x080015e0   0x080015e0   0x00000098   Code   RO         3171    i.RC522_System_Init  main.o
    0x08001678   0x08001678   0x00000020   Code   RO         1698    i.RCC_AHBPeriphClockCmd  stm32f10x_rcc.o
    0x08001698   0x08001698   0x00000020   Code   RO         1700    i.RCC_APB1PeriphResetCmd  stm32f10x_rcc.o
    0x080016b8   0x080016b8   0x00000020   Code   RO         1701    i.RCC_APB2PeriphClockCmd  stm32f10x_rcc.o
    0x080016d8   0x080016d8   0x00000020   Code   RO         1702    i.RCC_APB2PeriphResetCmd  stm32f10x_rcc.o
    0x080016f8   0x080016f8   0x000000d4   Code   RO         1709    i.RCC_GetClocksFreq  stm32f10x_rcc.o
    0x080017cc   0x080017cc   0x0000009c   Code   RO         3315    i.ReadRawRC         rc522.o
    0x08001868   0x08001868   0x00000002   Code   RO         3114    i.SVC_Handler       stm32f10x_it.o
    0x0800186a   0x0800186a   0x00000002   PAD
    0x0800186c   0x0800186c   0x0000004c   Code   RO         3508    i.Send_Byte         oled.o
    0x080018b8   0x080018b8   0x0000001c   Code   RO         3316    i.SetBitMask        rc522.o
    0x080018d4   0x080018d4   0x00000008   Code   RO           24    i.SetSysClock       system_stm32f10x.o
    0x080018dc   0x080018dc   0x000000e0   Code   RO           25    i.SetSysClockTo72   system_stm32f10x.o
    0x080019bc   0x080019bc   0x00000028   Code   RO           96    i.SysTick_CLKSourceConfig  misc.o
    0x080019e4   0x080019e4   0x00000002   Code   RO         3115    i.SysTick_Handler   stm32f10x_it.o
    0x080019e6   0x080019e6   0x00000002   PAD
    0x080019e8   0x080019e8   0x00000060   Code   RO           27    i.SystemInit        system_stm32f10x.o
    0x08001a48   0x08001a48   0x00000018   Code   RO         2327    i.TIM_ARRPreloadConfig  stm32f10x_tim.o
    0x08001a60   0x08001a60   0x00000018   Code   RO         2339    i.TIM_Cmd           stm32f10x_tim.o
    0x08001a78   0x08001a78   0x0000001e   Code   RO         2341    i.TIM_CtrlPWMOutputs  stm32f10x_tim.o
    0x08001a96   0x08001a96   0x00000012   Code   RO         2342    i.TIM_DMACmd        stm32f10x_tim.o
    0x08001aa8   0x08001aa8   0x000001e8   Code   RO         2344    i.TIM_DeInit        stm32f10x_tim.o
    0x08001c90   0x08001c90   0x00000098   Code   RO         2368    i.TIM_OC1Init       stm32f10x_tim.o
    0x08001d28   0x08001d28   0x00000012   Code   RO         2371    i.TIM_OC1PreloadConfig  stm32f10x_tim.o
    0x08001d3a   0x08001d3a   0x00000002   PAD
    0x08001d3c   0x08001d3c   0x000000a4   Code   RO         2410    i.TIM_TimeBaseInit  stm32f10x_tim.o
    0x08001de0   0x08001de0   0x00000044   Code   RO         3642    i.USART1_IRQHandler  esp8266.o
    0x08001e24   0x08001e24   0x00000030   Code   RO         3643    i.USART1_Send_Data  esp8266.o
    0x08001e54   0x08001e54   0x00000018   Code   RO         2875    i.USART_Cmd         stm32f10x_usart.o
    0x08001e6c   0x08001e6c   0x0000001a   Code   RO         2878    i.USART_GetFlagStatus  stm32f10x_usart.o
    0x08001e86   0x08001e86   0x00000054   Code   RO         2879    i.USART_GetITStatus  stm32f10x_usart.o
    0x08001eda   0x08001eda   0x0000004a   Code   RO         2881    i.USART_ITConfig    stm32f10x_usart.o
    0x08001f24   0x08001f24   0x000000d8   Code   RO         2882    i.USART_Init        stm32f10x_usart.o
    0x08001ffc   0x08001ffc   0x00000008   Code   RO         2892    i.USART_SendData    stm32f10x_usart.o
    0x08002004   0x08002004   0x000000dc   Code   RO         3644    i.Uart1_Init        esp8266.o
    0x080020e0   0x080020e0   0x00000004   Code   RO         3116    i.UsageFault_Handler  stm32f10x_it.o
    0x080020e4   0x080020e4   0x00000032   Code   RO         3317    i.WaitCardOff       rc522.o
    0x08002116   0x08002116   0x00000058   Code   RO         3689    i.Wheel             ws2812.o
    0x0800216e   0x0800216e   0x00000002   PAD
    0x08002170   0x08002170   0x000000a8   Code   RO         3318    i.WriteRawRC        rc522.o
    0x08002218   0x08002218   0x00000034   Code   RO         3264    i.beepInit          beep.o
    0x0800224c   0x0800224c   0x00000016   Code   RO         3267    i.beepOneSecOn      beep.o
    0x08002262   0x08002262   0x00000002   PAD
    0x08002264   0x08002264   0x00000014   Code   RO         3268    i.beepState         beep.o
    0x08002278   0x08002278   0x0000002a   Code   RO         3839    i.buttonInit        button.o
    0x080022a2   0x080022a2   0x0000001a   Code   RO         3319    i.delay_10ms        rc522.o
    0x080022bc   0x080022bc   0x00000044   Code   RO         3426    i.delay_init        delay.o
    0x08002300   0x08002300   0x0000004c   Code   RO         3427    i.delay_ms          delay.o
    0x0800234c   0x0800234c   0x000000a0   Code   RO         3172    i.genRandCode       main.o
    0x080023ec   0x080023ec   0x00000078   Code   RO         3818    i.getRND            rand.o
    0x08002464   0x08002464   0x0000009c   Code   RO         3819    i.initRND           rand.o
    0x08002500   0x08002500   0x000009b0   Code   RO         3173    i.main              main.o
    0x08002eb0   0x08002eb0   0x00000046   Code   RO         3691    i.rainbowCycle      ws2812.o
    0x08002ef6   0x08002ef6   0x00000002   PAD
    0x08002ef8   0x08002ef8   0x0000002c   Code   RO         3856    i.relay_init        relay.o
    0x08002f24   0x08002f24   0x00000010   Code   RO         3857    i.relay_off         relay.o
    0x08002f34   0x08002f34   0x00000010   Code   RO         3858    i.relay_on          relay.o
    0x08002f44   0x08002f44   0x00000022   Code   RO         3692    i.setvalue          ws2812.o
    0x08002f66   0x08002f66   0x00000002   PAD
    0x08002f68   0x08002f68   0x0000003c   Code   RO         3694    i.ws2812bClearAll   ws2812.o
    0x08002fa4   0x08002fa4   0x0000012c   Code   RO         3695    i.ws2812bInit       ws2812.o
    0x080030d0   0x080030d0   0x00000030   Code   RO         3696    i.ws2812bSend       ws2812.o
    0x08003100   0x08003100   0x000000a0   Code   RO         3697    i.ws2812bSet        ws2812.o
    0x080031a0   0x080031a0   0x0000000e   Code   RO         3698    i.ws2812bSetAll     ws2812.o
    0x080031ae   0x080031ae   0x00001e10   Data   RO         3510    .constdata          oled.o
    0x08004fbe   0x08004fbe   0x00000002   PAD
    0x08004fc0   0x08004fc0   0x00000020   Data   RO         3646    .constdata          esp8266.o
    0x08004fe0   0x08004fe0   0x00000020   Data   RO         4051    Region$$Table       anon$$obj.o


    Execution Region ER_RW (Exec base: 0x20000000, Load base: 0x08005000, Size: 0x00000878, Max: 0xffffffff, ABSOLUTE, COMPRESSED[0x00000210])

    Exec Addr    Load Addr    Size         Type   Attr      Idx    E Section Name        Object

    0x20000000   COMPRESSED   0x00000014   Data   RW           28    .data               system_stm32f10x.o
    0x20000014   COMPRESSED   0x00000014   Data   RW         1729    .data               stm32f10x_rcc.o
    0x20000028   COMPRESSED   0x0000083d   Data   RW         3175    .data               main.o
    0x20000865   COMPRESSED   0x00000001   PAD
    0x20000866   COMPRESSED   0x00000004   Data   RW         3429    .data               delay.o
    0x2000086a   COMPRESSED   0x00000002   Data   RW         3647    .data               esp8266.o
    0x2000086c   COMPRESSED   0x0000000a   Data   RW         3702    .data               ws2812.o
    0x20000876   COMPRESSED   0x00000001   Data   RW         3820    .data               rand.o


    Execution Region ER_ZI (Exec base: 0x20000878, Load base: 0x08005210, Size: 0x00000d80, Max: 0xffffffff, ABSOLUTE)

    Exec Addr    Load Addr    Size         Type   Attr      Idx    E Section Name        Object

    0x20000878        -       0x00000480   Zero   RW         3509    .bss                oled.o
    0x20000cf8        -       0x00000080   Zero   RW         3645    .bss                esp8266.o
    0x20000d78        -       0x0000021c   Zero   RW         3701    .bss                ws2812.o
    0x20000f94        -       0x00000060   Zero   RW         3925    .bss                c_w.l(libspace.o)
    0x20000ff4   0x08005210   0x00000004   PAD
    0x20000ff8        -       0x00000200   Zero   RW            2    HEAP                startup_stm32f10x_md.o
    0x200011f8        -       0x00000400   Zero   RW            1    STACK               startup_stm32f10x_md.o


==============================================================================

Image component sizes


      Code (inc. data)   RO Data    RW Data    ZI Data      Debug   Object Name

        94          8          0          0          0       1362   beep.o
        80          0          0          0          0       1516   button.o
       138          0          0          0          0        891   commonfunction.o
         0          0          0          0          0       4508   core_cm3.o
       144         22          0          4          0       1112   delay.o
       456         38         32          2        128       3629   esp8266.o
      2792        700          0       2109          0       4622   main.o
       152         12          0          0          0       1598   misc.o
      1354         56       7696          0       1152       9183   oled.o
       276         22          0          1          0       1671   rand.o
      1908         28          0          0          0      11686   rc522.o
        76         14          0          0          0       1300   relay.o
        64         26        236          0       1536        912   startup_stm32f10x_md.o
       486         24          0          0          0       8766   stm32f10x_adc.o
       494         28          0          0          0       5718   stm32f10x_dma.o
       314          0          0          0          0       4332   stm32f10x_gpio.o
        26          0          0          0          0       3446   stm32f10x_it.o
       340         44          0         20          0       5651   stm32f10x_rcc.o
       918        126          0          0          0       5680   stm32f10x_tim.o
       432          6          0          0          0       5733   stm32f10x_usart.o
       328         28          0         20          0     268689   system_stm32f10x.o
       872         76          0         10        540       6291   ws2812.o

    ----------------------------------------------------------------------
     11764       1258       7998       2168       3356     358296   Object Totals
         0          0         32          0          0          0   (incl. Generated)
        20          0          2          2          0          0   (incl. Padding)

    ----------------------------------------------------------------------

      Code (inc. data)   RO Data    RW Data    ZI Data      Debug   Library Member Name

       100          0          0          0          0          0   __dclz77c.o
         8          0          0          0          0         68   __main.o
         0          0          0          0          0          0   __rtentry.o
        12          0          0          0          0          0   __rtentry2.o
         6          0          0          0          0          0   __rtentry4.o
        52          8          0          0          0          0   __scatter.o
        28          0          0          0          0          0   __scatter_zi.o
        18          0          0          0          0         80   exit.o
         6          0          0          0          0        152   heapauxi.o
         0          0          0          0          0          0   indicate_semi.o
         2          0          0          0          0          0   libinit.o
         2          0          0          0          0          0   libinit2.o
         2          0          0          0          0          0   libshutdown.o
         2          0          0          0          0          0   libshutdown2.o
         8          4          0          0         96         68   libspace.o
        68          0          0          0          0         68   rt_memclr.o
        78          0          0          0          0         80   rt_memclr_w.o
       100          0          0          0          0         80   rt_memcpy_w.o
         2          0          0          0          0          0   rtexit.o
        10          0          0          0          0          0   rtexit2.o
        24          0          0          0          0         68   strcat.o
        62          0          0          0          0         76   strlen.o
        36          0          0          0          0         80   strstr.o
        12          4          0          0          0         68   sys_exit.o
        74          0          0          0          0         80   sys_stackheap_outer.o
         2          0          0          0          0         68   use_no_semi.o

    ----------------------------------------------------------------------
       718         16          0          0        100       1036   Library Totals
         4          0          0          0          4          0   (incl. Padding)

    ----------------------------------------------------------------------

      Code (inc. data)   RO Data    RW Data    ZI Data      Debug   Library Name

       714         16          0          0         96       1036   c_w.l

    ----------------------------------------------------------------------
       718         16          0          0        100       1036   Library Totals

    ----------------------------------------------------------------------

==============================================================================


      Code (inc. data)   RO Data    RW Data    ZI Data      Debug   

     12482       1274       7998       2168       3456     352880   Grand Totals
     12482       1274       7998        528       3456     352880   ELF Image Totals (compressed)
     12482       1274       7998        528          0          0   ROM Totals

==============================================================================

    Total RO  Size (Code + RO Data)                20480 (  20.00kB)
    Total RW  Size (RW Data + ZI Data)              5624 (   5.49kB)
    Total ROM Size (Code + RO Data + RW Data)      21008 (  20.52kB)

==============================================================================

