Component: ARM Compiler 5.06 update 7 (build 960) Tool: armlink [4d3601]

==============================================================================

Section Cross References

    startup_stm32f10x_md.o(STACK) refers (Special) to heapauxi.o(.text) for __use_two_region_memory
    startup_stm32f10x_md.o(HEAP) refers (Special) to heapauxi.o(.text) for __use_two_region_memory
    startup_stm32f10x_md.o(RESET) refers (Special) to heapauxi.o(.text) for __use_two_region_memory
    startup_stm32f10x_md.o(RESET) refers to startup_stm32f10x_md.o(STACK) for __initial_sp
    startup_stm32f10x_md.o(RESET) refers to startup_stm32f10x_md.o(.text) for Reset_Handler
    startup_stm32f10x_md.o(RESET) refers to stm32f10x_it.o(i.NMI_Handler) for NMI_Handler
    startup_stm32f10x_md.o(RESET) refers to stm32f10x_it.o(i.HardFault_Handler) for HardFault_Handler
    startup_stm32f10x_md.o(RESET) refers to stm32f10x_it.o(i.MemManage_Handler) for MemManage_Handler
    startup_stm32f10x_md.o(RESET) refers to stm32f10x_it.o(i.BusFault_Handler) for BusFault_Handler
    startup_stm32f10x_md.o(RESET) refers to stm32f10x_it.o(i.UsageFault_Handler) for UsageFault_Handler
    startup_stm32f10x_md.o(RESET) refers to stm32f10x_it.o(i.SVC_Handler) for SVC_Handler
    startup_stm32f10x_md.o(RESET) refers to stm32f10x_it.o(i.DebugMon_Handler) for DebugMon_Handler
    startup_stm32f10x_md.o(RESET) refers to stm32f10x_it.o(i.PendSV_Handler) for PendSV_Handler
    startup_stm32f10x_md.o(RESET) refers to stm32f10x_it.o(i.SysTick_Handler) for SysTick_Handler
    startup_stm32f10x_md.o(RESET) refers to ws2812.o(i.DMA1_Channel2_IRQHandler) for DMA1_Channel2_IRQHandler
    startup_stm32f10x_md.o(RESET) refers to esp8266.o(i.USART1_IRQHandler) for USART1_IRQHandler
    startup_stm32f10x_md.o(.text) refers (Special) to heapauxi.o(.text) for __use_two_region_memory
    startup_stm32f10x_md.o(.text) refers to system_stm32f10x.o(i.SystemInit) for SystemInit
    startup_stm32f10x_md.o(.text) refers to __main.o(!!!main) for __main
    startup_stm32f10x_md.o(.text) refers to startup_stm32f10x_md.o(HEAP) for Heap_Mem
    startup_stm32f10x_md.o(.text) refers to startup_stm32f10x_md.o(STACK) for Stack_Mem
    system_stm32f10x.o(i.SetSysClock) refers to system_stm32f10x.o(i.SetSysClockTo72) for SetSysClockTo72
    system_stm32f10x.o(i.SystemCoreClockUpdate) refers to system_stm32f10x.o(.data) for SystemCoreClock
    system_stm32f10x.o(i.SystemInit) refers to system_stm32f10x.o(i.SetSysClock) for SetSysClock
    stm32f10x_adc.o(i.ADC_DeInit) refers to stm32f10x_rcc.o(i.RCC_APB2PeriphResetCmd) for RCC_APB2PeriphResetCmd
    stm32f10x_bkp.o(i.BKP_DeInit) refers to stm32f10x_rcc.o(i.RCC_BackupResetCmd) for RCC_BackupResetCmd
    stm32f10x_can.o(i.CAN_DeInit) refers to stm32f10x_rcc.o(i.RCC_APB1PeriphResetCmd) for RCC_APB1PeriphResetCmd
    stm32f10x_can.o(i.CAN_GetITStatus) refers to stm32f10x_can.o(i.CheckITStatus) for CheckITStatus
    stm32f10x_cec.o(i.CEC_DeInit) refers to stm32f10x_rcc.o(i.RCC_APB1PeriphResetCmd) for RCC_APB1PeriphResetCmd
    stm32f10x_dac.o(i.DAC_DeInit) refers to stm32f10x_rcc.o(i.RCC_APB1PeriphResetCmd) for RCC_APB1PeriphResetCmd
    stm32f10x_flash.o(i.FLASH_EnableWriteProtection) refers to stm32f10x_flash.o(i.FLASH_WaitForLastOperation) for FLASH_WaitForLastOperation
    stm32f10x_flash.o(i.FLASH_EraseAllBank1Pages) refers to stm32f10x_flash.o(i.FLASH_WaitForLastBank1Operation) for FLASH_WaitForLastBank1Operation
    stm32f10x_flash.o(i.FLASH_EraseAllPages) refers to stm32f10x_flash.o(i.FLASH_WaitForLastOperation) for FLASH_WaitForLastOperation
    stm32f10x_flash.o(i.FLASH_EraseOptionBytes) refers to stm32f10x_flash.o(i.FLASH_GetReadOutProtectionStatus) for FLASH_GetReadOutProtectionStatus
    stm32f10x_flash.o(i.FLASH_EraseOptionBytes) refers to stm32f10x_flash.o(i.FLASH_WaitForLastOperation) for FLASH_WaitForLastOperation
    stm32f10x_flash.o(i.FLASH_ErasePage) refers to stm32f10x_flash.o(i.FLASH_WaitForLastOperation) for FLASH_WaitForLastOperation
    stm32f10x_flash.o(i.FLASH_ProgramHalfWord) refers to stm32f10x_flash.o(i.FLASH_WaitForLastOperation) for FLASH_WaitForLastOperation
    stm32f10x_flash.o(i.FLASH_ProgramOptionByteData) refers to stm32f10x_flash.o(i.FLASH_WaitForLastOperation) for FLASH_WaitForLastOperation
    stm32f10x_flash.o(i.FLASH_ProgramWord) refers to stm32f10x_flash.o(i.FLASH_WaitForLastOperation) for FLASH_WaitForLastOperation
    stm32f10x_flash.o(i.FLASH_ReadOutProtection) refers to stm32f10x_flash.o(i.FLASH_WaitForLastOperation) for FLASH_WaitForLastOperation
    stm32f10x_flash.o(i.FLASH_UserOptionByteConfig) refers to stm32f10x_flash.o(i.FLASH_WaitForLastOperation) for FLASH_WaitForLastOperation
    stm32f10x_flash.o(i.FLASH_WaitForLastBank1Operation) refers to stm32f10x_flash.o(i.FLASH_GetBank1Status) for FLASH_GetBank1Status
    stm32f10x_flash.o(i.FLASH_WaitForLastOperation) refers to stm32f10x_flash.o(i.FLASH_GetBank1Status) for FLASH_GetBank1Status
[...]
    i.ws2812bSetAll                          0x0800661c   Section        0  ws2812.o(i.ws2812bSetAll)
    .constdata                               0x0800662a   Section     7696  oled.o(.constdata)
    .constdata                               0x0800843c   Section       32  esp8266.o(.constdata)
    .constdata                               0x0800845c   Section      401  mqrspec.o(.constdata)
    mqrspecCapacity                          0x0800845c   Data         100  mqrspec.o(.constdata)
    lengthTableBits                          0x080084c0   Data          64  mqrspec.o(.constdata)
    formatInfo                               0x08008500   Data         128  mqrspec.o(.constdata)
    typeTable                                0x08008580   Data          60  mqrspec.o(.constdata)
    finder                                   0x080085bc   Data          49  mqrspec.o(.constdata)
    .constdata                               0x080085ed   Section      128  qrinput.o(.constdata)
    .constdata                               0x08008670   Section     3174  qrspec.o(.constdata)
    qrspecCapacity                           0x08008670   Data        1148  qrspec.o(.constdata)
    lengthTableBits                          0x08008aec   Data          48  qrspec.o(.constdata)
    eccTable                                 0x08008b1c   Data        1312  qrspec.o(.constdata)
    alignmentPattern                         0x0800903c   Data         328  qrspec.o(.constdata)
    versionPattern                           0x08009184   Data         136  qrspec.o(.constdata)
    formatInfo                               0x0800920c   Data         128  qrspec.o(.constdata)
    finder                                   0x0800928c   Data          25  qrspec.o(.constdata)
    finder                                   0x080092a5   Data          49  qrspec.o(.constdata)
    .data                                    0x20000000   Section       20  system_stm32f10x.o(.data)
    .data                                    0x20000014   Section       20  stm32f10x_rcc.o(.data)
    APBAHBPrescTable                         0x20000014   Data          16  stm32f10x_rcc.o(.data)
    ADCPrescTable                            0x20000024   Data           4  stm32f10x_rcc.o(.data)
    .data                                    0x20000028   Section     2116  main.o(.data)
    .data                                    0x2000086c   Section        4  delay.o(.data)
    fac_us                                   0x2000086c   Data           1  delay.o(.data)
    fac_ms                                   0x2000086e   Data           2  delay.o(.data)
    .data                                    0x20000870   Section        2  esp8266.o(.data)
    .data                                    0x20000872   Section       10  ws2812.o(.data)
    isInited                                 0x20000872   Data           1  ws2812.o(.data)
    GPIO_InitStruct                          0x20000874   Data           4  ws2812.o(.data)
    NVIC_InitStructure                       0x20000878   Data           4  ws2812.o(.data)
    .data                                    0x2000087c   Section        1  rand.o(.data)
    isInitRND                                0x2000087c   Data           1  rand.o(.data)
    .data                                    0x20000880   Section       32  mask.o(.data)
    maskMakers                               0x20000880   Data          32  mask.o(.data)
    .data                                    0x200008a0   Section       16  mmask.o(.data)
    maskMakers                               0x200008a0   Data          16  mmask.o(.data)
    .data                                    0x200008b0   Section        4  rsecc.o(.data)
    initialized                              0x200008b0   Data           4  rsecc.o(.data)
    .bss                                     0x200008b4   Section     1152  oled.o(.bss)
    .bss                                     0x20000d34   Section      128  esp8266.o(.bss)
    .bss                                     0x20000db4   Section      540  ws2812.o(.bss)
    ws2812bBuff                              0x20000db4   Data         470  ws2812.o(.bss)
    TIM_TimeBaseStruct                       0x20000f8a   Data          10  ws2812.o(.bss)
    TIM_OCInitStruct                         0x20000f94   Data          16  ws2812.o(.bss)
    DMA_InitStruct                           0x20000fa4   Data          44  ws2812.o(.bss)
    .bss                                     0x20000fd0   Section     1440  rsecc.o(.bss)
    alpha                                    0x20000fd0   Data         256  rsecc.o(.bss)
    aindex                                   0x200010d0   Data         256  rsecc.o(.bss)
    generator                                0x200011d0   Data         899  rsecc.o(.bss)
    generatorInitialized                     0x20001553   Data          29  rsecc.o(.bss)
    .bss                                     0x20001570   Section       96  libspace.o(.bss)
    HEAP                                     0x200015d0   Section     4096  startup_stm32f10x_md.o(HEAP)
    Heap_Mem                                 0x200015d0   Data        4096  startup_stm32f10x_md.o(HEAP)
    STACK                                    0x200025d0   Section     8192  startup_stm32f10x_md.o(STACK)
    Stack_Mem                                0x200025d0   Data        8192  startup_stm32f10x_md.o(STACK)
    __initial_sp                             0x200045d0   Data           0  startup_stm32f10x_md.o(STACK)

    Global Symbols

    Symbol Name                              Value     Ov Type        Size  Object(Section)

    BuildAttributes$$THM_ISAv4$P$D$K$B$S$PE$A:L22UL41UL21$X:L11$S22US41US21$IEEE1$IW$USESV6$~STKCKD$USESV7$~SHL$OTIME$ROPI$EBA8$UX$STANDARDLIB$REQ8$PRES8$EABIv2 0x00000000   Number         0  anon$$obj.o ABSOLUTE
    __ARM_use_no_argv                        0x00000000   Number         0  main.o ABSOLUTE
    __ARM_exceptions_init                     - Undefined Weak Reference
    __alloca_initialize                       - Undefined Weak Reference
    __arm_fini_                               - Undefined Weak Reference
    __arm_preinit_                            - Undefined Weak Reference
    __cpp_initialize__aeabi_                  - Undefined Weak Reference
    __cxa_finalize                            - Undefined Weak Reference
    __rt_locale                               - Undefined Weak Reference
    __sigvec_lookup                           - Undefined Weak Reference
    __user_heap_extent                        - Undefined Weak Reference
    _atexit_init                              - Undefined Weak Reference
    _call_atexit_fns                          - Undefined Weak Reference
    _clock_init                               - Undefined Weak Reference
    _fp_trap_init                             - Undefined Weak Reference
    _fp_trap_shutdown                         - Undefined Weak Reference
    _get_lc_collate                           - Undefined Weak Reference
    _get_lc_ctype                             - Undefined Weak Reference
    _get_lc_monetary                          - Undefined Weak Reference
    _get_lc_numeric                           - Undefined Weak Reference
    _get_lc_time                              - Undefined Weak Reference
    _getenv_init                              - Undefined Weak Reference
    _handle_redirection                       - Undefined Weak Reference
    _initio                                   - Undefined Weak Reference
    _mutex_acquire                            - Undefined Weak Reference
    _mutex_free                               - Undefined Weak Reference
    _mutex_release                            - Undefined Weak Reference
    _rand_init                                - Undefined Weak Reference
    _signal_finish                            - Undefined Weak Reference
    _signal_init                              - Undefined Weak Reference
    _terminateio                              - Undefined Weak Reference
    __Vectors_Size                           0x000000ec   Number         0  startup_stm32f10x_md.o ABSOLUTE
    __Vectors                                0x08000000   Data           4  startup_stm32f10x_md.o(RESET)
    __Vectors_End                            0x080000ec   Data           0  startup_stm32f10x_md.o(RESET)
    __main                                   0x080000ed   Thumb Code     8  __main.o(!!!main)
    __scatterload                            0x080000f5   Thumb Code     0  __scatter.o(!!!scatter)
    __scatterload_rt2                        0x080000f5   Thumb Code    44  __scatter.o(!!!scatter)
    __scatterload_rt2_thumb_only             0x080000f5   Thumb Code     0  __scatter.o(!!!scatter)
    __scatterload_null                       0x08000103   Thumb Code     0  __scatter.o(!!!scatter)
    __decompress                             0x08000129   Thumb Code   100  __dclz77c.o(!!dclz77c)
    __decompress2                            0x08000129   Thumb Code     0  __dclz77c.o(!!dclz77c)
    __scatterload_zeroinit                   0x0800018d   Thumb Code    28  __scatter_zi.o(!!handler_zi)
    __rt_lib_init                            0x080001a9   Thumb Code     0  libinit.o(.ARM.Collect$$libinit$$00000000)
    __rt_lib_init_fp_1                       0x080001ab   Thumb Code     0  libinit2.o(.ARM.Collect$$libinit$$00000002)
    __rt_lib_init_heap_2                     0x080001ab   Thumb Code     0  libinit2.o(.ARM.Collect$$libinit$$00000005)
    __rt_lib_init_preinit_1                  0x080001ab   Thumb Code     0  libinit2.o(.ARM.Collect$$libinit$$00000004)
    __rt_lib_init_alloca_1                   0x080001b3   Thumb Code     0  libinit2.o(.ARM.Collect$$libinit$$0000002E)
    __rt_lib_init_argv_1                     0x080001b3   Thumb Code     0  libinit2.o(.ARM.Collect$$libinit$$0000002C)
    __rt_lib_init_atexit_1                   0x080001b3   Thumb Code     0  libinit2.o(.ARM.Collect$$libinit$$0000001B)
    __rt_lib_init_clock_1                    0x080001b3   Thumb Code     0  libinit2.o(.ARM.Collect$$libinit$$00000021)
    __rt_lib_init_cpp_1                      0x080001b3   Thumb Code     0  libinit2.o(.ARM.Collect$$libinit$$00000032)
    __rt_lib_init_exceptions_1               0x080001b3   Thumb Code     0  libinit2.o(.ARM.Collect$$libinit$$00000030)
    __rt_lib_init_fp_trap_1                  0x080001b3   Thumb Code     0  libinit2.o(.ARM.Collect$$libinit$$0000001F)
    __rt_lib_init_getenv_1                   0x080001b3   Thumb Code     0  libinit2.o(.ARM.Collect$$libinit$$00000023)
    __rt_lib_init_heap_1                     0x080001b3   Thumb Code     0  libinit2.o(.ARM.Collect$$libinit$$0000000A)
    __rt_lib_init_lc_collate_1               0x080001b3   Thumb Code     0  libinit2.o(.ARM.Collect$$libinit$$00000011)
    __rt_lib_init_lc_ctype_1                 0x080001b3   Thumb Code     0  libinit2.o(.ARM.Collect$$libinit$$00000013)
    __rt_lib_init_lc_monetary_1              0x080001b3   Thumb Code     0  libinit2.o(.ARM.Collect$$libinit$$00000015)
    __rt_lib_init_lc_numeric_1               0x080001b3   Thumb Code     0  libinit2.o(.ARM.Collect$$libinit$$00000017)
    __rt_lib_init_lc_time_1                  0x080001b3   Thumb Code     0  libinit2.o(.ARM.Collect$$libinit$$00000019)
    __rt_lib_init_rand_1                     0x080001b3   Thumb Code     0  libinit2.o(.ARM.Collect$$libinit$$0000000E)
    __rt_lib_init_return                     0x080001b3   Thumb Code     0  libinit2.o(.ARM.Collect$$libinit$$00000033)
    __rt_lib_init_signal_1                   0x080001b3   Thumb Code     0  libinit2.o(.ARM.Collect$$libinit$$0000001D)
    __rt_lib_init_stdio_1                    0x080001b3   Thumb Code     0  libinit2.o(.ARM.Collect$$libinit$$00000025)
    __rt_lib_init_user_alloc_1               0x080001b3   Thumb Code     0  libinit2.o(.ARM.Collect$$libinit$$0000000C)
    __rt_lib_shutdown                        0x080001b5   Thumb Code     0  libshutdown.o(.ARM.Collect$$libshutdown$$00000000)
    __rt_lib_shutdown_cpp_1                  0x080001b7   Thumb Code     0  libshutdown2.o(.ARM.Collect$$libshutdown$$00000004)
    __rt_lib_shutdown_fini_1                 0x080001b7   Thumb Code     0  libshutdown2.o(.ARM.Collect$$libshutdown$$00000002)
    __rt_lib_shutdown_fp_trap_1              0x080001b7   Thumb Code     0  libshutdown2.o(.ARM.Collect$$libshutdown$$00000009)
    __rt_lib_shutdown_heap_1                 0x080001b7   Thumb Code     0  libshutdown2.o(.ARM.Collect$$libshutdown$$00000011)
    __rt_lib_shutdown_return                 0x080001b7   Thumb Code     0  libshutdown2.o(.ARM.Collect$$libshutdown$$00000012)
    __rt_lib_shutdown_signal_1               0x080001b7   Thumb Code     0  libshutdown2.o(.ARM.Collect$$libshutdown$$0000000C)
    __rt_lib_shutdown_stdio_1                0x080001b7   Thumb Code     0  libshutdown2.o(.ARM.Collect$$libshutdown$$00000006)
    __rt_lib_shutdown_user_alloc_1           0x080001b7   Thumb Code     0  libshutdown2.o(.ARM.Collect$$libshutdown$$0000000E)
    __rt_entry                               0x080001b9   Thumb Code     0  __rtentry.o(.ARM.Collect$$rtentry$$00000000)
    __rt_entry_presh_1                       0x080001b9   Thumb Code     0  __rtentry2.o(.ARM.Collect$$rtentry$$00000002)
    __rt_entry_sh                            0x080001b9   Thumb Code     0  __rtentry4.o(.ARM.Collect$$rtentry$$00000004)
    __rt_entry_li                            0x080001bf   Thumb Code     0  __rtentry2.o(.ARM.Collect$$rtentry$$0000000A)
    __rt_entry_postsh_1                      0x080001bf   Thumb Code     0  __rtentry2.o(.ARM.Collect$$rtentry$$00000009)
    __rt_entry_main                          0x080001c3   Thumb Code     0  __rtentry2.o(.ARM.Collect$$rtentry$$0000000D)
    __rt_entry_postli_1                      0x080001c3   Thumb Code     0  __rtentry2.o(.ARM.Collect$$rtentry$$0000000C)
    __rt_exit                                0x080001cb   Thumb Code     0  rtexit.o(.ARM.Collect$$rtexit$$00000000)
    __rt_exit_ls                             0x080001cd   Thumb Code     0  rtexit2.o(.ARM.Collect$$rtexit$$00000003)
    __rt_exit_prels_1                        0x080001cd   Thumb Code     0  rtexit2.o(.ARM.Collect$$rtexit$$00000002)
    __rt_exit_exit                           0x080001d1   Thumb Code     0  rtexit2.o(.ARM.Collect$$rtexit$$00000004)
    Reset_Handler                            0x080001d9   Thumb Code     8  startup_stm32f10x_md.o(.text)
    _maybe_terminate_alloc                   0x080001d9   Thumb Code     0  maybetermalloc1.o(.emb_text)
    ADC1_2_IRQHandler                        0x080001f3   Thumb Code     0  startup_stm32f10x_md.o(.text)
    CAN1_RX1_IRQHandler                      0x080001f3   Thumb Code     0  startup_stm32f10x_md.o(.text)
    CAN1_SCE_IRQHandler                      0x080001f3   Thumb Code     0  startup_stm32f10x_md.o(.text)
    DMA1_Channel1_IRQHandler                 0x080001f3   Thumb Code     0  startup_stm32f10x_md.o(.text)
    DMA1_Channel3_IRQHandler                 0x080001f3   Thumb Code     0  startup_stm32f10x_md.o(.text)
    DMA1_Channel4_IRQHandler                 0x080001f3   Thumb Code     0  startup_stm32f10x_md.o(.text)
    DMA1_Channel5_IRQHandler                 0x080001f3   Thumb Code     0  startup_stm32f10x_md.o(.text)
    DMA1_Channel6_IRQHandler                 0x080001f3   Thumb Code     0  startup_stm32f10x_md.o(.text)
    DMA1_Channel7_IRQHandler                 0x080001f3   Thumb Code     0  startup_stm32f10x_md.o(.text)
    EXTI0_IRQHandler                         0x080001f3   Thumb Code     0  startup_stm32f10x_md.o(.text)
    EXTI15_10_IRQHandler                     0x080001f3   Thumb Code     0  startup_stm32f10x_md.o(.text)
    EXTI1_IRQHandler                         0x080001f3   Thumb Code     0  startup_stm32f10x_md.o(.text)
    EXTI2_IRQHandler                         0x080001f3   Thumb Code     0  startup_stm32f10x_md.o(.text)
    EXTI3_IRQHandler                         0x080001f3   Thumb Code     0  startup_stm32f10x_md.o(.text)
    EXTI4_IRQHandler                         0x080001f3   Thumb Code     0  startup_stm32f10x_md.o(.text)
    EXTI9_5_IRQHandler                       0x080001f3   Thumb Code     0  startup_stm32f10x_md.o(.text)
    FLASH_IRQHandler                         0x080001f3   Thumb Code     0  startup_stm32f10x_md.o(.text)
    I2C1_ER_IRQHandler                       0x080001f3   Thumb Code     0  startup_stm32f10x_md.o(.text)
    I2C1_EV_IRQHandler                       0x080001f3   Thumb Code     0  startup_stm32f10x_md.o(.text)
    I2C2_ER_IRQHandler                       0x080001f3   Thumb Code     0  startup_stm32f10x_md.o(.text)
    I2C2_EV_IRQHandler                       0x080001f3   Thumb Code     0  startup_stm32f10x_md.o(.text)
    PVD_IRQHandler                           0x080001f3   Thumb Code     0  startup_stm32f10x_md.o(.text)
    RCC_IRQHandler                           0x080001f3   Thumb Code     0  startup_stm32f10x_md.o(.text)
    RTCAlarm_IRQHandler                      0x080001f3   Thumb Code     0  startup_stm32f10x_md.o(.text)
    RTC_IRQHandler                           0x080001f3   Thumb Code     0  startup_stm32f10x_md.o(.text)
    SPI1_IRQHandler                          0x080001f3   Thumb Code     0  startup_stm32f10x_md.o(.text)
    SPI2_IRQHandler                          0x080001f3   Thumb Code     0  startup_stm32f10x_md.o(.text)
    TAMPER_IRQHandler                        0x080001f3   Thumb Code     0  startup_stm32f10x_md.o(.text)
    TIM1_BRK_IRQHandler                      0x080001f3   Thumb Code     0  startup_stm32f10x_md.o(.text)
    TIM1_CC_IRQHandler                       0x080001f3   Thumb Code     0  startup_stm32f10x_md.o(.text)
    TIM1_TRG_COM_IRQHandler                  0x080001f3   Thumb Code     0  startup_stm32f10x_md.o(.text)
    TIM1_UP_IRQHandler                       0x080001f3   Thumb Code     0  startup_stm32f10x_md.o(.text)
    TIM2_IRQHandler                          0x080001f3   Thumb Code     0  startup_stm32f10x_md.o(.text)
    TIM3_IRQHandler                          0x080001f3   Thumb Code     0  startup_stm32f10x_md.o(.text)
    TIM4_IRQHandler                          0x080001f3   Thumb Code     0  startup_stm32f10x_md.o(.text)
    USART2_IRQHandler                        0x080001f3   Thumb Code     0  startup_stm32f10x_md.o(.text)
    USART3_IRQHandler                        0x080001f3   Thumb Code     0  startup_stm32f10x_md.o(.text)
    USBWakeUp_IRQHandler                     0x080001f3   Thumb Code     0  startup_stm32f10x_md.o(.text)
    USB_HP_CAN1_TX_IRQHandler                0x080001f3   Thumb Code     0  startup_stm32f10x_md.o(.text)
    USB_LP_CAN1_RX0_IRQHandler               0x080001f3   Thumb Code     0  startup_stm32f10x_md.o(.text)
    WWDG_IRQHandler                          0x080001f3   Thumb Code     0  startup_stm32f10x_md.o(.text)
    __user_initial_stackheap                 0x080001f5   Thumb Code     0  startup_stm32f10x_md.o(.text)
    __aeabi_errno_addr                       0x08000219   Thumb Code     8  rt_errno_addr_intlibspace.o(.text)
    __errno$intlibspace                      0x08000219   Thumb Code     0  rt_errno_addr_intlibspace.o(.text)
    __rt_errno_addr$intlibspace              0x08000219   Thumb Code     0  rt_errno_addr_intlibspace.o(.text)
    calloc                                   0x08000221   Thumb Code    40  calloc.o(.text)
    malloc                                   0x08000249   Thumb Code    94  h1_alloc.o(.text)
    free                                     0x080002a7   Thumb Code    78  h1_free.o(.text)
    realloc                                  0x080002f5   Thumb Code   184  h1_realloc.o(.text)
    strstr                                   0x080003ad   Thumb Code    36  strstr.o(.text)
    strlen                                   0x080003d1   Thumb Code    62  strlen.o(.text)
    strcat                                   0x0800040f   Thumb Code    24  strcat.o(.text)
    __aeabi_memcpy                           0x08000427   Thumb Code     0  rt_memcpy_v6.o(.text)
    __rt_memcpy                              0x08000427   Thumb Code   138  rt_memcpy_v6.o(.text)
    _memcpy_lastbytes                        0x0800048d   Thumb Code     0  rt_memcpy_v6.o(.text)
    __aeabi_memmove                          0x080004b1   Thumb Code     0  rt_memmove_v6.o(.text)
    __rt_memmove                             0x080004b1   Thumb Code   132  rt_memmove_v6.o(.text)
    __memmove_lastfew                        0x08000511   Thumb Code     0  rt_memmove_v6.o(.text)
    memcpy                                   0x08000535   Thumb Code     8  memcpy.o(.text)
    __aeabi_memcpy4                          0x0800053d   Thumb Code     0  rt_memcpy_w.o(.text)
    __aeabi_memcpy8                          0x0800053d   Thumb Code     0  rt_memcpy_w.o(.text)
    __rt_memcpy_w                            0x0800053d   Thumb Code   100  rt_memcpy_w.o(.text)
    _memcpy_lastbytes_aligned                0x08000585   Thumb Code     0  rt_memcpy_w.o(.text)
    __aeabi_memset                           0x080005a1   Thumb Code    16  aeabi_memset.o(.text)
    __aeabi_memclr                           0x080005b1   Thumb Code     0  rt_memclr.o(.text)
    __rt_memclr                              0x080005b1   Thumb Code    68  rt_memclr.o(.text)
    _memset                                  0x080005b5   Thumb Code     0  rt_memclr.o(.text)
    __aeabi_memclr4                          0x080005f5   Thumb Code     0  rt_memclr_w.o(.text)
    __aeabi_memclr8                          0x080005f5   Thumb Code     0  rt_memclr_w.o(.text)
    __rt_memclr_w                            0x080005f5   Thumb Code    78  rt_memclr_w.o(.text)
    _memset_w                                0x080005f9   Thumb Code     0  rt_memclr_w.o(.text)
    __use_two_region_memory                  0x08000643   Thumb Code     2  heapauxi.o(.text)
    __rt_heap_escrow                         0x08000645   Thumb Code     2  heapauxi.o(.text)
    __rt_heap_expand                         0x08000647   Thumb Code     2  heapauxi.o(.text)
    __user_libspace                          0x08000649   Thumb Code     8  libspace.o(.text)
    __user_perproc_libspace                  0x08000649   Thumb Code     0  libspace.o(.text)
    __user_perthread_libspace                0x08000649   Thumb Code     0  libspace.o(.text)
    __rt_heap_descriptor                     0x08000651   Thumb Code     8  rt_heap_descriptor_intlibspace.o(.text)
    __use_no_heap                            0x08000659   Thumb Code     2  hguard.o(.text)
    __heap$guard                             0x0800065b   Thumb Code     2  hguard.o(.text)
    _terminate_user_alloc                    0x0800065d   Thumb Code     2  init_alloc.o(.text)
    _init_user_alloc                         0x0800065f   Thumb Code     2  init_alloc.o(.text)
    __Heap_Full                              0x08000661   Thumb Code    34  init_alloc.o(.text)
    __Heap_Broken                            0x08000683   Thumb Code     6  init_alloc.o(.text)
    _init_alloc                              0x08000689   Thumb Code    94  init_alloc.o(.text)
    __Heap_Initialize                        0x080006e7   Thumb Code    10  h1_init.o(.text)
    __Heap_DescSize                          0x080006f1   Thumb Code     4  h1_init.o(.text)
    __aeabi_memmove4                         0x080006f5   Thumb Code     0  rt_memmove_w.o(.text)
    __aeabi_memmove8                         0x080006f5   Thumb Code     0  rt_memmove_w.o(.text)
    __rt_memmove_w                           0x080006f5   Thumb Code   122  rt_memmove_w.o(.text)
    __memmove_aligned                        0x0800071b   Thumb Code     0  rt_memmove_w.o(.text)
    __memmove_lastfew_aligned                0x08000753   Thumb Code     0  rt_memmove_w.o(.text)
    __Heap_ProvideMemory                     0x0800076f   Thumb Code    52  h1_extend.o(.text)
    __rt_SIGRTMEM                            0x080007a3   Thumb Code    14  defsig_rtmem_outer.o(.text)
    __I$use$semihosting                      0x080007b1   Thumb Code     0  use_no_semi.o(.text)
    __use_no_semihosting_swi                 0x080007b1   Thumb Code     2  use_no_semi.o(.text)
    __semihosting_library_function           0x080007b3   Thumb Code     0  indicate_semi.o(.text)
    __user_setup_stackheap                   0x080007b3   Thumb Code    74  sys_stackheap_outer.o(.text)
    exit                                     0x080007fd   Thumb Code    18  exit.o(.text)
    __sig_exit                               0x0800080f   Thumb Code    10  defsig_exit.o(.text)
    __rt_SIGRTMEM_inner                      0x08000819   Thumb Code    22  defsig_rtmem_inner.o(.text)
    _sys_exit                                0x08000869   Thumb Code     8  sys_exit.o(.text)
    __default_signal_display                 0x08000875   Thumb Code    50  defsig_general.o(.text)
    _ttywrch                                 0x080008a7   Thumb Code    14  sys_wrch.o(.text)
    ADC_Cmd                                  0x080008b5   Thumb Code    22  stm32f10x_adc.o(i.ADC_Cmd)
    ADC_DeInit                               0x080008cd   Thumb Code    78  stm32f10x_adc.o(i.ADC_DeInit)
    ADC_GetCalibrationStatus                 0x08000929   Thumb Code    20  stm32f10x_adc.o(i.ADC_GetCalibrationStatus)
    ADC_GetConversionValue                   0x0800093d   Thumb Code     8  stm32f10x_adc.o(i.ADC_GetConversionValue)
    ADC_GetFlagStatus                        0x08000945   Thumb Code    18  stm32f10x_adc.o(i.ADC_GetFlagStatus)
    ADC_GetResetCalibrationStatus            0x08000957   Thumb Code    20  stm32f10x_adc.o(i.ADC_GetResetCalibrationStatus)
    ADC_Init                                 0x0800096d   Thumb Code    70  stm32f10x_adc.o(i.ADC_Init)
    ADC_RegularChannelConfig                 0x080009bd   Thumb Code   184  stm32f10x_adc.o(i.ADC_RegularChannelConfig)
    ADC_ResetCalibration                     0x08000a75   Thumb Code    10  stm32f10x_adc.o(i.ADC_ResetCalibration)
    ADC_SoftwareStartConvCmd                 0x08000a7f   Thumb Code    22  stm32f10x_adc.o(i.ADC_SoftwareStartConvCmd)
    ADC_StartCalibration                     0x08000a95   Thumb Code    10  stm32f10x_adc.o(i.ADC_StartCalibration)
    BitStream_appendBytes                    0x08000a9f   Thumb Code    74  bitstream.o(i.BitStream_appendBytes)
    BitStream_appendNum                      0x08000ae9   Thumb Code    70  bitstream.o(i.BitStream_appendNum)
    BitStream_free                           0x08000b53   Thumb Code    20  bitstream.o(i.BitStream_free)
    BitStream_new                            0x08000b67   Thumb Code    50  bitstream.o(i.BitStream_new)
    BitStream_toByte                         0x08000b99   Thumb Code   136  bitstream.o(i.BitStream_toByte)
    BusFault_Handler                         0x08000c83   Thumb Code     4  stm32f10x_it.o(i.BusFault_Handler)
    CalulateCRC                              0x08000c87   Thumb Code   108  rc522.o(i.CalulateCRC)
    ClearBitMask                             0x08000cf3   Thumb Code    28  rc522.o(i.ClearBitMask)
    DMA1_Channel2_IRQHandler                 0x08000d11   Thumb Code    44  ws2812.o(i.DMA1_Channel2_IRQHandler)
    DMA_ClearFlag                            0x08000d45   Thumb Code    18  stm32f10x_dma.o(i.DMA_ClearFlag)
    DMA_ClearITPendingBit                    0x08000d61   Thumb Code    18  stm32f10x_dma.o(i.DMA_ClearITPendingBit)
    DMA_Cmd                                  0x08000d7d   Thumb Code    24  stm32f10x_dma.o(i.DMA_Cmd)
    DMA_DeInit                               0x08000d95   Thumb Code   324  stm32f10x_dma.o(i.DMA_DeInit)
    DMA_ITConfig                             0x08000ee1   Thumb Code    18  stm32f10x_dma.o(i.DMA_ITConfig)
    DMA_Init                                 0x08000ef3   Thumb Code    60  stm32f10x_dma.o(i.DMA_Init)
    DMA_SetCurrDataCounter                   0x08000f2f   Thumb Code     4  stm32f10x_dma.o(i.DMA_SetCurrDataCounter)
    DebugMon_Handler                         0x08000f33   Thumb Code     2  stm32f10x_it.o(i.DebugMon_Handler)
    ESP8266_Init                             0x08000f35   Thumb Code    16  esp8266.o(i.ESP8266_Init)
    ESP8266_Send_Answer                      0x08000f45   Thumb Code    96  esp8266.o(i.ESP8266_Send_Answer)
    GPIO_Init                                0x08001073   Thumb Code   278  stm32f10x_gpio.o(i.GPIO_Init)
    GPIO_ReadInputDataBit                    0x08001189   Thumb Code    18  stm32f10x_gpio.o(i.GPIO_ReadInputDataBit)
    GPIO_ResetBits                           0x0800119b   Thumb Code     4  stm32f10x_gpio.o(i.GPIO_ResetBits)
    GPIO_SetBits                             0x0800119f   Thumb Code     4  stm32f10x_gpio.o(i.GPIO_SetBits)
    GPIO_WriteBit                            0x080011a3   Thumb Code    10  stm32f10x_gpio.o(i.GPIO_WriteBit)
    GRB_to_RGB                               0x080011ad   Thumb Code    46  ws2812.o(i.GRB_to_RGB)
    HardFault_Handler                        0x080011db   Thumb Code     4  stm32f10x_it.o(i.HardFault_Handler)
    HexToStr                                 0x080011df   Thumb Code   138  commonfunction.o(i.HexToStr)
    I2C_Start                                0x08001269   Thumb Code    48  oled.o(i.I2C_Start)
    I2C_Stop                                 0x0800129d   Thumb Code    32  oled.o(i.I2C_Stop)
    I2C_WaitAck                              0x080012c1   Thumb Code    40  oled.o(i.I2C_WaitAck)
    IIC_delay                                0x080012ed   Thumb Code    16  oled.o(i.IIC_delay)
    Key_Scan                                 0x080012fd   Thumb Code    38  button.o(i.Key_Scan)
    M500PcdConfigISOType                     0x08001323   Thumb Code    92  rc522.o(i.M500PcdConfigISOType)
    MMask_evaluateSymbol                     0x0800137f   Thumb Code    76  mmask.o(i.MMask_evaluateSymbol)
    MMask_makeMask                           0x080013cd   Thumb Code    90  mmask.o(i.MMask_makeMask)
    MMask_mask                               0x0800142d   Thumb Code   138  mmask.o(i.MMask_mask)
    MMask_writeFormatInformation             0x080014bd   Thumb Code    94  mmask.o(i.MMask_writeFormatInformation)
    MQRraw_free                              0x0800151b   Thumb Code    32  qrencode.o(i.MQRraw_free)
    MQRraw_getCode                           0x0800153b   Thumb Code    56  qrencode.o(i.MQRraw_getCode)
    MQRraw_new                               0x08001573   Thumb Code   156  qrencode.o(i.MQRraw_new)
    MQRspec_getDataLength                    0x080016d1   Thumb Code    26  mqrspec.o(i.MQRspec_getDataLength)
    MQRspec_getDataLengthBit                 0x080016ed   Thumb Code    50  mqrspec.o(i.MQRspec_getDataLengthBit)
    MQRspec_getECCLength                     0x08001725   Thumb Code    20  mqrspec.o(i.MQRspec_getECCLength)
    MQRspec_getFormatInfo                    0x0800173d   Thumb Code    70  mqrspec.o(i.MQRspec_getFormatInfo)
    MQRspec_getWidth                         0x0800178d   Thumb Code    14  mqrspec.o(i.MQRspec_getWidth)
    MQRspec_lengthIndicator                  0x080017a1   Thumb Code    16  mqrspec.o(i.MQRspec_lengthIndicator)
    MQRspec_maximumWords                     0x080017b5   Thumb Code    30  mqrspec.o(i.MQRspec_maximumWords)
    MQRspec_newFrame                         0x080017d9   Thumb Code    24  mqrspec.o(i.MQRspec_newFrame)
    Mask_calcN1N3                            0x080017f1   Thumb Code   156  mask.o(i.Mask_calcN1N3)
    Mask_calcN2                              0x0800188d   Thumb Code   138  mask.o(i.Mask_calcN2)
    Mask_calcRunLengthH                      0x08001917   Thumb Code    80  mask.o(i.Mask_calcRunLengthH)
    Mask_calcRunLengthV                      0x08001967   Thumb Code    88  mask.o(i.Mask_calcRunLengthV)
    Mask_evaluateSymbol                      0x080019bf   Thumb Code   104  mask.o(i.Mask_evaluateSymbol)
    Mask_makeMask                            0x08001a29   Thumb Code    80  mask.o(i.Mask_makeMask)
    Mask_mask                                0x08001a7d   Thumb Code   184  mask.o(i.Mask_mask)
    Mask_writeFormatInformation              0x08001edb   Thumb Code   156  mask.o(i.Mask_writeFormatInformation)
    MemManage_Handler                        0x08001f77   Thumb Code     4  stm32f10x_it.o(i.MemManage_Handler)
    NMI_Handler                              0x08001f7b   Thumb Code     2  stm32f10x_it.o(i.NMI_Handler)
    NVIC_Init                                0x08001f7d   Thumb Code   100  misc.o(i.NVIC_Init)
    OLED_Clear                               0x08001fed   Thumb Code    42  oled.o(i.OLED_Clear)
    OLED_ColorTurn                           0x0800201d   Thumb Code    28  oled.o(i.OLED_ColorTurn)
    OLED_DisplayTurn                         0x08002039   Thumb Code    44  oled.o(i.OLED_DisplayTurn)
    OLED_DrawPoint                           0x08002065   Thumb Code   114  oled.o(i.OLED_DrawPoint)
    OLED_Init                                0x080020dd   Thumb Code   334  oled.o(i.OLED_Init)
    OLED_Refresh                             0x08002231   Thumb Code   100  oled.o(i.OLED_Refresh)
    OLED_ShowChar                            0x08002299   Thumb Code   300  oled.o(i.OLED_ShowChar)
    OLED_ShowString                          0x080023d5   Thumb Code    74  oled.o(i.OLED_ShowString)
    OLED_WR_Byte                             0x0800241f   Thumb Code    56  oled.o(i.OLED_WR_Byte)
    PcdAntennaOff                            0x08002457   Thumb Code    12  rc522.o(i.PcdAntennaOff)
    PcdAntennaOn                             0x08002463   Thumb Code    26  rc522.o(i.PcdAntennaOn)
    PcdAnticoll                              0x0800247d   Thumb Code   112  rc522.o(i.PcdAnticoll)
    PcdAuthState                             0x080024ed   Thumb Code   110  rc522.o(i.PcdAuthState)
    PcdComMF522                              0x0800255b   Thumb Code   306  rc522.o(i.PcdComMF522)
    PcdRead                                  0x0800268d   Thumb Code    84  rc522.o(i.PcdRead)
    PcdRequest                               0x080026e1   Thumb Code    84  rc522.o(i.PcdRequest)
    PcdReset                                 0x08002735   Thumb Code   176  rc522.o(i.PcdReset)
    PcdSelect                                0x080027ed   Thumb Code   114  rc522.o(i.PcdSelect)
    PendSV_Handler                           0x0800285f   Thumb Code     2  stm32f10x_it.o(i.PendSV_Handler)
    QRcode_encodeInput                       0x08002861   Thumb Code    32  qrencode.o(i.QRcode_encodeInput)
    QRcode_encodeMask                        0x08002881   Thumb Code   448  qrencode.o(i.QRcode_encodeMask)
    QRcode_encodeMaskMQR                     0x08002a41   Thumb Code   448  qrencode.o(i.QRcode_encodeMaskMQR)
    QRcode_encodeString                      0x08002c01   Thumb Code    36  qrencode.o(i.QRcode_encodeString)
    QRcode_free                              0x08002ca9   Thumb Code    20  qrencode.o(i.QRcode_free)
    QRcode_new                               0x08002cbd   Thumb Code    36  qrencode.o(i.QRcode_new)
    QRinput_append                           0x08002d63   Thumb Code    46  qrinput.o(i.QRinput_append)
    QRinput_check                            0x08002f4f   Thumb Code   110  qrinput.o(i.QRinput_check)
    QRinput_estimateBitStreamSize            0x080037d7   Thumb Code    38  qrinput.o(i.QRinput_estimateBitStreamSize)
    QRinput_estimateBitsMode8                0x080038c1   Thumb Code     6  qrinput.o(i.QRinput_estimateBitsMode8)
    QRinput_estimateBitsModeAn               0x080038c7   Thumb Code    28  qrinput.o(i.QRinput_estimateBitsModeAn)
    QRinput_estimateBitsModeKanji            0x08003905   Thumb Code    18  qrinput.o(i.QRinput_estimateBitsModeKanji)
    QRinput_estimateBitsModeNum              0x08003917   Thumb Code    44  qrinput.o(i.QRinput_estimateBitsModeNum)
    QRinput_estimateVersion                  0x08003943   Thumb Code    62  qrinput.o(i.QRinput_estimateVersion)
    QRinput_free                             0x08003981   Thumb Code    32  qrinput.o(i.QRinput_free)
    QRinput_getBitStream                     0x080039a1   Thumb Code    66  qrinput.o(i.QRinput_getBitStream)
    QRinput_getByteStream                    0x080039e3   Thumb Code    62  qrinput.o(i.QRinput_getByteStream)
    QRinput_getVersion                       0x08003a21   Thumb Code     6  qrinput.o(i.QRinput_getVersion)
    QRinput_isSplittableMode                 0x08003a83   Thumb Code    18  qrinput.o(i.QRinput_isSplittableMode)
    QRinput_mergeBitStream                   0x08003a95   Thumb Code    70  qrinput.o(i.QRinput_mergeBitStream)
    QRinput_new2                             0x08003adb   Thumb Code    66  qrinput.o(i.QRinput_new2)
    QRinput_newMQR                           0x08003b1d   Thumb Code    64  qrinput.o(i.QRinput_newMQR)
    QRinput_setVersion                       0x08003b5d   Thumb Code    36  qrinput.o(i.QRinput_setVersion)
    QRraw_free                               0x08003b81   Thumb Code    32  qrencode.o(i.QRraw_free)
    QRraw_getCode                            0x08003ba1   Thumb Code   122  qrencode.o(i.QRraw_getCode)
    QRraw_new                                0x08003c1b   Thumb Code   186  qrencode.o(i.QRraw_new)
    QRspec_getDataLength                     0x08003e9d   Thumb Code    36  qrspec.o(i.QRspec_getDataLength)
    QRspec_getECCLength                      0x08003ec5   Thumb Code    20  qrspec.o(i.QRspec_getECCLength)
    QRspec_getEccSpec                        0x08003edd   Thumb Code   106  qrspec.o(i.QRspec_getEccSpec)
    QRspec_getFormatInfo                     0x08003f4d   Thumb Code    26  qrspec.o(i.QRspec_getFormatInfo)
    QRspec_getMinimumVersion                 0x08003f6d   Thumb Code    58  qrspec.o(i.QRspec_getMinimumVersion)
    QRspec_getRemainder                      0x08003fad   Thumb Code    16  qrspec.o(i.QRspec_getRemainder)
    QRspec_getVersionPattern                 0x08003fc1   Thumb Code    24  qrspec.o(i.QRspec_getVersionPattern)
    QRspec_getWidth                          0x08003fdd   Thumb Code    14  qrspec.o(i.QRspec_getWidth)
    QRspec_lengthIndicator                   0x08003ff1   Thumb Code    52  qrspec.o(i.QRspec_lengthIndicator)
    QRspec_maximumWords                      0x08004029   Thumb Code    72  qrspec.o(i.QRspec_maximumWords)
    QRspec_newFrame                          0x08004075   Thumb Code    24  qrspec.o(i.QRspec_newFrame)
    RC522_Init                               0x08004189   Thumb Code   210  rc522.o(i.RC522_Init)
    RC522_System_Init                        0x08004265   Thumb Code   144  main.o(i.RC522_System_Init)
    RCC_AHBPeriphClockCmd                    0x080042fd   Thumb Code    26  stm32f10x_rcc.o(i.RCC_AHBPeriphClockCmd)
    RCC_APB1PeriphResetCmd                   0x0800431d   Thumb Code    26  stm32f10x_rcc.o(i.RCC_APB1PeriphResetCmd)
    RCC_APB2PeriphClockCmd                   0x0800433d   Thumb Code    26  stm32f10x_rcc.o(i.RCC_APB2PeriphClockCmd)
    RCC_APB2PeriphResetCmd                   0x0800435d   Thumb Code    26  stm32f10x_rcc.o(i.RCC_APB2PeriphResetCmd)
    RCC_GetClocksFreq                        0x0800437d   Thumb Code   192  stm32f10x_rcc.o(i.RCC_GetClocksFreq)
    RSECC_encode                             0x08004451   Thumb Code   186  rsecc.o(i.RSECC_encode)
    ReadRawRC                                0x08004619   Thumb Code   152  rc522.o(i.ReadRawRC)
    SVC_Handler                              0x080046b5   Thumb Code     2  stm32f10x_it.o(i.SVC_Handler)
    Send_Byte                                0x080046b9   Thumb Code    70  oled.o(i.Send_Byte)
    SetBitMask                               0x08004705   Thumb Code    28  rc522.o(i.SetBitMask)
    Split_splitStringToQRinput               0x08004c55   Thumb Code    88  split.o(i.Split_splitStringToQRinput)
    SysTick_CLKSourceConfig                  0x08004cad   Thumb Code    40  misc.o(i.SysTick_CLKSourceConfig)
    SysTick_Handler                          0x08004cd5   Thumb Code     2  stm32f10x_it.o(i.SysTick_Handler)
    SystemInit                               0x08004cd9   Thumb Code    78  system_stm32f10x.o(i.SystemInit)
    TIM_ARRPreloadConfig                     0x08004d39   Thumb Code    24  stm32f10x_tim.o(i.TIM_ARRPreloadConfig)
    TIM_Cmd                                  0x08004d51   Thumb Code    24  stm32f10x_tim.o(i.TIM_Cmd)
    TIM_CtrlPWMOutputs                       0x08004d69   Thumb Code    30  stm32f10x_tim.o(i.TIM_CtrlPWMOutputs)
    TIM_DMACmd                               0x08004d87   Thumb Code    18  stm32f10x_tim.o(i.TIM_DMACmd)
    TIM_DeInit                               0x08004d99   Thumb Code   424  stm32f10x_tim.o(i.TIM_DeInit)
    TIM_OC1Init                              0x08004f81   Thumb Code   132  stm32f10x_tim.o(i.TIM_OC1Init)
    TIM_OC1PreloadConfig                     0x08005019   Thumb Code    18  stm32f10x_tim.o(i.TIM_OC1PreloadConfig)
    TIM_TimeBaseInit                         0x0800502d   Thumb Code   122  stm32f10x_tim.o(i.TIM_TimeBaseInit)
    USART1_IRQHandler                        0x080050d1   Thumb Code    56  esp8266.o(i.USART1_IRQHandler)
    USART1_Send_Data                         0x08005115   Thumb Code    42  esp8266.o(i.USART1_Send_Data)
    USART_Cmd                                0x08005145   Thumb Code    24  stm32f10x_usart.o(i.USART_Cmd)
    USART_GetFlagStatus                      0x0800515d   Thumb Code    26  stm32f10x_usart.o(i.USART_GetFlagStatus)
    USART_GetITStatus                        0x08005177   Thumb Code    84  stm32f10x_usart.o(i.USART_GetITStatus)
    USART_ITConfig                           0x080051cb   Thumb Code    74  stm32f10x_usart.o(i.USART_ITConfig)
    USART_Init                               0x08005215   Thumb Code   210  stm32f10x_usart.o(i.USART_Init)
    USART_SendData                           0x080052ed   Thumb Code     8  stm32f10x_usart.o(i.USART_SendData)
    Uart1_Init                               0x080052f5   Thumb Code   208  esp8266.o(i.Uart1_Init)
    UsageFault_Handler                       0x080053d1   Thumb Code     4  stm32f10x_it.o(i.UsageFault_Handler)
    WaitCardOff                              0x080053d5   Thumb Code    50  rc522.o(i.WaitCardOff)
    Wheel                                    0x08005407   Thumb Code    88  ws2812.o(i.Wheel)
    WriteRawRC                               0x08005461   Thumb Code   162  rc522.o(i.WriteRawRC)
    beepInit                                 0x08005509   Thumb Code    48  beep.o(i.beepInit)
    beepOneSecOn                             0x0800553d   Thumb Code    22  beep.o(i.beepOneSecOn)
    beepState                                0x08005555   Thumb Code    16  beep.o(i.beepState)
    buttonInit                               0x08005569   Thumb Code    42  button.o(i.buttonInit)
    delay_10ms                               0x08005593   Thumb Code    26  rc522.o(i.delay_10ms)
    delay_init                               0x080055ad   Thumb Code    50  delay.o(i.delay_init)
    delay_ms                                 0x080055f1   Thumb Code    72  delay.o(i.delay_ms)
    genRandCode                              0x08005689   Thumb Code   190  main.o(i.genRandCode)
    getRND                                   0x080057e9   Thumb Code   112  rand.o(i.getRND)
    initRND                                  0x08005861   Thumb Code   142  rand.o(i.initRND)
    main                                     0x080058fd   Thumb Code  2308  main.o(i.main)
    rainbowCycle                             0x08006309   Thumb Code    70  ws2812.o(i.rainbowCycle)
    relay_init                               0x08006351   Thumb Code    38  relay.o(i.relay_init)
    relay_off                                0x0800637d   Thumb Code    12  relay.o(i.relay_off)
    relay_on                                 0x0800638d   Thumb Code    12  relay.o(i.relay_on)
    setvalue                                 0x0800639d   Thumb Code    34  ws2812.o(i.setvalue)
    strdup                                   0x080063bf   Thumb Code    38  split.o(i.strdup)
    ws2812bClearAll                          0x080063e5   Thumb Code    56  ws2812.o(i.ws2812bClearAll)
    ws2812bInit                              0x08006421   Thumb Code   252  ws2812.o(i.ws2812bInit)
    ws2812bSet                               0x0800657d   Thumb Code   154  ws2812.o(i.ws2812bSet)
    ws2812bSetAll                            0x0800661d   Thumb Code    14  ws2812.o(i.ws2812bSetAll)
    asc2_0806                                0x0800662a   Data         552  oled.o(.constdata)
    asc2_1206                                0x08006852   Data        1140  oled.o(.constdata)
    asc2_1608                                0x08006cc6   Data        1520  oled.o(.constdata)
    asc2_2412                                0x080072b6   Data        3420  oled.o(.constdata)
    Hzk1                                     0x08008012   Data         352  oled.o(.constdata)
    Hzk2                                     0x08008172   Data          72  oled.o(.constdata)
    Hzk3                                     0x080081ba   Data         128  oled.o(.constdata)
    Hzk4                                     0x0800823a   Data         512  oled.o(.constdata)
    QRinput_anTable                          0x080085ed   Data         128  qrinput.o(.constdata)
    Region$$Table$$Base                      0x080092d8   Number         0  anon$$obj.o(Region$$Table)
    Region$$Table$$Limit                     0x080092f8   Number         0  anon$$obj.o(Region$$Table)
    SystemCoreClock                          0x20000000   Data           4  system_stm32f10x.o(.data)
    AHBPrescTable                            0x20000004   Data          16  system_stm32f10x.o(.data)
    BMP1                                     0x20000028   Data        1024  main.o(.data)
    BMP2                                     0x20000428   Data        1024  main.o(.data)
    card1                                    0x20000828   Data           5  main.o(.data)
    card2                                    0x2000082d   Data           4  main.o(.data)
    snr                                      0x20000831   Data           1  main.o(.data)
    buf                                      0x20000832   Data          16  main.o(.data)
    TagType                                  0x20000842   Data           2  main.o(.data)
    SelectedSnr                              0x20000844   Data           4  main.o(.data)
    DefaultKey                               0x20000848   Data           6  main.o(.data)
    PassWd                                   0x2000084e   Data           6  main.o(.data)
    MLastSelectedSnr                         0x20000854   Data           4  main.o(.data)
    cardID                                   0x20000858   Data           4  main.o(.data)
    status                                   0x2000085c   Data           1  main.o(.data)
    securityCode                             0x2000085d   Data           7  main.o(.data)
    modeFlag                                 0x20000864   Data           1  main.o(.data)
    qrcode                                   0x20000868   Data           4  main.o(.data)
    URecv_Index                              0x20000870   Data           2  esp8266.o(.data)
    OLED_GRAM                                0x200008b4   Data        1152  oled.o(.bss)
    URecv                                    0x20000d34   Data         128  esp8266.o(.bss)
    __libspace_start                         0x20001570   Data          96  libspace.o(.bss)
    __temporary_stack_top$libspace           0x200015d0   Data           0  libspace.o(.bss)



==============================================================================

Memory Map of the image

  Image Entry point : 0x080001d9

  Load Region LR_1 (Base: 0x08000000, Size: 0x00009bac, Max: 0xffffffff, ABSOLUTE, COMPRESSED[0x00009534])

    Execution Region ER_RO (Exec base: 0x08000000, Load base: 0x08000000, Size: 0x000092f8, Max: 0xffffffff, ABSOLUTE)

    Exec Addr    Load Addr    Size         Type   Attr      Idx    E Section Name        Object

    0x08000000   0x08000000   0x000000ec   Data   RO            3    RESET               startup_stm32f10x_md.o
    0x080000ec   0x080000ec   0x00000008   Code   RO         5059  * !!!main             c_w.l(__main.o)
    0x080000f4   0x080000f4   0x00000034   Code   RO         5266    !!!scatter          c_w.l(__scatter.o)
    0x08000128   0x08000128   0x00000064   Code   RO         5264    !!dclz77c           c_w.l(__dclz77c.o)
    0x0800018c   0x0800018c   0x0000001c   Code   RO         5268    !!handler_zi        c_w.l(__scatter_zi.o)
    0x080001a8   0x080001a8   0x00000002   Code   RO         5201    .ARM.Collect$$libinit$$00000000  c_w.l(libinit.o)
    0x080001aa   0x080001aa   0x00000000   Code   RO         5097    .ARM.Collect$$libinit$$00000002  c_w.l(libinit2.o)
    0x080001aa   0x080001aa   0x00000000   Code   RO         5099    .ARM.Collect$$libinit$$00000004  c_w.l(libinit2.o)
    0x080001aa   0x080001aa   0x00000008   Code   RO         5100    .ARM.Collect$$libinit$$00000005  c_w.l(libinit2.o)
    0x080001b2   0x080001b2   0x00000000   Code   RO         5102    .ARM.Collect$$libinit$$0000000A  c_w.l(libinit2.o)
    0x080001b2   0x080001b2   0x00000000   Code   RO         5104    .ARM.Collect$$libinit$$0000000C  c_w.l(libinit2.o)
    0x080001b2   0x080001b2   0x00000000   Code   RO         5106    .ARM.Collect$$libinit$$0000000E  c_w.l(libinit2.o)
    0x080001b2   0x080001b2   0x00000000   Code   RO         5109    .ARM.Collect$$libinit$$00000011  c_w.l(libinit2.o)
    0x080001b2   0x080001b2   0x00000000   Code   RO         5111    .ARM.Collect$$libinit$$00000013  c_w.l(libinit2.o)
    0x080001b2   0x080001b2   0x00000000   Code   RO         5113    .ARM.Collect$$libinit$$00000015  c_w.l(libinit2.o)
    0x080001b2   0x080001b2   0x00000000   Code   RO         5115    .ARM.Collect$$libinit$$00000017  c_w.l(libinit2.o)
    0x080001b2   0x080001b2   0x00000000   Code   RO         5117    .ARM.Collect$$libinit$$00000019  c_w.l(libinit2.o)
    0x080001b2   0x080001b2   0x00000000   Code   RO         5119    .ARM.Collect$$libinit$$0000001B  c_w.l(libinit2.o)
    0x080001b2   0x080001b2   0x00000000   Code   RO         5121    .ARM.Collect$$libinit$$0000001D  c_w.l(libinit2.o)
    0x080001b2   0x080001b2   0x00000000   Code   RO         5123    .ARM.Collect$$libinit$$0000001F  c_w.l(libinit2.o)
    0x080001b2   0x080001b2   0x00000000   Code   RO         5125    .ARM.Collect$$libinit$$00000021  c_w.l(libinit2.o)
    0x080001b2   0x080001b2   0x00000000   Code   RO         5127    .ARM.Collect$$libinit$$00000023  c_w.l(libinit2.o)
    0x080001b2   0x080001b2   0x00000000   Code   RO         5129    .ARM.Collect$$libinit$$00000025  c_w.l(libinit2.o)
    0x080001b2   0x080001b2   0x00000000   Code   RO         5133    .ARM.Collect$$libinit$$0000002C  c_w.l(libinit2.o)
    0x080001b2   0x080001b2   0x00000000   Code   RO         5135    .ARM.Collect$$libinit$$0000002E  c_w.l(libinit2.o)
    0x080001b2   0x080001b2   0x00000000   Code   RO         5137    .ARM.Collect$$libinit$$00000030  c_w.l(libinit2.o)
    0x080001b2   0x080001b2   0x00000000   Code   RO         5139    .ARM.Collect$$libinit$$00000032  c_w.l(libinit2.o)
    0x080001b2   0x080001b2   0x00000002   Code   RO         5140    .ARM.Collect$$libinit$$00000033  c_w.l(libinit2.o)
    0x080001b4   0x080001b4   0x00000002   Code   RO         5261    .ARM.Collect$$libshutdown$$00000000  c_w.l(libshutdown.o)
    0x080001b6   0x080001b6   0x00000000   Code   RO         5215    .ARM.Collect$$libshutdown$$00000002  c_w.l(libshutdown2.o)
    0x080001b6   0x080001b6   0x00000000   Code   RO         5217    .ARM.Collect$$libshutdown$$00000004  c_w.l(libshutdown2.o)
    0x080001b6   0x080001b6   0x00000000   Code   RO         5219    .ARM.Collect$$libshutdown$$00000006  c_w.l(libshutdown2.o)
    0x080001b6   0x080001b6   0x00000000   Code   RO         5222    .ARM.Collect$$libshutdown$$00000009  c_w.l(libshutdown2.o)
    0x080001b6   0x080001b6   0x00000000   Code   RO         5225    .ARM.Collect$$libshutdown$$0000000C  c_w.l(libshutdown2.o)
    0x080001b6   0x080001b6   0x00000000   Code   RO         5227    .ARM.Collect$$libshutdown$$0000000E  c_w.l(libshutdown2.o)
    0x080001b6   0x080001b6   0x00000000   Code   RO         5230    .ARM.Collect$$libshutdown$$00000011  c_w.l(libshutdown2.o)
    0x080001b6   0x080001b6   0x00000002   Code   RO         5231    .ARM.Collect$$libshutdown$$00000012  c_w.l(libshutdown2.o)
    0x080001b8   0x080001b8   0x00000000   Code   RO         5066    .ARM.Collect$$rtentry$$00000000  c_w.l(__rtentry.o)
    0x080001b8   0x080001b8   0x00000000   Code   RO         5144    .ARM.Collect$$rtentry$$00000002  c_w.l(__rtentry2.o)
    0x080001b8   0x080001b8   0x00000006   Code   RO         5156    .ARM.Collect$$rtentry$$00000004  c_w.l(__rtentry4.o)
    0x080001be   0x080001be   0x00000000   Code   RO         5146    .ARM.Collect$$rtentry$$00000009  c_w.l(__rtentry2.o)
    0x080001be   0x080001be   0x00000004   Code   RO         5147    .ARM.Collect$$rtentry$$0000000A  c_w.l(__rtentry2.o)
    0x080001c2   0x080001c2   0x00000000   Code   RO         5149    .ARM.Collect$$rtentry$$0000000C  c_w.l(__rtentry2.o)
    0x080001c2   0x080001c2   0x00000008   Code   RO         5150    .ARM.Collect$$rtentry$$0000000D  c_w.l(__rtentry2.o)
    0x080001ca   0x080001ca   0x00000002   Code   RO         5204    .ARM.Collect$$rtexit$$00000000  c_w.l(rtexit.o)
    0x080001cc   0x080001cc   0x00000000   Code   RO         5235    .ARM.Collect$$rtexit$$00000002  c_w.l(rtexit2.o)
    0x080001cc   0x080001cc   0x00000004   Code   RO         5236    .ARM.Collect$$rtexit$$00000003  c_w.l(rtexit2.o)
    0x080001d0   0x080001d0   0x00000006   Code   RO         5237    .ARM.Collect$$rtexit$$00000004  c_w.l(rtexit2.o)
    0x080001d6   0x080001d6   0x00000002   PAD
    0x080001d8   0x080001d8   0x00000000   Code   RO         5160    .emb_text           c_w.l(maybetermalloc1.o)
    0x080001d8   0x080001d8   0x00000040   Code   RO            4  * .text               startup_stm32f10x_md.o
    0x08000218   0x08000218   0x00000008   Code   RO         4965    .text               c_w.l(rt_errno_addr_intlibspace.o)
    0x08000220   0x08000220   0x00000028   Code   RO         4973    .text               c_w.l(calloc.o)
    0x08000248   0x08000248   0x0000005e   Code   RO         4975    .text               c_w.l(h1_alloc.o)
    0x080002a6   0x080002a6   0x0000004e   Code   RO         4977    .text               c_w.l(h1_free.o)
    0x080002f4   0x080002f4   0x000000b8   Code   RO         4979    .text               c_w.l(h1_realloc.o)
    0x080003ac   0x080003ac   0x00000024   Code   RO         5037    .text               c_w.l(strstr.o)
    0x080003d0   0x080003d0   0x0000003e   Code   RO         5039    .text               c_w.l(strlen.o)
    0x0800040e   0x0800040e   0x00000018   Code   RO         5041    .text               c_w.l(strcat.o)
    0x08000426   0x08000426   0x0000008a   Code   RO         5043    .text               c_w.l(rt_memcpy_v6.o)
    0x080004b0   0x080004b0   0x00000084   Code   RO         5045    .text               c_w.l(rt_memmove_v6.o)
    0x08000534   0x08000534   0x00000008   Code   RO         5047    .text               c_w.l(memcpy.o)
    0x0800053c   0x0800053c   0x00000064   Code   RO         5049    .text               c_w.l(rt_memcpy_w.o)
    0x080005a0   0x080005a0   0x00000010   Code   RO         5051    .text               c_w.l(aeabi_memset.o)
    0x080005b0   0x080005b0   0x00000044   Code   RO         5053    .text               c_w.l(rt_memclr.o)
    0x080005f4   0x080005f4   0x0000004e   Code   RO         5055    .text               c_w.l(rt_memclr_w.o)
    0x08000642   0x08000642   0x00000006   Code   RO         5057    .text               c_w.l(heapauxi.o)
    0x08000648   0x08000648   0x00000008   Code   RO         5061    .text               c_w.l(libspace.o)
    0x08000650   0x08000650   0x00000008   Code   RO         5070    .text               c_w.l(rt_heap_descriptor_intlibspace.o)
    0x08000658   0x08000658   0x00000004   Code   RO         5072    .text               c_w.l(hguard.o)
    0x0800065c   0x0800065c   0x0000008a   Code   RO         5074    .text               c_w.l(init_alloc.o)
    0x080006e6   0x080006e6   0x0000000e   Code   RO         5078    .text               c_w.l(h1_init.o)
    0x080006f4   0x080006f4   0x0000007a   Code   RO         5092    .text               c_w.l(rt_memmove_w.o)
    0x0800076e   0x0800076e   0x00000034   Code   RO         5162    .text               c_w.l(h1_extend.o)
    0x080007a2   0x080007a2   0x0000000e   Code   RO         5166    .text               c_w.l(defsig_rtmem_outer.o)
    0x080007b0   0x080007b0   0x00000002   Code   RO         5177    .text               c_w.l(use_no_semi.o)
    0x080007b2   0x080007b2   0x00000000   Code   RO         5179    .text               c_w.l(indicate_semi.o)
    0x080007b2   0x080007b2   0x0000004a   Code   RO         5180    .text               c_w.l(sys_stackheap_outer.o)
    0x080007fc   0x080007fc   0x00000012   Code   RO         5186    .text               c_w.l(exit.o)
    0x0800080e   0x0800080e   0x0000000a   Code   RO         5188    .text               c_w.l(defsig_exit.o)
    0x08000818   0x08000818   0x00000050   Code   RO         5190    .text               c_w.l(defsig_rtmem_inner.o)
    0x08000868   0x08000868   0x0000000c   Code   RO         5202    .text               c_w.l(sys_exit.o)
    0x08000874   0x08000874   0x00000032   Code   RO         5212    .text               c_w.l(defsig_general.o)
    0x080008a6   0x080008a6   0x0000000e   Code   RO         5232    .text               c_w.l(sys_wrch.o)
    0x080008b4   0x080008b4   0x00000016   Code   RO          138    i.ADC_Cmd           stm32f10x_adc.o
    0x080008ca   0x080008ca   0x00000002   PAD
    0x080008cc   0x080008cc   0x0000005c   Code   RO          140    i.ADC_DeInit        stm32f10x_adc.o
    0x08000928   0x08000928   0x00000014   Code   RO          146    i.ADC_GetCalibrationStatus  stm32f10x_adc.o
    0x0800093c   0x0800093c   0x00000008   Code   RO          147    i.ADC_GetConversionValue  stm32f10x_adc.o
    0x08000944   0x08000944   0x00000012   Code   RO          149    i.ADC_GetFlagStatus  stm32f10x_adc.o
    0x08000956   0x08000956   0x00000014   Code   RO          152    i.ADC_GetResetCalibrationStatus  stm32f10x_adc.o
    0x0800096a   0x0800096a   0x00000002   PAD
    0x0800096c   0x0800096c   0x00000050   Code   RO          156    i.ADC_Init          stm32f10x_adc.o
    0x080009bc   0x080009bc   0x000000b8   Code   RO          160    i.ADC_RegularChannelConfig  stm32f10x_adc.o
    0x08000a74   0x08000a74   0x0000000a   Code   RO          161    i.ADC_ResetCalibration  stm32f10x_adc.o
    0x08000a7e   0x08000a7e   0x00000016   Code   RO          163    i.ADC_SoftwareStartConvCmd  stm32f10x_adc.o
    0x08000a94   0x08000a94   0x0000000a   Code   RO          165    i.ADC_StartCalibration  stm32f10x_adc.o
    0x08000a9e   0x08000a9e   0x0000004a   Code   RO         3915    i.BitStream_appendBytes  bitstream.o
    0x08000ae8   0x08000ae8   0x00000046   Code   RO         3916    i.BitStream_appendNum  bitstream.o
    0x08000b2e   0x08000b2e   0x00000024   Code   RO         3917    i.BitStream_expand  bitstream.o
    0x08000b52   0x08000b52   0x00000014   Code   RO         3918    i.BitStream_free    bitstream.o
    0x08000b66   0x08000b66   0x00000032   Code   RO         3919    i.BitStream_new     bitstream.o
    0x08000b98   0x08000b98   0x00000088   Code   RO         3920    i.BitStream_toByte  bitstream.o
    0x08000c20   0x08000c20   0x00000034   Code   RO         3921    i.BitStream_writeBytes  bitstream.o
    0x08000c54   0x08000c54   0x0000002e   Code   RO         3922    i.BitStream_writeNum  bitstream.o
    0x08000c82   0x08000c82   0x00000004   Code   RO         3108    i.BusFault_Handler  stm32f10x_it.o
    0x08000c86   0x08000c86   0x0000006c   Code   RO         3334    i.CalulateCRC       rc522.o
    0x08000cf2   0x08000cf2   0x0000001c   Code   RO         3335    i.ClearBitMask      rc522.o
    0x08000d0e   0x08000d0e   0x00000002   PAD
    0x08000d10   0x08000d10   0x00000034   Code   RO         3721    i.DMA1_Channel2_IRQHandler  ws2812.o
    0x08000d44   0x08000d44   0x0000001c   Code   RO          839    i.DMA_ClearFlag     stm32f10x_dma.o
    0x08000d60   0x08000d60   0x0000001c   Code   RO          840    i.DMA_ClearITPendingBit  stm32f10x_dma.o
    0x08000d7c   0x08000d7c   0x00000018   Code   RO          841    i.DMA_Cmd           stm32f10x_dma.o
    0x08000d94   0x08000d94   0x0000014c   Code   RO          842    i.DMA_DeInit        stm32f10x_dma.o
    0x08000ee0   0x08000ee0   0x00000012   Code   RO          846    i.DMA_ITConfig      stm32f10x_dma.o
    0x08000ef2   0x08000ef2   0x0000003c   Code   RO          847    i.DMA_Init          stm32f10x_dma.o
    0x08000f2e   0x08000f2e   0x00000004   Code   RO          848    i.DMA_SetCurrDataCounter  stm32f10x_dma.o
    0x08000f32   0x08000f32   0x00000002   Code   RO         3109    i.DebugMon_Handler  stm32f10x_it.o
    0x08000f34   0x08000f34   0x00000010   Code   RO         3674    i.ESP8266_Init      esp8266.o
    0x08000f44   0x08000f44   0x00000068   Code   RO         3675    i.ESP8266_Send_Answer  esp8266.o
    0x08000fac   0x08000fac   0x000000ae   Code   RO         4197    i.FrameFiller_next  qrencode.o
    0x0800105a   0x0800105a   0x00000018   Code   RO         4198    i.FrameFiller_set   qrencode.o
    0x08001072   0x08001072   0x00000116   Code   RO         1274    i.GPIO_Init         stm32f10x_gpio.o
    0x08001188   0x08001188   0x00000012   Code   RO         1278    i.GPIO_ReadInputDataBit  stm32f10x_gpio.o
    0x0800119a   0x0800119a   0x00000004   Code   RO         1281    i.GPIO_ResetBits    stm32f10x_gpio.o
    0x0800119e   0x0800119e   0x00000004   Code   RO         1282    i.GPIO_SetBits      stm32f10x_gpio.o
    0x080011a2   0x080011a2   0x0000000a   Code   RO         1285    i.GPIO_WriteBit     stm32f10x_gpio.o
    0x080011ac   0x080011ac   0x0000002e   Code   RO         3722    i.GRB_to_RGB        ws2812.o
    0x080011da   0x080011da   0x00000004   Code   RO         3110    i.HardFault_Handler  stm32f10x_it.o
    0x080011de   0x080011de   0x0000008a   Code   RO         3828    i.HexToStr          commonfunction.o
    0x08001268   0x08001268   0x00000034   Code   RO         3520    i.I2C_Start         oled.o
    0x0800129c   0x0800129c   0x00000024   Code   RO         3521    i.I2C_Stop          oled.o
    0x080012c0   0x080012c0   0x0000002c   Code   RO         3522    i.I2C_WaitAck       oled.o
    0x080012ec   0x080012ec   0x00000010   Code   RO         3523    i.IIC_delay         oled.o
    0x080012fc   0x080012fc   0x00000026   Code   RO         3872    i.Key_Scan          button.o
    0x08001322   0x08001322   0x0000005c   Code   RO         3336    i.M500PcdConfigISOType  rc522.o
    0x0800137e   0x0800137e   0x0000004c   Code   RO         4079    i.MMask_evaluateSymbol  mmask.o
    0x080013ca   0x080013ca   0x00000002   PAD
    0x080013cc   0x080013cc   0x00000060   Code   RO         4080    i.MMask_makeMask    mmask.o
    0x0800142c   0x0800142c   0x00000090   Code   RO         4081    i.MMask_mask        mmask.o
    0x080014bc   0x080014bc   0x0000005e   Code   RO         4082    i.MMask_writeFormatInformation  mmask.o
    0x0800151a   0x0800151a   0x00000020   Code   RO         4199    i.MQRraw_free       qrencode.o
    0x0800153a   0x0800153a   0x00000038   Code   RO         4200    i.MQRraw_getCode    qrencode.o
    0x08001572   0x08001572   0x0000009c   Code   RO         4201    i.MQRraw_new        qrencode.o
    0x0800160e   0x0800160e   0x00000002   PAD
    0x08001610   0x08001610   0x000000c0   Code   RO         4131    i.MQRspec_createFrame  mqrspec.o
    0x080016d0   0x080016d0   0x0000001a   Code   RO         4132    i.MQRspec_getDataLength  mqrspec.o
    0x080016ea   0x080016ea   0x00000002   PAD
    0x080016ec   0x080016ec   0x00000038   Code   RO         4133    i.MQRspec_getDataLengthBit  mqrspec.o
    0x08001724   0x08001724   0x00000018   Code   RO         4134    i.MQRspec_getECCLength  mqrspec.o
    0x0800173c   0x0800173c   0x00000050   Code   RO         4135    i.MQRspec_getFormatInfo  mqrspec.o
    0x0800178c   0x0800178c   0x00000014   Code   RO         4136    i.MQRspec_getWidth  mqrspec.o
    0x080017a0   0x080017a0   0x00000014   Code   RO         4137    i.MQRspec_lengthIndicator  mqrspec.o
    0x080017b4   0x080017b4   0x00000024   Code   RO         4138    i.MQRspec_maximumWords  mqrspec.o
    0x080017d8   0x080017d8   0x00000018   Code   RO         4139    i.MQRspec_newFrame  mqrspec.o
    0x080017f0   0x080017f0   0x0000009c   Code   RO         3974    i.Mask_calcN1N3     mask.o
    0x0800188c   0x0800188c   0x0000008a   Code   RO         3975    i.Mask_calcN2       mask.o
    0x08001916   0x08001916   0x00000050   Code   RO         3976    i.Mask_calcRunLengthH  mask.o
    0x08001966   0x08001966   0x00000058   Code   RO         3977    i.Mask_calcRunLengthV  mask.o
    0x080019be   0x080019be   0x00000068   Code   RO         3978    i.Mask_evaluateSymbol  mask.o
    0x08001a26   0x08001a26   0x00000002   PAD
    0x08001a28   0x08001a28   0x00000054   Code   RO         3979    i.Mask_makeMask     mask.o
    0x08001a7c   0x08001a7c   0x000000bc   Code   RO         3980    i.Mask_mask         mask.o
    0x08001b38   0x08001b38   0x00000046   Code   RO         3981    i.Mask_mask0        mask.o
    0x08001b7e   0x08001b7e   0x00000038   Code   RO         4083    i.Mask_mask0        mmask.o
    0x08001bb6   0x08001bb6   0x00000044   Code   RO         3982    i.Mask_mask1        mask.o
    0x08001bfa   0x08001bfa   0x0000004a   Code   RO         4084    i.Mask_mask1        mmask.o
    0x08001c44   0x08001c44   0x0000004e   Code   RO         3983    i.Mask_mask2        mask.o
    0x08001c92   0x08001c92   0x0000004c   Code   RO         4085    i.Mask_mask2        mmask.o
    0x08001cde   0x08001cde   0x00000050   Code   RO         3984    i.Mask_mask3        mask.o
    0x08001d2e   0x08001d2e   0x0000004c   Code   RO         4086    i.Mask_mask3        mmask.o
    0x08001d7a   0x08001d7a   0x00000058   Code   RO         3985    i.Mask_mask4        mask.o
    0x08001dd2   0x08001dd2   0x0000005c   Code   RO         3986    i.Mask_mask5        mask.o
    0x08001e2e   0x08001e2e   0x00000056   Code   RO         3987    i.Mask_mask6        mask.o
    0x08001e84   0x08001e84   0x00000056   Code   RO         3988    i.Mask_mask7        mask.o
    0x08001eda   0x08001eda   0x0000009c   Code   RO         3989    i.Mask_writeFormatInformation  mask.o
    0x08001f76   0x08001f76   0x00000004   Code   RO         3111    i.MemManage_Handler  stm32f10x_it.o
    0x08001f7a   0x08001f7a   0x00000002   Code   RO         3112    i.NMI_Handler       stm32f10x_it.o
    0x08001f7c   0x08001f7c   0x00000070   Code   RO           92    i.NVIC_Init         misc.o
    0x08001fec   0x08001fec   0x00000030   Code   RO         3524    i.OLED_Clear        oled.o
    0x0800201c   0x0800201c   0x0000001c   Code   RO         3525    i.OLED_ColorTurn    oled.o
    0x08002038   0x08002038   0x0000002c   Code   RO         3528    i.OLED_DisplayTurn  oled.o
    0x08002064   0x08002064   0x00000078   Code   RO         3531    i.OLED_DrawPoint    oled.o
    0x080020dc   0x080020dc   0x00000154   Code   RO         3532    i.OLED_Init         oled.o
    0x08002230   0x08002230   0x00000068   Code   RO         3534    i.OLED_Refresh      oled.o
    0x08002298   0x08002298   0x0000013c   Code   RO         3536    i.OLED_ShowChar     oled.o
    0x080023d4   0x080023d4   0x0000004a   Code   RO         3540    i.OLED_ShowString   oled.o
    0x0800241e   0x0800241e   0x00000038   Code   RO         3541    i.OLED_WR_Byte      oled.o
    0x08002456   0x08002456   0x0000000c   Code   RO         3337    i.PcdAntennaOff     rc522.o
    0x08002462   0x08002462   0x0000001a   Code   RO         3338    i.PcdAntennaOn      rc522.o
    0x0800247c   0x0800247c   0x00000070   Code   RO         3339    i.PcdAnticoll       rc522.o
    0x080024ec   0x080024ec   0x0000006e   Code   RO         3340    i.PcdAuthState      rc522.o
    0x0800255a   0x0800255a   0x00000132   Code   RO         3341    i.PcdComMF522       rc522.o
    0x0800268c   0x0800268c   0x00000054   Code   RO         3343    i.PcdRead           rc522.o
    0x080026e0   0x080026e0   0x00000054   Code   RO         3344    i.PcdRequest        rc522.o
    0x08002734   0x08002734   0x000000b8   Code   RO         3345    i.PcdReset          rc522.o
    0x080027ec   0x080027ec   0x00000072   Code   RO         3346    i.PcdSelect         rc522.o
    0x0800285e   0x0800285e   0x00000002   Code   RO         3113    i.PendSV_Handler    stm32f10x_it.o
    0x08002860   0x08002860   0x00000020   Code   RO         4214    i.QRcode_encodeInput  qrencode.o
    0x08002880   0x08002880   0x000001c0   Code   RO         4217    i.QRcode_encodeMask  qrencode.o
    0x08002a40   0x08002a40   0x000001c0   Code   RO         4218    i.QRcode_encodeMaskMQR  qrencode.o
    0x08002c00   0x08002c00   0x00000024   Code   RO         4219    i.QRcode_encodeString  qrencode.o
    0x08002c24   0x08002c24   0x00000084   Code   RO         4224    i.QRcode_encodeStringReal  qrencode.o
    0x08002ca8   0x08002ca8   0x00000014   Code   RO         4226    i.QRcode_free       qrencode.o
    0x08002cbc   0x08002cbc   0x00000024   Code   RO         4227    i.QRcode_new        qrencode.o
    0x08002ce0   0x08002ce0   0x0000001a   Code   RO         4412    i.QRinput_List_freeEntry  qrinput.o
    0x08002cfa   0x08002cfa   0x00000068   Code   RO         4413    i.QRinput_List_newEntry  qrinput.o
    0x08002d62   0x08002d62   0x0000002e   Code   RO         4421    i.QRinput_append    qrinput.o
    0x08002d90   0x08002d90   0x00000016   Code   RO         4423    i.QRinput_appendEntry  qrinput.o
    0x08002da6   0x08002da6   0x000000aa   Code   RO         4424    i.QRinput_appendPaddingBit  qrinput.o
    0x08002e50   0x08002e50   0x000000fe   Code   RO         4425    i.QRinput_appendPaddingBitMQR  qrinput.o
    0x08002f4e   0x08002f4e   0x0000006e   Code   RO         4427    i.QRinput_check     qrinput.o
    0x08002fbc   0x08002fbc   0x00000038   Code   RO         4428    i.QRinput_checkModeAn  qrinput.o
    0x08002ff4   0x08002ff4   0x00000010   Code   RO         4429    i.QRinput_checkModeFNC1Second  qrinput.o
    0x08003004   0x08003004   0x00000050   Code   RO         4430    i.QRinput_checkModeKanji  qrinput.o
    0x08003054   0x08003054   0x00000024   Code   RO         4431    i.QRinput_checkModeNum  qrinput.o
    0x08003078   0x08003078   0x00000070   Code   RO         4432    i.QRinput_convertData  qrinput.o
    0x080030e8   0x080030e8   0x00000034   Code   RO         4433    i.QRinput_createBitStream  qrinput.o
    0x0800311c   0x0800311c   0x0000001a   Code   RO         4434    i.QRinput_decodeECIfromByteArray  qrinput.o
    0x08003136   0x08003136   0x0000014c   Code   RO         4436    i.QRinput_encodeBitStream  qrinput.o
    0x08003282   0x08003282   0x000000aa   Code   RO         4437    i.QRinput_encodeMode8  qrinput.o
    0x0800332c   0x0800332c   0x0000014c   Code   RO         4438    i.QRinput_encodeModeAn  qrinput.o
    0x08003478   0x08003478   0x00000062   Code   RO         4439    i.QRinput_encodeModeECI  qrinput.o
    0x080034da   0x080034da   0x00000036   Code   RO         4440    i.QRinput_encodeModeFNC1Second  qrinput.o
    0x08003510   0x08003510   0x000000f0   Code   RO         4441    i.QRinput_encodeModeKanji  qrinput.o
    0x08003600   0x08003600   0x00000156   Code   RO         4442    i.QRinput_encodeModeNum  qrinput.o
    0x08003756   0x08003756   0x00000080   Code   RO         4443    i.QRinput_encodeModeStructure  qrinput.o
    0x080037d6   0x080037d6   0x00000026   Code   RO         4444    i.QRinput_estimateBitStreamSize  qrinput.o
    0x080037fc   0x080037fc   0x000000c4   Code   RO         4445    i.QRinput_estimateBitStreamSizeOfEntry  qrinput.o
    0x080038c0   0x080038c0   0x00000006   Code   RO         4446    i.QRinput_estimateBitsMode8  qrinput.o
    0x080038c6   0x080038c6   0x0000001c   Code   RO         4447    i.QRinput_estimateBitsModeAn  qrinput.o
    0x080038e2   0x080038e2   0x00000022   Code   RO         4448    i.QRinput_estimateBitsModeECI  qrinput.o
    0x08003904   0x08003904   0x00000012   Code   RO         4449    i.QRinput_estimateBitsModeKanji  qrinput.o
    0x08003916   0x08003916   0x0000002c   Code   RO         4450    i.QRinput_estimateBitsModeNum  qrinput.o
    0x08003942   0x08003942   0x0000003e   Code   RO         4451    i.QRinput_estimateVersion  qrinput.o
    0x08003980   0x08003980   0x00000020   Code   RO         4452    i.QRinput_free      qrinput.o
    0x080039a0   0x080039a0   0x00000042   Code   RO         4453    i.QRinput_getBitStream  qrinput.o
    0x080039e2   0x080039e2   0x0000003e   Code   RO         4454    i.QRinput_getByteStream  qrinput.o
    0x08003a20   0x08003a20   0x00000006   Code   RO         4456    i.QRinput_getVersion  qrinput.o
    0x08003a26   0x08003a26   0x0000005c   Code   RO         4457    i.QRinput_insertFNC1Header  qrinput.o
    0x08003a82   0x08003a82   0x00000012   Code   RO         4459    i.QRinput_isSplittableMode  qrinput.o
    0x08003a94   0x08003a94   0x00000046   Code   RO         4461    i.QRinput_mergeBitStream  qrinput.o
    0x08003ada   0x08003ada   0x00000042   Code   RO         4463    i.QRinput_new2      qrinput.o
    0x08003b1c   0x08003b1c   0x00000040   Code   RO         4464    i.QRinput_newMQR    qrinput.o
    0x08003b5c   0x08003b5c   0x00000024   Code   RO         4468    i.QRinput_setVersion  qrinput.o
    0x08003b80   0x08003b80   0x00000020   Code   RO         4228    i.QRraw_free        qrencode.o
    0x08003ba0   0x08003ba0   0x0000007a   Code   RO         4229    i.QRraw_getCode     qrencode.o
    0x08003c1a   0x08003c1a   0x000000ba   Code   RO         4230    i.QRraw_new         qrencode.o
    0x08003cd4   0x08003cd4   0x000001c8   Code   RO         4773    i.QRspec_createFrame  qrspec.o
    0x08003e9c   0x08003e9c   0x00000028   Code   RO         4774    i.QRspec_getDataLength  qrspec.o
    0x08003ec4   0x08003ec4   0x00000018   Code   RO         4775    i.QRspec_getECCLength  qrspec.o
    0x08003edc   0x08003edc   0x00000070   Code   RO         4776    i.QRspec_getEccSpec  qrspec.o
    0x08003f4c   0x08003f4c   0x00000020   Code   RO         4777    i.QRspec_getFormatInfo  qrspec.o
    0x08003f6c   0x08003f6c   0x00000040   Code   RO         4778    i.QRspec_getMinimumVersion  qrspec.o
    0x08003fac   0x08003fac   0x00000014   Code   RO         4779    i.QRspec_getRemainder  qrspec.o
    0x08003fc0   0x08003fc0   0x0000001c   Code   RO         4780    i.QRspec_getVersionPattern  qrspec.o
    0x08003fdc   0x08003fdc   0x00000014   Code   RO         4781    i.QRspec_getWidth   qrspec.o
    0x08003ff0   0x08003ff0   0x00000038   Code   RO         4782    i.QRspec_lengthIndicator  qrspec.o
    0x08004028   0x08004028   0x0000004c   Code   RO         4783    i.QRspec_maximumWords  qrspec.o
    0x08004074   0x08004074   0x00000018   Code   RO         4784    i.QRspec_newFrame   qrspec.o
    0x0800408c   0x0800408c   0x00000034   Code   RO         4785    i.QRspec_putAlignmentMarker  qrspec.o
    0x080040c0   0x080040c0   0x000000c8   Code   RO         4786    i.QRspec_putAlignmentPattern  qrspec.o
    0x08004188   0x08004188   0x000000dc   Code   RO         3348    i.RC522_Init        rc522.o
    0x08004264   0x08004264   0x00000098   Code   RO         3171    i.RC522_System_Init  main.o
    0x080042fc   0x080042fc   0x00000020   Code   RO         1698    i.RCC_AHBPeriphClockCmd  stm32f10x_rcc.o
    0x0800431c   0x0800431c   0x00000020   Code   RO         1700    i.RCC_APB1PeriphResetCmd  stm32f10x_rcc.o
    0x0800433c   0x0800433c   0x00000020   Code   RO         1701    i.RCC_APB2PeriphClockCmd  stm32f10x_rcc.o
    0x0800435c   0x0800435c   0x00000020   Code   RO         1702    i.RCC_APB2PeriphResetCmd  stm32f10x_rcc.o
    0x0800437c   0x0800437c   0x000000d4   Code   RO         1709    i.RCC_GetClocksFreq  stm32f10x_rcc.o
    0x08004450   0x08004450   0x000000d0   Code   RO         4867    i.RSECC_encode      rsecc.o
    0x08004520   0x08004520   0x00000020   Code   RO         4868    i.RSECC_init        rsecc.o
    0x08004540   0x08004540   0x0000003c   Code   RO         4869    i.RSECC_initLookupTable  rsecc.o
    0x0800457c   0x0800457c   0x00000072   Code   RO         4231    i.RSblock_init      qrencode.o
    0x080045ee   0x080045ee   0x0000002a   Code   RO         4232    i.RSblock_initBlock  qrencode.o
    0x08004618   0x08004618   0x0000009c   Code   RO         3349    i.ReadRawRC         rc522.o
    0x080046b4   0x080046b4   0x00000002   Code   RO         3114    i.SVC_Handler       stm32f10x_it.o
    0x080046b6   0x080046b6   0x00000002   PAD
    0x080046b8   0x080046b8   0x0000004c   Code   RO         3542    i.Send_Byte         oled.o
    0x08004704   0x08004704   0x0000001c   Code   RO         3350    i.SetBitMask        rc522.o
    0x08004720   0x08004720   0x00000008   Code   RO           24    i.SetSysClock       system_stm32f10x.o
    0x08004728   0x08004728   0x000000e0   Code   RO           25    i.SetSysClockTo72   system_stm32f10x.o
    0x08004808   0x08004808   0x00000144   Code   RO         4897    i.Split_eat8        split.o
    0x0800494c   0x0800494c   0x00000124   Code   RO         4898    i.Split_eatAn       split.o
    0x08004a70   0x08004a70   0x0000003c   Code   RO         4899    i.Split_eatKanji    split.o
    0x08004aac   0x08004aac   0x000000c0   Code   RO         4900    i.Split_eatNum      split.o
    0x08004b6c   0x08004b6c   0x00000070   Code   RO         4901    i.Split_identifyMode  split.o
    0x08004bdc   0x08004bdc   0x00000078   Code   RO         4902    i.Split_splitString  split.o
    0x08004c54   0x08004c54   0x00000058   Code   RO         4903    i.Split_splitStringToQRinput  split.o
    0x08004cac   0x08004cac   0x00000028   Code   RO           96    i.SysTick_CLKSourceConfig  misc.o
    0x08004cd4   0x08004cd4   0x00000002   Code   RO         3115    i.SysTick_Handler   stm32f10x_it.o
    0x08004cd6   0x08004cd6   0x00000002   PAD
    0x08004cd8   0x08004cd8   0x00000060   Code   RO           27    i.SystemInit        system_stm32f10x.o
    0x08004d38   0x08004d38   0x00000018   Code   RO         2327    i.TIM_ARRPreloadConfig  stm32f10x_tim.o
    0x08004d50   0x08004d50   0x00000018   Code   RO         2339    i.TIM_Cmd           stm32f10x_tim.o
    0x08004d68   0x08004d68   0x0000001e   Code   RO         2341    i.TIM_CtrlPWMOutputs  stm32f10x_tim.o
    0x08004d86   0x08004d86   0x00000012   Code   RO         2342    i.TIM_DMACmd        stm32f10x_tim.o
    0x08004d98   0x08004d98   0x000001e8   Code   RO         2344    i.TIM_DeInit        stm32f10x_tim.o
    0x08004f80   0x08004f80   0x00000098   Code   RO         2368    i.TIM_OC1Init       stm32f10x_tim.o
    0x08005018   0x08005018   0x00000012   Code   RO         2371    i.TIM_OC1PreloadConfig  stm32f10x_tim.o
    0x0800502a   0x0800502a   0x00000002   PAD
    0x0800502c   0x0800502c   0x000000a4   Code   RO         2410    i.TIM_TimeBaseInit  stm32f10x_tim.o
    0x080050d0   0x080050d0   0x00000044   Code   RO         3676    i.USART1_IRQHandler  esp8266.o
    0x08005114   0x08005114   0x00000030   Code   RO         3677    i.USART1_Send_Data  esp8266.o
    0x08005144   0x08005144   0x00000018   Code   RO         2875    i.USART_Cmd         stm32f10x_usart.o
    0x0800515c   0x0800515c   0x0000001a   Code   RO         2878    i.USART_GetFlagStatus  stm32f10x_usart.o
    0x08005176   0x08005176   0x00000054   Code   RO         2879    i.USART_GetITStatus  stm32f10x_usart.o
    0x080051ca   0x080051ca   0x0000004a   Code   RO         2881    i.USART_ITConfig    stm32f10x_usart.o
    0x08005214   0x08005214   0x000000d8   Code   RO         2882    i.USART_Init        stm32f10x_usart.o
    0x080052ec   0x080052ec   0x00000008   Code   RO         2892    i.USART_SendData    stm32f10x_usart.o
    0x080052f4   0x080052f4   0x000000dc   Code   RO         3678    i.Uart1_Init        esp8266.o
    0x080053d0   0x080053d0   0x00000004   Code   RO         3116    i.UsageFault_Handler  stm32f10x_it.o
    0x080053d4   0x080053d4   0x00000032   Code   RO         3351    i.WaitCardOff       rc522.o
    0x08005406   0x08005406   0x00000058   Code   RO         3723    i.Wheel             ws2812.o
    0x0800545e   0x0800545e   0x00000002   PAD
    0x08005460   0x08005460   0x000000a8   Code   RO         3352    i.WriteRawRC        rc522.o
    0x08005508   0x08005508   0x00000034   Code   RO         3298    i.beepInit          beep.o
    0x0800553c   0x0800553c   0x00000016   Code   RO         3301    i.beepOneSecOn      beep.o
    0x08005552   0x08005552   0x00000002   PAD
    0x08005554   0x08005554   0x00000014   Code   RO         3302    i.beepState         beep.o
    0x08005568   0x08005568   0x0000002a   Code   RO         3873    i.buttonInit        button.o
    0x08005592   0x08005592   0x0000001a   Code   RO         3353    i.delay_10ms        rc522.o
    0x080055ac   0x080055ac   0x00000044   Code   RO         3460    i.delay_init        delay.o
    0x080055f0   0x080055f0   0x0000004c   Code   RO         3461    i.delay_ms          delay.o
    0x0800563c   0x0800563c   0x0000004c   Code   RO         4904    i.dupAndToUpper     split.o
    0x08005688   0x08005688   0x000000c4   Code   RO         3172    i.genRandCode       main.o
    0x0800574c   0x0800574c   0x0000009c   Code   RO         4870    i.generator_init    rsecc.o
    0x080057e8   0x080057e8   0x00000078   Code   RO         3852    i.getRND            rand.o
    0x08005860   0x08005860   0x0000009c   Code   RO         3853    i.initRND           rand.o
    0x080058fc   0x080058fc   0x000009ac   Code   RO         3173    i.main              main.o
    0x080062a8   0x080062a8   0x00000030   Code   RO         4140    i.putFinderPattern  mqrspec.o
    0x080062d8   0x080062d8   0x00000030   Code   RO         4787    i.putFinderPattern  qrspec.o
    0x08006308   0x08006308   0x00000046   Code   RO         3725    i.rainbowCycle      ws2812.o
    0x0800634e   0x0800634e   0x00000002   PAD
    0x08006350   0x08006350   0x0000002c   Code   RO         3890    i.relay_init        relay.o
    0x0800637c   0x0800637c   0x00000010   Code   RO         3891    i.relay_off         relay.o
    0x0800638c   0x0800638c   0x00000010   Code   RO         3892    i.relay_on          relay.o
    0x0800639c   0x0800639c   0x00000022   Code   RO         3726    i.setvalue          ws2812.o
    0x080063be   0x080063be   0x00000026   Code   RO         4905    i.strdup            split.o
    0x080063e4   0x080063e4   0x0000003c   Code   RO         3728    i.ws2812bClearAll   ws2812.o
    0x08006420   0x08006420   0x0000012c   Code   RO         3729    i.ws2812bInit       ws2812.o
    0x0800654c   0x0800654c   0x00000030   Code   RO         3730    i.ws2812bSend       ws2812.o
    0x0800657c   0x0800657c   0x000000a0   Code   RO         3731    i.ws2812bSet        ws2812.o
    0x0800661c   0x0800661c   0x0000000e   Code   RO         3732    i.ws2812bSetAll     ws2812.o
    0x0800662a   0x0800662a   0x00001e10   Data   RO         3544    .constdata          oled.o
    0x0800843a   0x0800843a   0x00000002   PAD
    0x0800843c   0x0800843c   0x00000020   Data   RO         3680    .constdata          esp8266.o
    0x0800845c   0x0800845c   0x00000191   Data   RO         4141    .constdata          mqrspec.o
    0x080085ed   0x080085ed   0x00000080   Data   RO         4472    .constdata          qrinput.o
    0x0800866d   0x0800866d   0x00000003   PAD
    0x08008670   0x08008670   0x00000c66   Data   RO         4788    .constdata          qrspec.o
    0x080092d6   0x080092d6   0x00000002   PAD
    0x080092d8   0x080092d8   0x00000020   Data   RO         5262    Region$$Table       anon$$obj.o


    Execution Region ER_RW (Exec base: 0x20000000, Load base: 0x080092f8, Size: 0x000008b4, Max: 0xffffffff, ABSOLUTE, COMPRESSED[0x0000023c])

    Exec Addr    Load Addr    Size         Type   Attr      Idx    E Section Name        Object

    0x20000000   COMPRESSED   0x00000014   Data   RW           28    .data               system_stm32f10x.o
    0x20000014   COMPRESSED   0x00000014   Data   RW         1729    .data               stm32f10x_rcc.o
    0x20000028   COMPRESSED   0x00000844   Data   RW         3176    .data               main.o
    0x2000086c   COMPRESSED   0x00000004   Data   RW         3463    .data               delay.o
    0x20000870   COMPRESSED   0x00000002   Data   RW         3681    .data               esp8266.o
    0x20000872   COMPRESSED   0x0000000a   Data   RW         3736    .data               ws2812.o
    0x2000087c   COMPRESSED   0x00000001   Data   RW         3854    .data               rand.o
    0x2000087d   COMPRESSED   0x00000003   PAD
    0x20000880   COMPRESSED   0x00000020   Data   RW         3990    .data               mask.o
    0x200008a0   COMPRESSED   0x00000010   Data   RW         4087    .data               mmask.o
    0x200008b0   COMPRESSED   0x00000004   Data   RW         4872    .data               rsecc.o


    Execution Region ER_ZI (Exec base: 0x200008b4, Load base: 0x08009534, Size: 0x00003d1c, Max: 0xffffffff, ABSOLUTE)

    Exec Addr    Load Addr    Size         Type   Attr      Idx    E Section Name        Object

    0x200008b4        -       0x00000480   Zero   RW         3543    .bss                oled.o
    0x20000d34        -       0x00000080   Zero   RW         3679    .bss                esp8266.o
    0x20000db4        -       0x0000021c   Zero   RW         3735    .bss                ws2812.o
    0x20000fd0        -       0x000005a0   Zero   RW         4871    .bss                rsecc.o
    0x20001570        -       0x00000060   Zero   RW         5062    .bss                c_w.l(libspace.o)
    0x200015d0        -       0x00001000   Zero   RW            2    HEAP                startup_stm32f10x_md.o
    0x200025d0        -       0x00002000   Zero   RW            1    STACK               startup_stm32f10x_md.o


==============================================================================

Image component sizes


      Code (inc. data)   RO Data    RW Data    ZI Data      Debug   Object Name

        94          8          0          0          0       1410   beep.o
       484          0          0          0          0       6294   bitstream.o
        80          0          0          0          0       1564   button.o
       138          0          0          0          0        907   commonfunction.o
         0          0          0          0          0       4508   core_cm3.o
       144         22          0          4          0       1160   delay.o
       456         38         32          2        128       3741   esp8266.o
      2824        702          0       2116          0       8327   main.o
      1642          8          0         32          0      13874   mask.o
       152         12          0          0          0       1646   misc.o
       692         12          0         16          0       7112   mmask.o
       526         48        401          0          0       7725   mqrspec.o
      1354         56       7696          0       1152      10927   oled.o
      2090          0          0          0          0      15190   qrencode.o
      3744         38        128          0          0      32100   qrinput.o
      1252         70       3174          0          0      11967   qrspec.o
       276         22          0          1          0       1735   rand.o
      1908         28          0          0          0      11974   rc522.o
        76         14          0          0          0       1348   relay.o
       456         56          0          4       1440       3595   rsecc.o
      1302         16          0          0          0      11060   split.o
        64         26        236          0      12288        928   startup_stm32f10x_md.o
       486         24          0          0          0       8958   stm32f10x_adc.o
       494         28          0          0          0       5846   stm32f10x_dma.o
       314          0          0          0          0       4428   stm32f10x_gpio.o
        26          0          0          0          0       3590   stm32f10x_it.o
       340         44          0         20          0       5763   stm32f10x_rcc.o
       918        126          0          0          0       5824   stm32f10x_tim.o
       432          6          0          0          0       5845   stm32f10x_usart.o
       328         28          0         20          0     268897   system_stm32f10x.o
       872         76          0         10        540       6483   ws2812.o

    ----------------------------------------------------------------------
     23990       1508      11706       2228      15548     474726   Object Totals
         0          0         32          0          0          0   (incl. Generated)
        26          0          7          3          0          0   (incl. Padding)

    ----------------------------------------------------------------------

      Code (inc. data)   RO Data    RW Data    ZI Data      Debug   Library Member Name

       100          0          0          0          0          0   __dclz77c.o
         8          0          0          0          0         68   __main.o
         0          0          0          0          0          0   __rtentry.o
        12          0          0          0          0          0   __rtentry2.o
         6          0          0          0          0          0   __rtentry4.o
        52          8          0          0          0          0   __scatter.o
        28          0          0          0          0          0   __scatter_zi.o
        16          0          0          0          0         68   aeabi_memset.o
        40          0          0          0          0         80   calloc.o
        10          0          0          0          0         68   defsig_exit.o
        50          0          0          0          0         88   defsig_general.o
        80         58          0          0          0         76   defsig_rtmem_inner.o
        14          0          0          0          0         80   defsig_rtmem_outer.o
        18          0          0          0          0         80   exit.o
        94          0          0          0          0         80   h1_alloc.o
        52          0          0          0          0         68   h1_extend.o
        78          0          0          0          0         80   h1_free.o
        14          0          0          0          0         84   h1_init.o
       184          0          0          0          0         92   h1_realloc.o
         6          0          0          0          0        152   heapauxi.o
         4          0          0          0          0        136   hguard.o
         0          0          0          0          0          0   indicate_semi.o
       138          0          0          0          0        168   init_alloc.o
         2          0          0          0          0          0   libinit.o
        10          0          0          0          0          0   libinit2.o
         2          0          0          0          0          0   libshutdown.o
         2          0          0          0          0          0   libshutdown2.o
         8          4          0          0         96         68   libspace.o
         0          0          0          0          0          0   maybetermalloc1.o
         8          0          0          0          0         76   memcpy.o
         8          4          0          0          0         68   rt_errno_addr_intlibspace.o
         8          4          0          0          0         68   rt_heap_descriptor_intlibspace.o
        68          0          0          0          0         68   rt_memclr.o
        78          0          0          0          0         80   rt_memclr_w.o
       138          0          0          0          0         68   rt_memcpy_v6.o
       100          0          0          0          0         80   rt_memcpy_w.o
       132          0          0          0          0         68   rt_memmove_v6.o
       122          0          0          0          0         80   rt_memmove_w.o
         2          0          0          0          0          0   rtexit.o
        10          0          0          0          0          0   rtexit2.o
        24          0          0          0          0         68   strcat.o
        62          0          0          0          0         76   strlen.o
        36          0          0          0          0         80   strstr.o
        12          4          0          0          0         68   sys_exit.o
        74          0          0          0          0         80   sys_stackheap_outer.o
        14          0          0          0          0         76   sys_wrch.o
         2          0          0          0          0         68   use_no_semi.o

    ----------------------------------------------------------------------
      1928         82          0          0         96       2708   Library Totals
         2          0          0          0          0          0   (incl. Padding)

    ----------------------------------------------------------------------

      Code (inc. data)   RO Data    RW Data    ZI Data      Debug   Library Name

      1926         82          0          0         96       2708   c_w.l

    ----------------------------------------------------------------------
      1928         82          0          0         96       2708   Library Totals

    ----------------------------------------------------------------------

==============================================================================


      Code (inc. data)   RO Data    RW Data    ZI Data      Debug   

     25918       1590      11706       2228      15644     463286   Grand Totals
     25918       1590      11706        572      15644     463286   ELF Image Totals (compressed)
     25918       1590      11706        572          0          0   ROM Totals

==============================================================================

    Total RO  Size (Code + RO Data)                37624 (  36.74kB)
    Total RW  Size (RW Data + ZI Data)             17872 (  17.45kB)
    Total ROM Size (Code + RO Data + RW Data)      38196 (  37.30kB)

==============================================================================

