<html>
<body>
<pre>
<h1>µVision Build Log</h1>
<h2>Tool Versions:</h2>
IDE-Version: ¦ÌVision V5.34.0.0
Copyright (C) 2021 ARM Ltd and ARM Germany GmbH. All rights reserved.
License Information: KiraYuukiAsuna KiraYuukiAsuna, None, LIC=NQQNN-YQ324-MMV9I-T2A2W-49UMY-2HGVL
 
Tool Versions:
Toolchain:       MDK-ARM Plus  Version: 5.34.0.0
Toolchain Path:  C:\Keil_v5\ARM\ARMCC\Bin
C Compiler:      Armcc.exe V5.06 update 7 (build 960)
Assembler:       Armasm.exe V5.06 update 7 (build 960)
Linker/Locator:  ArmLink.exe V5.06 update 7 (build 960)
Library Manager: ArmAr.exe V5.06 update 7 (build 960)
Hex Converter:   FromElf.exe V5.06 update 7 (build 960)
CPU DLL:         SARMCM3.DLL V5.34.0.0
Dialog DLL:      DARMSTM.DLL V1.68.0.0
Target DLL:      STLink\ST-LINKIII-KEIL_SWO.dll V3.0.8.0
Dialog DLL:      DARMSTM.DLL V1.68.0.0
 
<h2>Project:</h2>
D:\CodeRepository\IDE\Keil5\STM32\RC522Project\USER\RC522Project.uvprojx
Project File Date:  05/26/2021

<h2>Output:</h2>
  
Warning: *** SUPPORT EXPIRED, NEW PRODUCT SERIAL NUMBER REQUIRED ***
         *** Running with Code Size Limit: 32K                   ***
*** Using Compiler 'V5.06 update 7 (build 960)', folder: 'C:\Keil_v5\ARM\ARMCC\Bin'
Rebuild target 'RC522Project'
assembling startup_stm32f10x_md.s...
compiling core_cm3.c...
compiling stm32f10x_bkp.c...
compiling stm32f10x_dbgmcu.c...
compiling misc.c...
compiling system_stm32f10x.c...
compiling stm32f10x_dac.c...
compiling stm32f10x_crc.c...
compiling stm32f10x_cec.c...
compiling stm32f10x_adc.c...
compiling stm32f10x_can.c...
compiling stm32f10x_dma.c...
compiling stm32f10x_exti.c...
compiling stm32f10x_pwr.c...
compiling stm32f10x_iwdg.c...
compiling stm32f10x_gpio.c...
compiling stm32f10x_rtc.c...
compiling stm32f10x_flash.c...
compiling stm32f10x_i2c.c...
compiling stm32f10x_fsmc.c...
compiling stm32f10x_rcc.c...
compiling stm32f10x_spi.c...
compiling stm32f10x_sdio.c...
compiling test.c...
compiling usart.c...
compiling stm32f10x_tim.c...
compiling stm32f10x_wwdg.c...
compiling stm32f10x_it.c...
compiling stm32f10x_usart.c...
compiling delay.c...
compiling beep.c...
compiling RC522.C...
compiling main.c...
main.c(423): warning:  #1-D: last line of file ends without a newline
  }
main.c: 1 warning, 0 errors
compiling sys.c...
compiling oled.c...
compiling esp8266.c...
compiling bitstream.c...
compiling mmask.c...
compiling mqrspec.c...
compiling ws2812.c...
compiling mask.c...
compiling servo.c...
compiling commonfunction.c...
compiling relay.c...
compiling qrencode.c...
..\AdditionalLib\libqrencode-4.1.1\qrencode.c(448): warning:  #186-D: pointless comparison of unsigned integer with zero
  	if(!(input->level >= QR_ECLEVEL_L && input->level <= QR_ECLEVEL_H)) {
..\AdditionalLib\libqrencode-4.1.1\qrencode.c(536): warning:  #186-D: pointless comparison of unsigned integer with zero
  	if(!(input->level >= QR_ECLEVEL_L && input->level <= QR_ECLEVEL_Q)) {
..\AdditionalLib\libqrencode-4.1.1\qrencode.c: 2 warnings, 0 errors
compiling button.c...
compiling rand.c...
compiling rsecc.c...
compiling split.c...
compiling qrspec.c...
compiling qrinput.c...
..\AdditionalLib\libqrencode-4.1.1\qrinput.c(120): warning:  #186-D: pointless comparison of unsigned integer with zero
  	if(version < 0 || version > QRSPEC_VERSION_MAX || level < 0 || level > QR_ECLEVEL_H) {
..\AdditionalLib\libqrencode-4.1.1\qrinput.c: 1 warning, 0 errors
linking...
Program Size: Code=25918 RO-data=11706 RW-data=2228 ZI-data=15644  
FromELF: creating hex file...
".\Objects\RC522Project.axf" - 0 Error(s), 5 Warning(s).

<h2>Software Packages used:</h2>

Package Vendor: Keil
                http://www.keil.com/pack/Keil.STM32F1xx_DFP.2.3.0.pack
                Keil.STM32F1xx_DFP.2.3.0
                STMicroelectronics STM32F1 Series Device Support, Drivers and Examples

<h2>Collection of Component include folders:</h2>
  C:\Users\KiraY\AppData\Local\Arm\Packs\Keil\STM32F1xx_DFP\2.3.0\Device\Include

<h2>Collection of Component Files used:</h2>
Build Time Elapsed:  00:00:02
</pre>
</body>
</html>
